D:/anh_khoa/document/project/baobuibk-SpaceLiin_Satellite_M33_FW_1.1.0/SRC/01_DEV/M0_App/OS/Kernel/rtos.c:14:6:EXP_RTOS_Start	8	static
D:/anh_khoa/document/project/baobuibk-SpaceLiin_Satellite_M33_FW_1.1.0/SRC/01_DEV/M0_App/OS/Kernel/rtos.c:22:6:vApplicationStackOverflowHook	16	static
D:/anh_khoa/document/project/baobuibk-SpaceLiin_Satellite_M33_FW_1.1.0/SRC/01_DEV/M0_App/OS/Kernel/rtos.c:27:6:vApplicationMallocFailedHook	4	static
D:/anh_khoa/document/project/baobuibk-SpaceLiin_Satellite_M33_FW_1.1.0/SRC/01_DEV/M0_App/OS/Kernel/rtos.c:33:6:vApplicationIdleHook	4	static
D:/anh_khoa/document/project/baobuibk-SpaceLiin_Satellite_M33_FW_1.1.0/SRC/01_DEV/M0_App/OS/Kernel/rtos.c:39:6:vApplicationTickHook	16	static
D:/anh_khoa/document/project/baobuibk-SpaceLiin_Satellite_M33_FW_1.1.0/SRC/01_DEV/M0_App/OS/Kernel/rtos.c:51:6:vApplicationGetIdleTaskMemory	24	static
D:/anh_khoa/document/project/baobuibk-SpaceLiin_Satellite_M33_FW_1.1.0/SRC/01_DEV/M0_App/OS/Kernel/rtos.c:63:6:vApplicationGetTimerTaskMemory	24	static
