Archive member included to satisfy reference by file (symbol)

C:/Users/Admin/.mcuxpressotools/arm-gnu-toolchain-14.2.rel1-mingw-w64-x86_64-arm-none-eabi/bin/../lib/gcc/arm-none-eabi/14.2.1/thumb/v8-m.main+fp/hard\libgcc.a(_arm_muldf3.o)
                              CMakeFiles/payexp_m33.elf.dir/D_/IMX93/PROJECT/mcimx93evk_freertos_hello/SRC/01_DEV/M2_BSP/bsp_peripheral/bsp_laser/bsp_laser.c.obj (__aeabi_dmul)
C:/Users/Admin/.mcuxpressotools/arm-gnu-toolchain-14.2.rel1-mingw-w64-x86_64-arm-none-eabi/bin/../lib/gcc/arm-none-eabi/14.2.1/thumb/v8-m.main+fp/hard\libgcc.a(_arm_addsubdf3.o)
                              CMakeFiles/payexp_m33.elf.dir/D_/IMX93/PROJECT/mcimx93evk_freertos_hello/SRC/01_DEV/M4_Middlewares/printf/printf.c.obj (__aeabi_dsub)
C:/Users/Admin/.mcuxpressotools/arm-gnu-toolchain-14.2.rel1-mingw-w64-x86_64-arm-none-eabi/bin/../lib/gcc/arm-none-eabi/14.2.1/thumb/v8-m.main+fp/hard\libgcc.a(_arm_muldivdf3.o)
                              CMakeFiles/payexp_m33.elf.dir/D_/IMX93/PROJECT/mcimx93evk_freertos_hello/SRC/01_DEV/M4_Middlewares/printf/printf.c.obj (__aeabi_ddiv)
C:/Users/Admin/.mcuxpressotools/arm-gnu-toolchain-14.2.rel1-mingw-w64-x86_64-arm-none-eabi/bin/../lib/gcc/arm-none-eabi/14.2.1/thumb/v8-m.main+fp/hard\libgcc.a(_arm_cmpdf2.o)
                              CMakeFiles/payexp_m33.elf.dir/D_/IMX93/PROJECT/mcimx93evk_freertos_hello/SRC/01_DEV/M4_Middlewares/printf/printf.c.obj (__aeabi_dcmpeq)
C:/Users/Admin/.mcuxpressotools/arm-gnu-toolchain-14.2.rel1-mingw-w64-x86_64-arm-none-eabi/bin/../lib/gcc/arm-none-eabi/14.2.1/thumb/v8-m.main+fp/hard\libgcc.a(_arm_fixdfsi.o)
                              CMakeFiles/payexp_m33.elf.dir/D_/IMX93/PROJECT/mcimx93evk_freertos_hello/SRC/01_DEV/M4_Middlewares/printf/printf.c.obj (__aeabi_d2iz)
C:/Users/Admin/.mcuxpressotools/arm-gnu-toolchain-14.2.rel1-mingw-w64-x86_64-arm-none-eabi/bin/../lib/gcc/arm-none-eabi/14.2.1/thumb/v8-m.main+fp/hard\libgcc.a(_arm_fixunsdfsi.o)
                              CMakeFiles/payexp_m33.elf.dir/D_/IMX93/PROJECT/mcimx93evk_freertos_hello/SRC/01_DEV/M2_BSP/bsp_peripheral/bsp_onboard_adc/bsp_onboard_adc.c.obj (__aeabi_d2uiz)
C:/Users/Admin/.mcuxpressotools/arm-gnu-toolchain-14.2.rel1-mingw-w64-x86_64-arm-none-eabi/bin/../lib/gcc/arm-none-eabi/14.2.1/thumb/v8-m.main+fp/hard\libgcc.a(_arm_truncdfsf2.o)
                              CMakeFiles/payexp_m33.elf.dir/D_/IMX93/PROJECT/mcimx93evk_freertos_hello/SRC/01_DEV/M1_SysApp/task_temperature/app_temperature.c.obj (__aeabi_d2f)
C:/Users/Admin/.mcuxpressotools/arm-gnu-toolchain-14.2.rel1-mingw-w64-x86_64-arm-none-eabi/bin/../lib/gcc/arm-none-eabi/14.2.1/thumb/v8-m.main+fp/hard\libgcc.a(_aeabi_ldivmod.o)
                              CMakeFiles/payexp_m33.elf.dir/D_/IMX93/PROJECT/mcimx93evk_freertos_hello/SRC/01_DEV/M3_Devices/devices/LT8722/lt8722.c.obj (__aeabi_ldivmod)
C:/Users/Admin/.mcuxpressotools/arm-gnu-toolchain-14.2.rel1-mingw-w64-x86_64-arm-none-eabi/bin/../lib/gcc/arm-none-eabi/14.2.1/thumb/v8-m.main+fp/hard\libgcc.a(_aeabi_uldivmod.o)
                              CMakeFiles/payexp_m33.elf.dir/D_/IMX93/PROJECT/mcimx93evk_freertos_hello/SRC/01_DEV/M2_BSP/bsp_peripheral/bsp_photo/bsp_photo.c.obj (__aeabi_uldivmod)
C:/Users/Admin/.mcuxpressotools/arm-gnu-toolchain-14.2.rel1-mingw-w64-x86_64-arm-none-eabi/bin/../lib/gcc/arm-none-eabi/14.2.1/thumb/v8-m.main+fp/hard\libgcc.a(_udivmoddi4.o)
                              C:/Users/Admin/.mcuxpressotools/arm-gnu-toolchain-14.2.rel1-mingw-w64-x86_64-arm-none-eabi/bin/../lib/gcc/arm-none-eabi/14.2.1/thumb/v8-m.main+fp/hard\libgcc.a(_aeabi_ldivmod.o) (__udivmoddi4)
C:/Users/Admin/.mcuxpressotools/arm-gnu-toolchain-14.2.rel1-mingw-w64-x86_64-arm-none-eabi/bin/../lib/gcc/arm-none-eabi/14.2.1/thumb/v8-m.main+fp/hard\libgcc.a(_dvmd_tls.o)
                              C:/Users/Admin/.mcuxpressotools/arm-gnu-toolchain-14.2.rel1-mingw-w64-x86_64-arm-none-eabi/bin/../lib/gcc/arm-none-eabi/14.2.1/thumb/v8-m.main+fp/hard\libgcc.a(_aeabi_ldivmod.o) (__aeabi_ldiv0)
C:/Users/Admin/.mcuxpressotools/arm-gnu-toolchain-14.2.rel1-mingw-w64-x86_64-arm-none-eabi/bin/../lib/gcc/arm-none-eabi/14.2.1/thumb/v8-m.main+fp/hard\libc_nano.a(libc_a-exit.o)
                              C:/Users/Admin/.mcuxpressotools/arm-gnu-toolchain-14.2.rel1-mingw-w64-x86_64-arm-none-eabi/bin/../lib/gcc/arm-none-eabi/14.2.1/thumb/v8-m.main+fp/hard/crt0.o (exit)
C:/Users/Admin/.mcuxpressotools/arm-gnu-toolchain-14.2.rel1-mingw-w64-x86_64-arm-none-eabi/bin/../lib/gcc/arm-none-eabi/14.2.1/thumb/v8-m.main+fp/hard\libc_nano.a(libc_a-malloc.o)
                              CMakeFiles/payexp_m33.elf.dir/D_/PROJECT/XpressoSDK/SDK_2_14_0_MIMX9352xxxxK/devices/MIMX9352/drivers/fsl_common.c.obj (malloc)
C:/Users/Admin/.mcuxpressotools/arm-gnu-toolchain-14.2.rel1-mingw-w64-x86_64-arm-none-eabi/bin/../lib/gcc/arm-none-eabi/14.2.1/thumb/v8-m.main+fp/hard\libc_nano.a(libc_a-mallocr.o)
[...]
Memory Configuration

Name             Origin             Length             Attributes
m_interrupts     0x0ffe0000         0x00000478         xr
m_text           0x0ffe0478         0x0001fb88         xr
m_m33_suspend_ram 0x20000000         0x00002000         rw
m_a55_suspend_ram 0x20002000         0x00001000         rw
m_data           0x20003000         0x0001c000         rw
m_rsc_tbl        0xa401f000         0x00001000         rw
RPMSG_SMEM       0xa4220000         0x08000000         xrw
*default*        0x00000000         0xffffffff

Linker script and memory map

LOAD C:/Users/Admin/.mcuxpressotools/arm-gnu-toolchain-14.2.rel1-mingw-w64-x86_64-arm-none-eabi/bin/../lib/gcc/arm-none-eabi/14.2.1/thumb/v8-m.main+fp/hard/crti.o
LOAD C:/Users/Admin/.mcuxpressotools/arm-gnu-toolchain-14.2.rel1-mingw-w64-x86_64-arm-none-eabi/bin/../lib/gcc/arm-none-eabi/14.2.1/thumb/v8-m.main+fp/hard/crtbegin.o
LOAD C:/Users/Admin/.mcuxpressotools/arm-gnu-toolchain-14.2.rel1-mingw-w64-x86_64-arm-none-eabi/bin/../lib/gcc/arm-none-eabi/14.2.1/thumb/v8-m.main+fp/hard/crt0.o
LOAD CMakeFiles/payexp_m33.elf.dir/D_/IMX93/PROJECT/mcimx93evk_freertos_hello/SRC/Core/Src/board.c.obj
LOAD CMakeFiles/payexp_m33.elf.dir/D_/IMX93/PROJECT/mcimx93evk_freertos_hello/SRC/Core/Src/clock_config.c.obj
LOAD CMakeFiles/payexp_m33.elf.dir/D_/IMX93/PROJECT/mcimx93evk_freertos_hello/SRC/Core/Src/main.c.obj
LOAD CMakeFiles/payexp_m33.elf.dir/D_/IMX93/PROJECT/mcimx93evk_freertos_hello/SRC/Core/Src/MIMX9352cm33_it.c.obj
LOAD CMakeFiles/payexp_m33.elf.dir/D_/IMX93/PROJECT/mcimx93evk_freertos_hello/SRC/Core/Src/pin_mux.c.obj
LOAD CMakeFiles/payexp_m33.elf.dir/D_/IMX93/PROJECT/mcimx93evk_freertos_hello/SRC/01_DEV/M0_App/Boot/boot_manager.c.obj
LOAD CMakeFiles/payexp_m33.elf.dir/D_/IMX93/PROJECT/mcimx93evk_freertos_hello/SRC/01_DEV/M0_App/OS/Kernel/rtos.c.obj
LOAD CMakeFiles/payexp_m33.elf.dir/D_/IMX93/PROJECT/mcimx93evk_freertos_hello/SRC/01_DEV/M0_App/OS/Task/rtos_tasks.c.obj
LOAD CMakeFiles/payexp_m33.elf.dir/D_/IMX93/PROJECT/mcimx93evk_freertos_hello/SRC/01_DEV/M1_SysApp/Interface/RemoteCall/remote_call.c.obj
LOAD CMakeFiles/payexp_m33.elf.dir/D_/IMX93/PROJECT/mcimx93evk_freertos_hello/SRC/01_DEV/M1_SysApp/Interface/SimpleShell/simple_shell.c.obj
LOAD CMakeFiles/payexp_m33.elf.dir/D_/IMX93/PROJECT/mcimx93evk_freertos_hello/SRC/01_DEV/M1_SysApp/system_data/m33_command.c.obj
LOAD CMakeFiles/payexp_m33.elf.dir/D_/IMX93/PROJECT/mcimx93evk_freertos_hello/SRC/01_DEV/M1_SysApp/system_data/m33_data.c.obj
LOAD CMakeFiles/payexp_m33.elf.dir/D_/IMX93/PROJECT/mcimx93evk_freertos_hello/SRC/01_DEV/M1_SysApp/system_data/command_list.c.obj
LOAD CMakeFiles/payexp_m33.elf.dir/D_/IMX93/PROJECT/mcimx93evk_freertos_hello/SRC/01_DEV/M1_SysApp/task_update_onboard_adc/task_update_onboard_adc.c.obj
LOAD CMakeFiles/payexp_m33.elf.dir/D_/IMX93/PROJECT/mcimx93evk_freertos_hello/SRC/01_DEV/M1_SysApp/task_temperature/app_temperature.c.obj
LOAD CMakeFiles/payexp_m33.elf.dir/D_/IMX93/PROJECT/mcimx93evk_freertos_hello/SRC/01_DEV/M1_SysApp/task_experiment/task_experiment.c.obj
LOAD CMakeFiles/payexp_m33.elf.dir/D_/IMX93/PROJECT/mcimx93evk_freertos_hello/SRC/01_DEV/M1_SysApp/task_system_control/task_system_control.c.obj
LOAD CMakeFiles/payexp_m33.elf.dir/D_/IMX93/PROJECT/mcimx93evk_freertos_hello/SRC/01_DEV/M2_BSP/remoteproc/m33_remoteproc.c.obj
LOAD CMakeFiles/payexp_m33.elf.dir/D_/IMX93/PROJECT/mcimx93evk_freertos_hello/SRC/01_DEV/M2_BSP/remoteproc/rsc_table.c.obj
LOAD CMakeFiles/payexp_m33.elf.dir/D_/IMX93/PROJECT/mcimx93evk_freertos_hello/SRC/01_DEV/M2_BSP/rpmsg/m33_rpmsg.c.obj
LOAD CMakeFiles/payexp_m33.elf.dir/D_/IMX93/PROJECT/mcimx93evk_freertos_hello/SRC/01_DEV/M2_BSP/bsp_board/bsp.c.obj
LOAD CMakeFiles/payexp_m33.elf.dir/D_/IMX93/PROJECT/mcimx93evk_freertos_hello/SRC/01_DEV/M2_BSP/bsp_core/bsp_core.c.obj
LOAD CMakeFiles/payexp_m33.elf.dir/D_/IMX93/PROJECT/mcimx93evk_freertos_hello/SRC/01_DEV/M2_BSP/bsp_peripheral/bsp_debug_console/bsp_debug_console.c.obj
LOAD CMakeFiles/payexp_m33.elf.dir/D_/IMX93/PROJECT/mcimx93evk_freertos_hello/SRC/01_DEV/M2_BSP/bsp_peripheral/bsp_expander/bsp_expander.c.obj
LOAD CMakeFiles/payexp_m33.elf.dir/D_/IMX93/PROJECT/mcimx93evk_freertos_hello/SRC/01_DEV/M2_BSP/bsp_peripheral/bsp_heater/bsp_heater.c.obj
LOAD CMakeFiles/payexp_m33.elf.dir/D_/IMX93/PROJECT/mcimx93evk_freertos_hello/SRC/01_DEV/M2_BSP/bsp_peripheral/bsp_i2c_sensor/bsp_i2c_sensor.c.obj
LOAD CMakeFiles/payexp_m33.elf.dir/D_/IMX93/PROJECT/mcimx93evk_freertos_hello/SRC/01_DEV/M2_BSP/bsp_peripheral/bsp_laser/bsp_laser.c.obj
LOAD CMakeFiles/payexp_m33.elf.dir/D_/IMX93/PROJECT/mcimx93evk_freertos_hello/SRC/01_DEV/M2_BSP/bsp_peripheral/bsp_onboard_adc/bsp_onboard_adc.c.obj
LOAD CMakeFiles/payexp_m33.elf.dir/D_/IMX93/PROJECT/mcimx93evk_freertos_hello/SRC/01_DEV/M2_BSP/bsp_peripheral/bsp_photo/bsp_photo.c.obj
LOAD CMakeFiles/payexp_m33.elf.dir/D_/IMX93/PROJECT/mcimx93evk_freertos_hello/SRC/01_DEV/M2_BSP/bsp_peripheral/bsp_power/bsp_power.c.obj
LOAD CMakeFiles/payexp_m33.elf.dir/D_/IMX93/PROJECT/mcimx93evk_freertos_hello/SRC/01_DEV/M2_BSP/bsp_peripheral/bsp_spi_sensor/bsp_spi_sensor.c.obj
LOAD CMakeFiles/payexp_m33.elf.dir/D_/IMX93/PROJECT/mcimx93evk_freertos_hello/SRC/01_DEV/M2_BSP/bsp_peripheral/bsp_pump/bsp_pump.c.obj
LOAD CMakeFiles/payexp_m33.elf.dir/D_/IMX93/PROJECT/mcimx93evk_freertos_hello/SRC/01_DEV/M2_BSP/bsp_peripheral/bsp_solenoid/bsp_solenoid.c.obj
LOAD CMakeFiles/payexp_m33.elf.dir/D_/IMX93/PROJECT/mcimx93evk_freertos_hello/SRC/01_DEV/M3_Devices/components/delay/nxp/nxp_delay.c.obj
LOAD CMakeFiles/payexp_m33.elf.dir/D_/IMX93/PROJECT/mcimx93evk_freertos_hello/SRC/01_DEV/M3_Devices/components/dio/nxp/do.c.obj
LOAD CMakeFiles/payexp_m33.elf.dir/D_/IMX93/PROJECT/mcimx93evk_freertos_hello/SRC/01_DEV/M3_Devices/components/spi/spi_io.c.obj
LOAD CMakeFiles/payexp_m33.elf.dir/D_/IMX93/PROJECT/mcimx93evk_freertos_hello/SRC/01_DEV/M3_Devices/components/spi/nxp/spi_io_nxp.c.obj
LOAD CMakeFiles/payexp_m33.elf.dir/D_/IMX93/PROJECT/mcimx93evk_freertos_hello/SRC/01_DEV/M3_Devices/components/i2c/i2c_io.c.obj
LOAD CMakeFiles/payexp_m33.elf.dir/D_/IMX93/PROJECT/mcimx93evk_freertos_hello/SRC/01_DEV/M3_Devices/components/i2c/nxp/nxp_i2c_io.c.obj
LOAD CMakeFiles/payexp_m33.elf.dir/D_/IMX93/PROJECT/mcimx93evk_freertos_hello/SRC/01_DEV/M3_Devices/components/ntc/ntc.c.obj
LOAD CMakeFiles/payexp_m33.elf.dir/D_/IMX93/PROJECT/mcimx93evk_freertos_hello/SRC/01_DEV/M3_Devices/components/sp_spi/port/NXP/sp_spi_port.c.obj
LOAD CMakeFiles/payexp_m33.elf.dir/D_/IMX93/PROJECT/mcimx93evk_freertos_hello/SRC/01_DEV/M3_Devices/components/sp_gpio/port/NXP/sp_gpio_port.c.obj
LOAD CMakeFiles/payexp_m33.elf.dir/D_/IMX93/PROJECT/mcimx93evk_freertos_hello/SRC/01_DEV/M3_Devices/components/sp_uart/port/NXP/sp_uart_port.c.obj
LOAD CMakeFiles/payexp_m33.elf.dir/D_/IMX93/PROJECT/mcimx93evk_freertos_hello/SRC/01_DEV/M3_Devices/devices/AD4114/ad4114.c.obj
LOAD CMakeFiles/payexp_m33.elf.dir/D_/IMX93/PROJECT/mcimx93evk_freertos_hello/SRC/01_DEV/M3_Devices/devices/ADG1414BR/adg1414.c.obj
LOAD CMakeFiles/payexp_m33.elf.dir/D_/IMX93/PROJECT/mcimx93evk_freertos_hello/SRC/01_DEV/M3_Devices/devices/AS3004204/as3004.c.obj
LOAD CMakeFiles/payexp_m33.elf.dir/D_/IMX93/PROJECT/mcimx93evk_freertos_hello/SRC/01_DEV/M3_Devices/devices/LT8722/lt8722.c.obj
LOAD CMakeFiles/payexp_m33.elf.dir/D_/IMX93/PROJECT/mcimx93evk_freertos_hello/SRC/01_DEV/M3_Devices/devices/MCP4902/mcp4902.c.obj
LOAD CMakeFiles/payexp_m33.elf.dir/D_/IMX93/PROJECT/mcimx93evk_freertos_hello/SRC/01_DEV/M3_Devices/devices/pca9685/pca9685.c.obj
LOAD CMakeFiles/payexp_m33.elf.dir/D_/IMX93/PROJECT/mcimx93evk_freertos_hello/SRC/01_DEV/M3_Devices/devices/RV3129/rv3129.c.obj
LOAD CMakeFiles/payexp_m33.elf.dir/D_/IMX93/PROJECT/mcimx93evk_freertos_hello/SRC/01_DEV/M3_Devices/devices/tca6416/tca6416.c.obj
LOAD CMakeFiles/payexp_m33.elf.dir/D_/IMX93/PROJECT/mcimx93evk_freertos_hello/SRC/01_DEV/M3_Devices/devices/BMP390/bmp390.c.obj
LOAD CMakeFiles/payexp_m33.elf.dir/D_/IMX93/PROJECT/mcimx93evk_freertos_hello/SRC/01_DEV/M3_Devices/devices/slf3s_flow/sl3s_flow.c.obj
LOAD CMakeFiles/payexp_m33.elf.dir/D_/IMX93/PROJECT/mcimx93evk_freertos_hello/SRC/01_DEV/M4_Middlewares/os/freertos/osDelay.c.obj
LOAD CMakeFiles/payexp_m33.elf.dir/D_/IMX93/PROJECT/mcimx93evk_freertos_hello/SRC/01_DEV/M4_Middlewares/os/freertos/osMalloc.c.obj
LOAD CMakeFiles/payexp_m33.elf.dir/D_/IMX93/PROJECT/mcimx93evk_freertos_hello/SRC/01_DEV/M4_Middlewares/os/freertos/osQueue.c.obj
LOAD CMakeFiles/payexp_m33.elf.dir/D_/IMX93/PROJECT/mcimx93evk_freertos_hello/SRC/01_DEV/M4_Middlewares/os/freertos/osScheduler.c.obj
LOAD CMakeFiles/payexp_m33.elf.dir/D_/IMX93/PROJECT/mcimx93evk_freertos_hello/SRC/01_DEV/M4_Middlewares/os/freertos/osSemphr.c.obj
LOAD CMakeFiles/payexp_m33.elf.dir/D_/IMX93/PROJECT/mcimx93evk_freertos_hello/SRC/01_DEV/M4_Middlewares/os/freertos/osThread.c.obj
LOAD CMakeFiles/payexp_m33.elf.dir/D_/IMX93/PROJECT/mcimx93evk_freertos_hello/SRC/01_DEV/M4_Middlewares/printf/printf.c.obj
LOAD CMakeFiles/payexp_m33.elf.dir/D_/IMX93/PROJECT/mcimx93evk_freertos_hello/SRC/01_DEV/M4_Middlewares/ring_char_buffer/ring_char_buffer.c.obj
LOAD CMakeFiles/payexp_m33.elf.dir/D_/IMX93/PROJECT/mcimx93evk_freertos_hello/SRC/01_DEV/M4_Middlewares/ring_buffer/ring_buffer.c.obj
LOAD CMakeFiles/payexp_m33.elf.dir/D_/PROJECT/XpressoSDK/SDK_2_14_0_MIMX9352xxxxK/components/lists/fsl_component_generic_list.c.obj
LOAD CMakeFiles/payexp_m33.elf.dir/D_/PROJECT/XpressoSDK/SDK_2_14_0_MIMX9352xxxxK/components/uart/fsl_adapter_lpuart.c.obj
LOAD CMakeFiles/payexp_m33.elf.dir/D_/PROJECT/XpressoSDK/SDK_2_14_0_MIMX9352xxxxK/components/serial_manager/fsl_component_serial_manager.c.obj
LOAD CMakeFiles/payexp_m33.elf.dir/D_/PROJECT/XpressoSDK/SDK_2_14_0_MIMX9352xxxxK/components/serial_manager/fsl_component_serial_port_uart.c.obj
LOAD CMakeFiles/payexp_m33.elf.dir/D_/PROJECT/XpressoSDK/SDK_2_14_0_MIMX9352xxxxK/devices/MIMX9352/system_MIMX9352_cm33.c.obj
LOAD CMakeFiles/payexp_m33.elf.dir/D_/PROJECT/XpressoSDK/SDK_2_14_0_MIMX9352xxxxK/devices/MIMX9352/gcc/startup_MIMX9352_cm33.S.obj
LOAD CMakeFiles/payexp_m33.elf.dir/D_/PROJECT/XpressoSDK/SDK_2_14_0_MIMX9352xxxxK/devices/MIMX9352/drivers/fsl_cache.c.obj
LOAD CMakeFiles/payexp_m33.elf.dir/D_/PROJECT/XpressoSDK/SDK_2_14_0_MIMX9352xxxxK/devices/MIMX9352/drivers/fsl_clock.c.obj
LOAD CMakeFiles/payexp_m33.elf.dir/D_/PROJECT/XpressoSDK/SDK_2_14_0_MIMX9352xxxxK/devices/MIMX9352/drivers/fsl_common.c.obj
LOAD CMakeFiles/payexp_m33.elf.dir/D_/PROJECT/XpressoSDK/SDK_2_14_0_MIMX9352xxxxK/devices/MIMX9352/drivers/fsl_common_arm.c.obj
LOAD CMakeFiles/payexp_m33.elf.dir/D_/PROJECT/XpressoSDK/SDK_2_14_0_MIMX9352xxxxK/devices/MIMX9352/drivers/fsl_flexcan.c.obj
LOAD CMakeFiles/payexp_m33.elf.dir/D_/PROJECT/XpressoSDK/SDK_2_14_0_MIMX9352xxxxK/devices/MIMX9352/drivers/fsl_lpi2c.c.obj
LOAD CMakeFiles/payexp_m33.elf.dir/D_/PROJECT/XpressoSDK/SDK_2_14_0_MIMX9352xxxxK/devices/MIMX9352/drivers/fsl_lpspi.c.obj
LOAD CMakeFiles/payexp_m33.elf.dir/D_/PROJECT/XpressoSDK/SDK_2_14_0_MIMX9352xxxxK/devices/MIMX9352/drivers/fsl_lptmr.c.obj
LOAD CMakeFiles/payexp_m33.elf.dir/D_/PROJECT/XpressoSDK/SDK_2_14_0_MIMX9352xxxxK/devices/MIMX9352/drivers/fsl_lpuart.c.obj
LOAD CMakeFiles/payexp_m33.elf.dir/D_/PROJECT/XpressoSDK/SDK_2_14_0_MIMX9352xxxxK/devices/MIMX9352/drivers/fsl_mu.c.obj
LOAD CMakeFiles/payexp_m33.elf.dir/D_/PROJECT/XpressoSDK/SDK_2_14_0_MIMX9352xxxxK/devices/MIMX9352/drivers/fsl_rgpio.c.obj
LOAD CMakeFiles/payexp_m33.elf.dir/D_/PROJECT/XpressoSDK/SDK_2_14_0_MIMX9352xxxxK/devices/MIMX9352/drivers/fsl_sentinel.c.obj
LOAD CMakeFiles/payexp_m33.elf.dir/D_/PROJECT/XpressoSDK/SDK_2_14_0_MIMX9352xxxxK/devices/MIMX9352/drivers/fsl_tpm.c.obj
LOAD CMakeFiles/payexp_m33.elf.dir/D_/PROJECT/XpressoSDK/SDK_2_14_0_MIMX9352xxxxK/rtos/freertos/freertos-kernel/croutine.c.obj
LOAD CMakeFiles/payexp_m33.elf.dir/D_/PROJECT/XpressoSDK/SDK_2_14_0_MIMX9352xxxxK/rtos/freertos/freertos-kernel/event_groups.c.obj
LOAD CMakeFiles/payexp_m33.elf.dir/D_/PROJECT/XpressoSDK/SDK_2_14_0_MIMX9352xxxxK/rtos/freertos/freertos-kernel/list.c.obj
LOAD CMakeFiles/payexp_m33.elf.dir/D_/PROJECT/XpressoSDK/SDK_2_14_0_MIMX9352xxxxK/rtos/freertos/freertos-kernel/queue.c.obj
LOAD CMakeFiles/payexp_m33.elf.dir/D_/PROJECT/XpressoSDK/SDK_2_14_0_MIMX9352xxxxK/rtos/freertos/freertos-kernel/stream_buffer.c.obj
LOAD CMakeFiles/payexp_m33.elf.dir/D_/PROJECT/XpressoSDK/SDK_2_14_0_MIMX9352xxxxK/rtos/freertos/freertos-kernel/tasks.c.obj
LOAD CMakeFiles/payexp_m33.elf.dir/D_/PROJECT/XpressoSDK/SDK_2_14_0_MIMX9352xxxxK/rtos/freertos/freertos-kernel/timers.c.obj
LOAD CMakeFiles/payexp_m33.elf.dir/D_/PROJECT/XpressoSDK/SDK_2_14_0_MIMX9352xxxxK/rtos/freertos/freertos-kernel/portable/GCC/ARM_CM33_NTZ/non_secure/port.c.obj
LOAD CMakeFiles/payexp_m33.elf.dir/D_/PROJECT/XpressoSDK/SDK_2_14_0_MIMX9352xxxxK/rtos/freertos/freertos-kernel/portable/GCC/ARM_CM33_NTZ/non_secure/portasm.c.obj
LOAD CMakeFiles/payexp_m33.elf.dir/D_/PROJECT/XpressoSDK/SDK_2_14_0_MIMX9352xxxxK/rtos/freertos/freertos-kernel/portable/MemMang/heap_4.c.obj
LOAD CMakeFiles/payexp_m33.elf.dir/D_/PROJECT/XpressoSDK/SDK_2_14_0_MIMX9352xxxxK/middleware/multicore/rpmsg_lite/lib/common/llist.c.obj
LOAD CMakeFiles/payexp_m33.elf.dir/D_/PROJECT/XpressoSDK/SDK_2_14_0_MIMX9352xxxxK/middleware/multicore/rpmsg_lite/lib/rpmsg_lite/rpmsg_lite.c.obj
LOAD CMakeFiles/payexp_m33.elf.dir/D_/PROJECT/XpressoSDK/SDK_2_14_0_MIMX9352xxxxK/middleware/multicore/rpmsg_lite/lib/rpmsg_lite/rpmsg_ns.c.obj
LOAD CMakeFiles/payexp_m33.elf.dir/D_/PROJECT/XpressoSDK/SDK_2_14_0_MIMX9352xxxxK/middleware/multicore/rpmsg_lite/lib/virtio/virtqueue.c.obj
LOAD CMakeFiles/payexp_m33.elf.dir/D_/PROJECT/XpressoSDK/SDK_2_14_0_MIMX9352xxxxK/middleware/multicore/rpmsg_lite/lib/rpmsg_lite/porting/environment/rpmsg_env_freertos.c.obj
LOAD CMakeFiles/payexp_m33.elf.dir/D_/PROJECT/XpressoSDK/SDK_2_14_0_MIMX9352xxxxK/middleware/multicore/rpmsg_lite/lib/rpmsg_lite/rpmsg_queue.c.obj
LOAD CMakeFiles/payexp_m33.elf.dir/D_/PROJECT/XpressoSDK/SDK_2_14_0_MIMX9352xxxxK/middleware/multicore/rpmsg_lite/lib/rpmsg_lite/porting/platform/imx93_m33/rpmsg_platform.c.obj
LOAD CMakeFiles/payexp_m33.elf.dir/D_/PROJECT/XpressoSDK/SDK_2_14_0_MIMX9352xxxxK/devices/MIMX9352/utilities/fsl_sbrk.c.obj
LOAD CMakeFiles/payexp_m33.elf.dir/D_/PROJECT/XpressoSDK/SDK_2_14_0_MIMX9352xxxxK/devices/MIMX9352/utilities/fsl_memcpy.S.obj
LOAD CMakeFiles/payexp_m33.elf.dir/D_/PROJECT/XpressoSDK/SDK_2_14_0_MIMX9352xxxxK/devices/MIMX9352/utilities/fsl_assert.c.obj
LOAD CMakeFiles/payexp_m33.elf.dir/D_/PROJECT/XpressoSDK/SDK_2_14_0_MIMX9352xxxxK/devices/MIMX9352/utilities/str/fsl_str.c.obj
LOAD CMakeFiles/payexp_m33.elf.dir/D_/PROJECT/XpressoSDK/SDK_2_14_0_MIMX9352xxxxK/devices/MIMX9352/utilities/debug_console/fsl_debug_console.c.obj
START GROUP
LOAD C:/Users/Admin/.mcuxpressotools/arm-gnu-toolchain-14.2.rel1-mingw-w64-x86_64-arm-none-eabi/bin/../lib/gcc/arm-none-eabi/14.2.1/thumb/v8-m.main+fp/hard\libgcc.a
LOAD C:/Users/Admin/.mcuxpressotools/arm-gnu-toolchain-14.2.rel1-mingw-w64-x86_64-arm-none-eabi/bin/../lib/gcc/arm-none-eabi/14.2.1/thumb/v8-m.main+fp/hard\libc_nano.a
LOAD C:/Users/Admin/.mcuxpressotools/arm-gnu-toolchain-14.2.rel1-mingw-w64-x86_64-arm-none-eabi/bin/../lib/gcc/arm-none-eabi/14.2.1/thumb/v8-m.main+fp/hard\libm.a
LOAD C:/Users/Admin/.mcuxpressotools/arm-gnu-toolchain-14.2.rel1-mingw-w64-x86_64-arm-none-eabi/bin/../lib/gcc/arm-none-eabi/14.2.1/../../../../arm-none-eabi/lib/thumb/v8-m.main+fp/hard\libcr_newlib_nohost.a
END GROUP
START GROUP
LOAD C:/Users/Admin/.mcuxpressotools/arm-gnu-toolchain-14.2.rel1-mingw-w64-x86_64-arm-none-eabi/bin/../lib/gcc/arm-none-eabi/14.2.1/thumb/v8-m.main+fp/hard\libgcc.a
LOAD C:/Users/Admin/.mcuxpressotools/arm-gnu-toolchain-14.2.rel1-mingw-w64-x86_64-arm-none-eabi/bin/../lib/gcc/arm-none-eabi/14.2.1/thumb/v8-m.main+fp/hard\libc_nano.a
END GROUP
START GROUP
LOAD C:/Users/Admin/.mcuxpressotools/arm-gnu-toolchain-14.2.rel1-mingw-w64-x86_64-arm-none-eabi/bin/../lib/gcc/arm-none-eabi/14.2.1/thumb/v8-m.main+fp/hard\libgcc.a
LOAD C:/Users/Admin/.mcuxpressotools/arm-gnu-toolchain-14.2.rel1-mingw-w64-x86_64-arm-none-eabi/bin/../lib/gcc/arm-none-eabi/14.2.1/thumb/v8-m.main+fp/hard\libc_nano.a
LOAD C:/Users/Admin/.mcuxpressotools/arm-gnu-toolchain-14.2.rel1-mingw-w64-x86_64-arm-none-eabi/bin/../lib/gcc/arm-none-eabi/14.2.1/thumb/v8-m.main+fp/hard\libnosys.a
END GROUP
START GROUP
LOAD C:/Users/Admin/.mcuxpressotools/arm-gnu-toolchain-14.2.rel1-mingw-w64-x86_64-arm-none-eabi/bin/../lib/gcc/arm-none-eabi/14.2.1/thumb/v8-m.main+fp/hard\libgcc.a
LOAD C:/Users/Admin/.mcuxpressotools/arm-gnu-toolchain-14.2.rel1-mingw-w64-x86_64-arm-none-eabi/bin/../lib/gcc/arm-none-eabi/14.2.1/thumb/v8-m.main+fp/hard\libc_nano.a
LOAD C:/Users/Admin/.mcuxpressotools/arm-gnu-toolchain-14.2.rel1-mingw-w64-x86_64-arm-none-eabi/bin/../lib/gcc/arm-none-eabi/14.2.1/thumb/v8-m.main+fp/hard\libnosys.a
END GROUP
LOAD C:/Users/Admin/.mcuxpressotools/arm-gnu-toolchain-14.2.rel1-mingw-w64-x86_64-arm-none-eabi/bin/../lib/gcc/arm-none-eabi/14.2.1/thumb/v8-m.main+fp/hard/crtend.o
LOAD C:/Users/Admin/.mcuxpressotools/arm-gnu-toolchain-14.2.rel1-mingw-w64-x86_64-arm-none-eabi/bin/../lib/gcc/arm-none-eabi/14.2.1/thumb/v8-m.main+fp/hard/crtn.o
                0x00000400                        HEAP_SIZE = DEFINED (__heap_size__)?__heap_size__:0x400
                0x00000400                        STACK_SIZE = DEFINED (__stack_size__)?__stack_size__:0x400
                0x00000000                        M_VECTOR_RAM_SIZE = DEFINED (__ram_vector_table__)?0x478:0x0

.interrupts     0x0ffe0000      0x474
                0x0ffe0000                        __VECTOR_TABLE = .
                0x0ffe0000                        __Vectors = .
                0x0ffe0000                        . = ALIGN (0x4)
 *(.isr_vector)
 .isr_vector    0x0ffe0000      0x474 CMakeFiles/payexp_m33.elf.dir/D_/PROJECT/XpressoSDK/SDK_2_14_0_MIMX9352xxxxK/devices/MIMX9352/gcc/startup_MIMX9352_cm33.S.obj
                0x0ffe0000                __isr_vector
                0x0ffe0474                        . = ALIGN (0x4)

.resource_table
                0x0ffe0478       0xa0
                0x0ffe0478                        . = ALIGN (0x8)
 *(.resource_table)
 .resource_table
                0x0ffe0478       0xa0 CMakeFiles/payexp_m33.elf.dir/D_/IMX93/PROJECT/mcimx93evk_freertos_hello/SRC/01_DEV/M2_BSP/remoteproc/rsc_table.c.obj
                0x0ffe0478                resources
                0x0ffe0518                        . = ALIGN (0x8)

.text           0x0ffe0520     0xbaec
                0x0ffe0520                        . = ALIGN (0x4)
 *(.text)
 .text          0x0ffe0520       0x7c C:/Users/Admin/.mcuxpressotools/arm-gnu-toolchain-14.2.rel1-mingw-w64-x86_64-arm-none-eabi/bin/../lib/gcc/arm-none-eabi/14.2.1/thumb/v8-m.main+fp/hard/crt0.o
                0x0ffe0520                _stack_init
                0x0ffe0528                _start
                0x0ffe0528                _mainCRTStartup
 .text          0x0ffe059c      0x4ac CMakeFiles/payexp_m33.elf.dir/D_/PROJECT/XpressoSDK/SDK_2_14_0_MIMX9352xxxxK/devices/MIMX9352/gcc/startup_MIMX9352_cm33.S.obj
                0x0ffe059c                Reset_Handler
                0x0ffe0614                LPI2C8_DriverIRQHandler
                0x0ffe0614                Reserved237_IRQHandler
                0x0ffe0614                DMA4_14_15_DriverIRQHandler
                0x0ffe0614                Reserved16_IRQHandler
                0x0ffe0614                MU2_A_IRQHandler
                0x0ffe0614                Reserved179_IRQHandler
                0x0ffe0614                DMA4_20_21_DriverIRQHandler
                0x0ffe0614                Reserved219_IRQHandler
                0x0ffe0614                Reserved178_IRQHandler
                0x0ffe0614                Reserved220_IRQHandler
                0x0ffe0614                LPI2C7_DriverIRQHandler
                0x0ffe0614                Reserved88_IRQHandler
                0x0ffe0614                Reserved281_IRQHandler
                0x0ffe0614                Reserved243_IRQHandler
                0x0ffe0614                Reserved65_IRQHandler
                0x0ffe0614                Reserved229_IRQHandler
                0x0ffe0614                FlexSPI1_DriverIRQHandler
                0x0ffe0614                Reserved49_IRQHandler
                0x0ffe0614                WDOG3_IRQHandler
                0x0ffe0614                DMA4_40_41_DriverIRQHandler
                0x0ffe0614                Reserved76_IRQHandler
                0x0ffe0614                Reserved248_IRQHandler
                0x0ffe0614                Reserved64_IRQHandler
                0x0ffe0614                Reserved60_IRQHandler
                0x0ffe0614                Reserved236_IRQHandler
                0x0ffe0614                Reserved234_IRQHandler
                0x0ffe0614                Reserved225_IRQHandler
                0x0ffe0614                CSI_IRQHandler
                0x0ffe0614                Reserved50_IRQHandler
                0x0ffe0614                TRDC_IRQHandler
                0x0ffe0614                Reserved183_IRQHandler
                0x0ffe0614                PDM_HWVAD_EVENT_DriverIRQHandler
                0x0ffe0614                LPIT2_IRQHandler
                0x0ffe0614                Reserved201_IRQHandler
                0x0ffe0614                Reserved19_IRQHandler
                0x0ffe0614                DMA4_0_1_DriverIRQHandler
                0x0ffe0614                Reserved74_IRQHandler
                0x0ffe0614                Reserved89_IRQHandler
                0x0ffe0614                PDM_HWVAD_ERROR_DriverIRQHandler
                0x0ffe0614                Reserved59_IRQHandler
                0x0ffe0614                DMA4_46_47_DriverIRQHandler
                0x0ffe0614                LPTMR2_IRQHandler
                0x0ffe0614                DMA4_16_17_DriverIRQHandler
                0x0ffe0614                Reserved272_IRQHandler
                0x0ffe0614                TPM5_IRQHandler
                0x0ffe0614                Reserved247_IRQHandler
                0x0ffe0614                Reserved263_IRQHandler
                0x0ffe0614                DMA4_58_59_DriverIRQHandler
                0x0ffe0614                I3C1_DriverIRQHandler
                0x0ffe0614                Reserved63_IRQHandler
                0x0ffe0614                WDOG5_IRQHandler
                0x0ffe0614                ENET_1588_DriverIRQHandler
                0x0ffe0614                DMA4_42_43_DriverIRQHandler
                0x0ffe0614                DMA4_52_53_DriverIRQHandler
                0x0ffe0614                Reserved44_IRQHandler
                0x0ffe0614                CAN1_ERROR_DriverIRQHandler
                0x0ffe0614                LPIT1_IRQHandler
                0x0ffe0614                Reserved192_IRQHandler
                0x0ffe0614                Reserved51_IRQHandler
                0x0ffe0614                uSDHC2_DriverIRQHandler
                0x0ffe0614                Reserved42_IRQHandler
                0x0ffe0614                DMA4_22_23_DriverIRQHandler
                0x0ffe0614                Reserved22_IRQHandler
                0x0ffe0614                uSDHC1_DriverIRQHandler
                0x0ffe0614                Reserved106_IRQHandler
                0x0ffe0614                Reserved75_IRQHandler
                0x0ffe0614                Reserved238_IRQHandler
                0x0ffe0614                Reserved280_IRQHandler
                0x0ffe0614                TPM1_IRQHandler
                0x0ffe0614                Reserved268_IRQHandler
                0x0ffe0614                DMA4_10_11_DriverIRQHandler
                0x0ffe0614                DMA4_34_35_DriverIRQHandler
                0x0ffe0614                Reserved176_IRQHandler
                0x0ffe0614                Reserved233_IRQHandler
                0x0ffe0614                Reserved224_IRQHandler
                0x0ffe0614                FLEXIO2_DriverIRQHandler
                0x0ffe0614                TEMPMON_IRQHandler
                0x0ffe0614                WDOG1_IRQHandler
                0x0ffe0614                DMA4_30_31_DriverIRQHandler
                0x0ffe0614                Reserved265_IRQHandler
                0x0ffe0614                Reserved73_IRQHandler
                0x0ffe0614                Reserved235_IRQHandler
                0x0ffe0614                Reserved57_IRQHandler
                0x0ffe0614                Reserved257_IRQHandler
                0x0ffe0614                DMA4_38_39_DriverIRQHandler
                0x0ffe0614                DMA4_4_5_DriverIRQHandler
                0x0ffe0614                DefaultISR
                0x0ffe0614                Reserved250_IRQHandler
                0x0ffe0614                Reserved45_IRQHandler
                0x0ffe0614                Reserved58_IRQHandler
                0x0ffe0614                Reserved240_IRQHandler
                0x0ffe0614                Reserved264_IRQHandler
                0x0ffe0614                Reserved261_IRQHandler
                0x0ffe0614                Reserved284_IRQHandler
                0x0ffe0614                I3C2_DriverIRQHandler
                0x0ffe0614                Reserved266_IRQHandler
                0x0ffe0614                Reserved23_IRQHandler
                0x0ffe0614                Reserved230_IRQHandler
                0x0ffe0614                Reserved279_IRQHandler
                0x0ffe0614                Reserved270_IRQHandler
                0x0ffe0614                Reserved182_IRQHandler
                0x0ffe0614                DMA4_50_51_DriverIRQHandler
                0x0ffe0614                Reserved180_IRQHandler
                0x0ffe0614                TPM4_IRQHandler
                0x0ffe0614                Reserved267_IRQHandler
                0x0ffe0614                Reserved239_IRQHandler
                0x0ffe0614                MU1_B_IRQHandler
                0x0ffe0614                Reserved177_IRQHandler
                0x0ffe0614                WDOG4_IRQHandler
                0x0ffe0614                Reserved283_IRQHandler
                0x0ffe0614                DMA4_28_29_DriverIRQHandler
                0x0ffe0614                Reserved228_IRQHandler
                0x0ffe0614                ENET_QOS_DriverIRQHandler
                0x0ffe0614                DMA4_ERROR_DriverIRQHandler
                0x0ffe0614                Reserved246_IRQHandler
                0x0ffe0614                Reserved253_IRQHandler
                0x0ffe0614                DMA4_6_7_DriverIRQHandler
                0x0ffe0614                ENET_MAC0_Rx_Tx_Done2_DriverIRQHandler
                0x0ffe0614                Reserved274_IRQHandler
                0x0ffe0614                Reserved273_IRQHandler
                0x0ffe0614                DMA4_56_57_DriverIRQHandler
                0x0ffe0614                Reserved202_IRQHandler
                0x0ffe0614                FLEXIO1_DriverIRQHandler
                0x0ffe0614                Reserved232_IRQHandler
                0x0ffe0614                ENET_DriverIRQHandler
                0x0ffe0614                Reserved43_IRQHandler
                0x0ffe0614                Reserved46_IRQHandler
                0x0ffe0614                DMA4_36_37_DriverIRQHandler
                0x0ffe0614                Reserved21_IRQHandler
                0x0ffe0614                Reserved251_IRQHandler
                0x0ffe0614                Reserved18_IRQHandler
                0x0ffe0614                DMA4_26_27_DriverIRQHandler
                0x0ffe0614                SAI1_DriverIRQHandler
                0x0ffe0614                Reserved278_IRQHandler
                0x0ffe0614                DSI_IRQHandler
                0x0ffe0614                Reserved277_IRQHandler
                0x0ffe0614                DMA3_DriverIRQHandler
                0x0ffe0614                TPM3_IRQHandler
                0x0ffe0614                Reserved241_IRQHandler
                0x0ffe0614                Reserved27_IRQHandler
                0x0ffe0614                WDOG2_IRQHandler
                0x0ffe0614                Reserved245_IRQHandler
                0x0ffe0614                Reserved26_IRQHandler
                0x0ffe0614                Reserved62_IRQHandler
                0x0ffe0614                Reserved275_IRQHandler
                0x0ffe0614                Reserved256_IRQHandler
                0x0ffe0614                LPSPI7_DriverIRQHandler
                0x0ffe0614                Reserved252_IRQHandler
                0x0ffe0614                Reserved206_IRQHandler
                0x0ffe0614                Reserved100_IRQHandler
                0x0ffe0614                DMA4_18_19_DriverIRQHandler
                0x0ffe0614                Reserved184_IRQHandler
                0x0ffe0614                Reserved142_IRQHandler
                0x0ffe0614                Reserved181_IRQHandler
                0x0ffe0614                DMA4_48_49_DriverIRQHandler
                0x0ffe0614                Reserved108_IRQHandler
                0x0ffe0614                Reserved72_IRQHandler
                0x0ffe0614                DMA4_12_13_DriverIRQHandler
                0x0ffe0614                Reserved262_IRQHandler
                0x0ffe0614                Reserved259_IRQHandler
                0x0ffe0614                Reserved194_IRQHandler
                0x0ffe0614                SecureFault_Handler
                0x0ffe0614                DMA4_8_9_DriverIRQHandler
                0x0ffe0614                DMA4_2_3_DriverIRQHandler
                0x0ffe0614                PDM_ERROR_DriverIRQHandler
                0x0ffe0614                Reserved66_IRQHandler
                0x0ffe0614                Reserved20_IRQHandler
                0x0ffe0614                Reserved249_IRQHandler
                0x0ffe0614                Reserved107_IRQHandler
                0x0ffe0614                Reserved255_IRQHandler
                0x0ffe0614                DMA4_24_25_DriverIRQHandler
                0x0ffe0614                LPSPI8_DriverIRQHandler
                0x0ffe0614                Reserved98_IRQHandler
                0x0ffe0614                Reserved17_IRQHandler
                0x0ffe0614                ISI_IRQHandler
                0x0ffe0614                Reserved189_IRQHandler
                0x0ffe0614                Reserved47_IRQHandler
                0x0ffe0614                Reserved271_IRQHandler
                0x0ffe0614                Reserved258_IRQHandler
                0x0ffe0614                DMA4_32_33_DriverIRQHandler
                0x0ffe0614                DMA4_62_63_DriverIRQHandler
                0x0ffe0614                CAN2_ERROR_DriverIRQHandler
                0x0ffe0614                Reserved244_IRQHandler
                0x0ffe0614                DMA4_44_45_DriverIRQHandler
                0x0ffe0614                ENET_MAC0_Rx_Tx_Done1_DriverIRQHandler
                0x0ffe0614                Reserved190_IRQHandler
                0x0ffe0614                Reserved231_IRQHandler
                0x0ffe0614                Reserved276_IRQHandler
                0x0ffe0614                Reserved282_IRQHandler
                0x0ffe0614                Reserved260_IRQHandler
                0x0ffe0614                Reserved105_IRQHandler
                0x0ffe0614                Reserved109_IRQHandler
                0x0ffe0614                Reserved254_IRQHandler
                0x0ffe0614                Reserved269_IRQHandler
                0x0ffe0614                SAI3_DriverIRQHandler
                0x0ffe0614                Reserved104_IRQHandler
                0x0ffe0614                Reserved203_IRQHandler
                0x0ffe0614                MU2_B_IRQHandler
                0x0ffe0614                Reserved101_IRQHandler
                0x0ffe0614                Reserved223_IRQHandler
                0x0ffe0614                Reserved222_IRQHandler
                0x0ffe0614                Reserved204_IRQHandler
                0x0ffe0614                DMA4_54_55_DriverIRQHandler
                0x0ffe0614                uSDHC3_DriverIRQHandler
                0x0ffe0614                Reserved185_IRQHandler
                0x0ffe0614                Reserved41_IRQHandler
                0x0ffe0614                ENET_QOS_PMT_IRQHandler
                0x0ffe0614                DMA4_60_61_DriverIRQHandler
                0x0ffe0614                Reserved90_IRQHandler
                0x0ffe0614                SAI2_DriverIRQHandler
                0x0ffe0614                Reserved242_IRQHandler
                0x0ffe0614                Reserved205_IRQHandler
                0x0ffe0614                TPM6_IRQHandler
                0x0ffe0614                Reserved48_IRQHandler
                0x0ffe0614                PDM_EVENT_DriverIRQHandler
                0x0ffe062c                CAN1_IRQHandler
                0x0ffe0630                CAN1_ERROR_IRQHandler
                0x0ffe0634                I3C1_IRQHandler
                0x0ffe0638                LPI2C1_IRQHandler
                0x0ffe063c                LPI2C2_IRQHandler
                0x0ffe0640                LPSPI1_IRQHandler
                0x0ffe0644                LPSPI2_IRQHandler
                0x0ffe0648                LPUART1_IRQHandler
                0x0ffe0650                SAI1_IRQHandler
                0x0ffe0654                CAN2_IRQHandler
                0x0ffe0658                CAN2_ERROR_IRQHandler
                0x0ffe065c                FLEXIO1_IRQHandler
                0x0ffe0660                FLEXIO2_IRQHandler
                0x0ffe0664                FlexSPI1_IRQHandler
                0x0ffe0668                I3C2_IRQHandler
                0x0ffe066c                LPI2C3_IRQHandler
                0x0ffe0670                LPI2C4_IRQHandler
                0x0ffe0674                LPSPI3_IRQHandler
                0x0ffe0678                LPSPI4_IRQHandler
                0x0ffe067c                LPUART3_IRQHandler
                0x0ffe0680                LPUART4_IRQHandler
                0x0ffe0684                LPUART5_IRQHandler
                0x0ffe0688                LPUART6_IRQHandler
                0x0ffe068c                uSDHC1_IRQHandler
                0x0ffe0690                uSDHC2_IRQHandler
                0x0ffe0694                DMA3_ERROR_IRQHandler
                0x0ffe069c                DMA3_0_IRQHandler
                0x0ffe06a8                DMA3_1_IRQHandler
                0x0ffe06b4                DMA3_2_IRQHandler
                0x0ffe06c0                DMA3_3_IRQHandler
                0x0ffe06cc                DMA3_4_IRQHandler
                0x0ffe06d8                DMA3_5_IRQHandler
                0x0ffe06e4                DMA3_6_IRQHandler
                0x0ffe06f0                DMA3_7_IRQHandler
                0x0ffe06fc                DMA3_8_IRQHandler
                0x0ffe0708                DMA3_9_IRQHandler
                0x0ffe0714                DMA3_10_IRQHandler
                0x0ffe0720                DMA3_11_IRQHandler
                0x0ffe072c                DMA3_12_IRQHandler
                0x0ffe0738                DMA3_13_IRQHandler
                0x0ffe0744                DMA3_14_IRQHandler
                0x0ffe0750                DMA3_15_IRQHandler
                0x0ffe075c                DMA3_16_IRQHandler
                0x0ffe0768                DMA3_17_IRQHandler
                0x0ffe0774                DMA3_18_IRQHandler
                0x0ffe0780                DMA3_19_IRQHandler
                0x0ffe078c                DMA3_20_IRQHandler
                0x0ffe0798                DMA3_21_IRQHandler
                0x0ffe07a4                DMA3_22_IRQHandler
                0x0ffe07b0                DMA3_23_IRQHandler
                0x0ffe07bc                DMA3_24_IRQHandler
                0x0ffe07c8                DMA3_25_IRQHandler
                0x0ffe07d4                DMA3_26_IRQHandler
                0x0ffe07e0                DMA3_27_IRQHandler
                0x0ffe07ec                DMA3_28_IRQHandler
                0x0ffe07f8                DMA3_29_IRQHandler
                0x0ffe0804                DMA3_30_IRQHandler
                0x0ffe0810                DMA4_ERROR_IRQHandler
                0x0ffe0814                DMA4_0_1_IRQHandler
                0x0ffe0818                DMA4_2_3_IRQHandler
                0x0ffe081c                DMA4_4_5_IRQHandler
                0x0ffe0820                DMA4_6_7_IRQHandler
                0x0ffe0824                DMA4_8_9_IRQHandler
                0x0ffe0828                DMA4_10_11_IRQHandler
                0x0ffe082c                DMA4_12_13_IRQHandler
                0x0ffe0830                DMA4_14_15_IRQHandler
                0x0ffe0834                DMA4_16_17_IRQHandler
                0x0ffe0838                DMA4_18_19_IRQHandler
                0x0ffe083c                DMA4_20_21_IRQHandler
                0x0ffe0840                DMA4_22_23_IRQHandler
                0x0ffe0844                DMA4_24_25_IRQHandler
                0x0ffe0848                DMA4_26_27_IRQHandler
                0x0ffe084c                DMA4_28_29_IRQHandler
                0x0ffe0850                DMA4_30_31_IRQHandler
                0x0ffe0854                DMA4_32_33_IRQHandler
                0x0ffe0858                DMA4_34_35_IRQHandler
                0x0ffe085c                DMA4_36_37_IRQHandler
                0x0ffe0860                DMA4_38_39_IRQHandler
                0x0ffe0864                DMA4_40_41_IRQHandler
                0x0ffe0868                DMA4_42_43_IRQHandler
                0x0ffe086c                DMA4_44_45_IRQHandler
                0x0ffe0870                DMA4_46_47_IRQHandler
                0x0ffe0874                DMA4_48_49_IRQHandler
                0x0ffe0878                DMA4_50_51_IRQHandler
                0x0ffe087c                DMA4_52_53_IRQHandler
                0x0ffe0880                DMA4_54_55_IRQHandler
                0x0ffe0884                DMA4_56_57_IRQHandler
                0x0ffe0888                DMA4_58_59_IRQHandler
                0x0ffe088c                DMA4_60_61_IRQHandler
                0x0ffe0890                DMA4_62_63_IRQHandler
                0x0ffe0894                SAI2_IRQHandler
                0x0ffe0898                SAI3_IRQHandler
                0x0ffe089c                ENET_MAC0_Rx_Tx_Done1_IRQHandler
                0x0ffe08a0                ENET_MAC0_Rx_Tx_Done2_IRQHandler
                0x0ffe08a4                ENET_IRQHandler
                0x0ffe08a8                ENET_1588_IRQHandler
                0x0ffe08ac                ENET_QOS_IRQHandler
                0x0ffe08b4                LPSPI6_IRQHandler
                0x0ffe08b8                LPSPI7_IRQHandler
                0x0ffe08bc                LPSPI8_IRQHandler
                0x0ffe08c0                LPI2C5_IRQHandler
                0x0ffe08c4                LPI2C6_IRQHandler
                0x0ffe08c8                LPI2C7_IRQHandler
                0x0ffe08cc                LPI2C8_IRQHandler
                0x0ffe08d0                PDM_HWVAD_ERROR_IRQHandler
                0x0ffe08d4                PDM_HWVAD_EVENT_IRQHandler
                0x0ffe08d8                PDM_ERROR_IRQHandler
                0x0ffe08dc                PDM_EVENT_IRQHandler
                0x0ffe08e0                uSDHC3_IRQHandler
                0x0ffe08e4                LPUART7_IRQHandler
                0x0ffe08e8                LPUART8_IRQHandler
 .text          0x0ffe0a48       0xa0 CMakeFiles/payexp_m33.elf.dir/D_/PROJECT/XpressoSDK/SDK_2_14_0_MIMX9352xxxxK/devices/MIMX9352/utilities/fsl_memcpy.S.obj
                0x0ffe0a48                memcpy
 .text          0x0ffe0ae8      0x378 C:/Users/Admin/.mcuxpressotools/arm-gnu-toolchain-14.2.rel1-mingw-w64-x86_64-arm-none-eabi/bin/../lib/gcc/arm-none-eabi/14.2.1/thumb/v8-m.main+fp/hard\libgcc.a(_arm_addsubdf3.o)
                0x0ffe0ae8                __aeabi_drsub
                0x0ffe0af0                __aeabi_dsub
                0x0ffe0af0                __subdf3
                0x0ffe0af4                __aeabi_dadd
                0x0ffe0af4                __adddf3
                0x0ffe0d6c                __floatunsidf
                0x0ffe0d6c                __aeabi_ui2d
                0x0ffe0d8c                __floatsidf
                0x0ffe0d8c                __aeabi_i2d
                0x0ffe0db0                __aeabi_f2d
                0x0ffe0db0                __extendsfdf2
                0x0ffe0df4                __floatundidf
                0x0ffe0df4                __aeabi_ul2d
                0x0ffe0e04                __floatdidf
                0x0ffe0e04                __aeabi_l2d
 .text          0x0ffe0e60      0x424 C:/Users/Admin/.mcuxpressotools/arm-gnu-toolchain-14.2.rel1-mingw-w64-x86_64-arm-none-eabi/bin/../lib/gcc/arm-none-eabi/14.2.1/thumb/v8-m.main+fp/hard\libgcc.a(_arm_muldivdf3.o)
                0x0ffe0e60                __aeabi_dmul
                0x0ffe0e60                __muldf3
                0x0ffe10b4                __divdf3
                0x0ffe10b4                __aeabi_ddiv
 .text          0x0ffe1284      0x110 C:/Users/Admin/.mcuxpressotools/arm-gnu-toolchain-14.2.rel1-mingw-w64-x86_64-arm-none-eabi/bin/../lib/gcc/arm-none-eabi/14.2.1/thumb/v8-m.main+fp/hard\libgcc.a(_arm_cmpdf2.o)
                0x0ffe1284                __gtdf2
                0x0ffe1284                __gedf2
                0x0ffe128c                __ltdf2
                0x0ffe128c                __ledf2
                0x0ffe1294                __nedf2
                0x0ffe1294                __eqdf2
                0x0ffe1294                __cmpdf2
                0x0ffe1310                __aeabi_cdrcmple
                0x0ffe1320                __aeabi_cdcmpeq
                0x0ffe1320                __aeabi_cdcmple
                0x0ffe1330                __aeabi_dcmpeq
                0x0ffe1344                __aeabi_dcmplt
                0x0ffe1358                __aeabi_dcmple
                0x0ffe136c                __aeabi_dcmpge
                0x0ffe1380                __aeabi_dcmpgt
 .text          0x0ffe1394       0x50 C:/Users/Admin/.mcuxpressotools/arm-gnu-toolchain-14.2.rel1-mingw-w64-x86_64-arm-none-eabi/bin/../lib/gcc/arm-none-eabi/14.2.1/thumb/v8-m.main+fp/hard\libgcc.a(_arm_fixdfsi.o)
                0x0ffe1394                __aeabi_d2iz
                0x0ffe1394                __fixdfsi
 .text          0x0ffe13e4       0x40 C:/Users/Admin/.mcuxpressotools/arm-gnu-toolchain-14.2.rel1-mingw-w64-x86_64-arm-none-eabi/bin/../lib/gcc/arm-none-eabi/14.2.1/thumb/v8-m.main+fp/hard\libgcc.a(_arm_fixunsdfsi.o)
                0x0ffe13e4                __aeabi_d2uiz
                0x0ffe13e4                __fixunsdfsi
 .text          0x0ffe1424       0x30 C:/Users/Admin/.mcuxpressotools/arm-gnu-toolchain-14.2.rel1-mingw-w64-x86_64-arm-none-eabi/bin/../lib/gcc/arm-none-eabi/14.2.1/thumb/v8-m.main+fp/hard\libgcc.a(_aeabi_uldivmod.o)
                0x0ffe1424                __aeabi_uldivmod
 .text          0x0ffe1454        0x4 C:/Users/Admin/.mcuxpressotools/arm-gnu-toolchain-14.2.rel1-mingw-w64-x86_64-arm-none-eabi/bin/../lib/gcc/arm-none-eabi/14.2.1/thumb/v8-m.main+fp/hard\libgcc.a(_dvmd_tls.o)
                0x0ffe1454                __aeabi_idiv0
                0x0ffe1454                __aeabi_ldiv0
 .text          0x0ffe1458       0x14 C:/Users/Admin/.mcuxpressotools/arm-gnu-toolchain-14.2.rel1-mingw-w64-x86_64-arm-none-eabi/bin/../lib/gcc/arm-none-eabi/14.2.1/thumb/v8-m.main+fp/hard\libc_nano.a(libc_a-strcmp.o)
                0x0ffe1458                strcmp
 .text          0x0ffe146c       0x10 C:/Users/Admin/.mcuxpressotools/arm-gnu-toolchain-14.2.rel1-mingw-w64-x86_64-arm-none-eabi/bin/../lib/gcc/arm-none-eabi/14.2.1/thumb/v8-m.main+fp/hard\libc_nano.a(libc_a-strlen.o)
                0x0ffe146c                strlen
 *(.text*)
 .text.deregister_tm_clones
                0x0ffe147c       0x1c C:/Users/Admin/.mcuxpressotools/arm-gnu-toolchain-14.2.rel1-mingw-w64-x86_64-arm-none-eabi/bin/../lib/gcc/arm-none-eabi/14.2.1/thumb/v8-m.main+fp/hard/crtbegin.o
 .text.register_tm_clones
                0x0ffe1498       0x28 C:/Users/Admin/.mcuxpressotools/arm-gnu-toolchain-14.2.rel1-mingw-w64-x86_64-arm-none-eabi/bin/../lib/gcc/arm-none-eabi/14.2.1/thumb/v8-m.main+fp/hard/crtbegin.o
 .text.__do_global_dtors_aux
                0x0ffe14c0       0x28 C:/Users/Admin/.mcuxpressotools/arm-gnu-toolchain-14.2.rel1-mingw-w64-x86_64-arm-none-eabi/bin/../lib/gcc/arm-none-eabi/14.2.1/thumb/v8-m.main+fp/hard/crtbegin.o
 .text.frame_dummy
                0x0ffe14e8       0x24 C:/Users/Admin/.mcuxpressotools/arm-gnu-toolchain-14.2.rel1-mingw-w64-x86_64-arm-none-eabi/bin/../lib/gcc/arm-none-eabi/14.2.1/thumb/v8-m.main+fp/hard/crtbegin.o
 .text.BOARD_InitDebugConsole
                0x0ffe150c       0x4c CMakeFiles/payexp_m33.elf.dir/D_/IMX93/PROJECT/mcimx93evk_freertos_hello/SRC/Core/Src/board.c.obj
                0x0ffe150c                BOARD_InitDebugConsole
 .text.BOARD_BootClockRUN
                0x0ffe1558       0x94 CMakeFiles/payexp_m33.elf.dir/D_/IMX93/PROJECT/mcimx93evk_freertos_hello/SRC/Core/Src/clock_config.c.obj
                0x0ffe1558                BOARD_BootClockRUN
 .text.startup.main
                0x0ffe15ec       0x58 CMakeFiles/payexp_m33.elf.dir/D_/IMX93/PROJECT/mcimx93evk_freertos_hello/SRC/Core/Src/main.c.obj
                0x0ffe15ec                main
 .text.NMI_Handler
                0x0ffe1644        0x2 CMakeFiles/payexp_m33.elf.dir/D_/IMX93/PROJECT/mcimx93evk_freertos_hello/SRC/Core/Src/MIMX9352cm33_it.c.obj
                0x0ffe1644                NMI_Handler
 *fill*         0x0ffe1646        0x2 
 .text.HardFault_Handler
                0x0ffe1648       0x10 CMakeFiles/payexp_m33.elf.dir/D_/IMX93/PROJECT/mcimx93evk_freertos_hello/SRC/Core/Src/MIMX9352cm33_it.c.obj
                0x0ffe1648                HardFault_Handler
 .text.MemManage_Handler
                0x0ffe1658       0x10 CMakeFiles/payexp_m33.elf.dir/D_/IMX93/PROJECT/mcimx93evk_freertos_hello/SRC/Core/Src/MIMX9352cm33_it.c.obj
                0x0ffe1658                MemManage_Handler
 .text.BusFault_Handler
                0x0ffe1668        0x2 CMakeFiles/payexp_m33.elf.dir/D_/IMX93/PROJECT/mcimx93evk_freertos_hello/SRC/Core/Src/MIMX9352cm33_it.c.obj
                0x0ffe1668                BusFault_Handler
 .text.UsageFault_Handler
                0x0ffe166a        0x2 CMakeFiles/payexp_m33.elf.dir/D_/IMX93/PROJECT/mcimx93evk_freertos_hello/SRC/Core/Src/MIMX9352cm33_it.c.obj
                0x0ffe166a                UsageFault_Handler
 .text.DebugMon_Handler
                0x0ffe166c        0x2 CMakeFiles/payexp_m33.elf.dir/D_/IMX93/PROJECT/mcimx93evk_freertos_hello/SRC/Core/Src/MIMX9352cm33_it.c.obj
                0x0ffe166c                DebugMon_Handler
 *fill*         0x0ffe166e        0x2 
 .text.LPTMR1_IRQHandler
                0x0ffe1670       0x18 CMakeFiles/payexp_m33.elf.dir/D_/IMX93/PROJECT/mcimx93evk_freertos_hello/SRC/Core/Src/MIMX9352cm33_it.c.obj
                0x0ffe1670                LPTMR1_IRQHandler
 .text.BOARD_InitPins
                0x0ffe1688       0x20 CMakeFiles/payexp_m33.elf.dir/D_/IMX93/PROJECT/mcimx93evk_freertos_hello/SRC/Core/Src/pin_mux.c.obj
                0x0ffe1688                BOARD_InitPins
 .text.BOARD_InitBootPins
                0x0ffe16a8        0x4 CMakeFiles/payexp_m33.elf.dir/D_/IMX93/PROJECT/mcimx93evk_freertos_hello/SRC/Core/Src/pin_mux.c.obj
                0x0ffe16a8                BOARD_InitBootPins
 .text.BootManager_SystemInit
                0x0ffe16ac        0xe CMakeFiles/payexp_m33.elf.dir/D_/IMX93/PROJECT/mcimx93evk_freertos_hello/SRC/01_DEV/M0_App/Boot/boot_manager.c.obj
                0x0ffe16ac                BootManager_SystemInit
 .text.BootManager_SystemStart
                0x0ffe16ba        0x4 CMakeFiles/payexp_m33.elf.dir/D_/IMX93/PROJECT/mcimx93evk_freertos_hello/SRC/01_DEV/M0_App/Boot/boot_manager.c.obj
                0x0ffe16ba                BootManager_SystemStart
 .text.EXP_RTOS_Start
                0x0ffe16be        0x4 CMakeFiles/payexp_m33.elf.dir/D_/IMX93/PROJECT/mcimx93evk_freertos_hello/SRC/01_DEV/M0_App/OS/Kernel/rtos.c.obj
                0x0ffe16be                EXP_RTOS_Start
 .text.vApplicationStackOverflowHook
                0x0ffe16c2        0x2 CMakeFiles/payexp_m33.elf.dir/D_/IMX93/PROJECT/mcimx93evk_freertos_hello/SRC/01_DEV/M0_App/OS/Kernel/rtos.c.obj
                0x0ffe16c2                vApplicationStackOverflowHook
 .text.vApplicationMallocFailedHook
                0x0ffe16c4        0x2 CMakeFiles/payexp_m33.elf.dir/D_/IMX93/PROJECT/mcimx93evk_freertos_hello/SRC/01_DEV/M0_App/OS/Kernel/rtos.c.obj
                0x0ffe16c4                vApplicationMallocFailedHook
 *fill*         0x0ffe16c6        0x2 
 .text.vApplicationGetIdleTaskMemory
                0x0ffe16c8       0x18 CMakeFiles/payexp_m33.elf.dir/D_/IMX93/PROJECT/mcimx93evk_freertos_hello/SRC/01_DEV/M0_App/OS/Kernel/rtos.c.obj
                0x0ffe16c8                vApplicationGetIdleTaskMemory
 .text.vApplicationGetTimerTaskMemory
                0x0ffe16e0       0x18 CMakeFiles/payexp_m33.elf.dir/D_/IMX93/PROJECT/mcimx93evk_freertos_hello/SRC/01_DEV/M0_App/OS/Kernel/rtos.c.obj
                0x0ffe16e0                vApplicationGetTimerTaskMemory
 .text.Shell_Task
                0x0ffe16f8       0x34 CMakeFiles/payexp_m33.elf.dir/D_/IMX93/PROJECT/mcimx93evk_freertos_hello/SRC/01_DEV/M0_App/OS/Task/rtos_tasks.c.obj
 .text.RPMSG_Task
                0x0ffe172c      0x140 CMakeFiles/payexp_m33.elf.dir/D_/IMX93/PROJECT/mcimx93evk_freertos_hello/SRC/01_DEV/M0_App/OS/Task/rtos_tasks.c.obj
 .text.EXP_RootGrowUp
                0x0ffe186c       0x3c CMakeFiles/payexp_m33.elf.dir/D_/IMX93/PROJECT/mcimx93evk_freertos_hello/SRC/01_DEV/M0_App/OS/Task/rtos_tasks.c.obj
                0x0ffe186c                EXP_RootGrowUp
 .text.EXP_AppInit
                0x0ffe18a8       0xbc CMakeFiles/payexp_m33.elf.dir/D_/IMX93/PROJECT/mcimx93evk_freertos_hello/SRC/01_DEV/M0_App/OS/Task/rtos_tasks.c.obj
                0x0ffe18a8                EXP_AppInit
 .text.EXP_RootTask
                0x0ffe1964       0x28 CMakeFiles/payexp_m33.elf.dir/D_/IMX93/PROJECT/mcimx93evk_freertos_hello/SRC/01_DEV/M0_App/OS/Task/rtos_tasks.c.obj
                0x0ffe1964                EXP_RootTask
 .text.rpmsg_send
                0x0ffe198c       0x40 CMakeFiles/payexp_m33.elf.dir/D_/IMX93/PROJECT/mcimx93evk_freertos_hello/SRC/01_DEV/M0_App/OS/Task/rtos_tasks.c.obj
                0x0ffe198c                rpmsg_send
 .text.RemoteCall_UpdateRemoteAddr
                0x0ffe19cc        0xc CMakeFiles/payexp_m33.elf.dir/D_/IMX93/PROJECT/mcimx93evk_freertos_hello/SRC/01_DEV/M1_SysApp/Interface/RemoteCall/remote_call.c.obj
                0x0ffe19cc                RemoteCall_UpdateRemoteAddr
 .text.RemoteCall_SendResponse
                0x0ffe19d8       0x74 CMakeFiles/payexp_m33.elf.dir/D_/IMX93/PROJECT/mcimx93evk_freertos_hello/SRC/01_DEV/M1_SysApp/Interface/RemoteCall/remote_call.c.obj
                0x0ffe19d8                RemoteCall_SendResponse
 .text.RemoteCall_SendCommand
                0x0ffe1a4c       0x74 CMakeFiles/payexp_m33.elf.dir/D_/IMX93/PROJECT/mcimx93evk_freertos_hello/SRC/01_DEV/M1_SysApp/Interface/RemoteCall/remote_call.c.obj
                0x0ffe1a4c                RemoteCall_SendCommand
 .text.str2int  0x0ffe1ac0       0x68 CMakeFiles/payexp_m33.elf.dir/D_/IMX93/PROJECT/mcimx93evk_freertos_hello/SRC/01_DEV/M1_SysApp/system_data/m33_command.c.obj
                0x0ffe1ac0                str2int
 .text.Command_Process
                0x0ffe1b28       0x9c CMakeFiles/payexp_m33.elf.dir/D_/IMX93/PROJECT/mcimx93evk_freertos_hello/SRC/01_DEV/M1_SysApp/system_data/m33_command.c.obj
                0x0ffe1b28                Command_Process
 .text.time_sync_cmd
                0x0ffe1bc4       0x22 CMakeFiles/payexp_m33.elf.dir/D_/IMX93/PROJECT/mcimx93evk_freertos_hello/SRC/01_DEV/M1_SysApp/system_data/m33_command.c.obj
                0x0ffe1bc4                time_sync_cmd
 *fill*         0x0ffe1be6        0x2 
 .text.pwr_ifb_en_cmd
                0x0ffe1be8        0xc CMakeFiles/payexp_m33.elf.dir/D_/IMX93/PROJECT/mcimx93evk_freertos_hello/SRC/01_DEV/M1_SysApp/system_data/m33_command.c.obj
                0x0ffe1be8                pwr_ifb_en_cmd
 .text.pwr_io_en_cmd
                0x0ffe1bf4        0xc CMakeFiles/payexp_m33.elf.dir/D_/IMX93/PROJECT/mcimx93evk_freertos_hello/SRC/01_DEV/M1_SysApp/system_data/m33_command.c.obj
                0x0ffe1bf4                pwr_io_en_cmd
 .text.pwr_pzp_en_cmd
                0x0ffe1c00       0x2c CMakeFiles/payexp_m33.elf.dir/D_/IMX93/PROJECT/mcimx93evk_freertos_hello/SRC/01_DEV/M1_SysApp/system_data/m33_command.c.obj
                0x0ffe1c00                pwr_pzp_en_cmd
 .text.pwr_htr_en_cmd
                0x0ffe1c2c       0x2c CMakeFiles/payexp_m33.elf.dir/D_/IMX93/PROJECT/mcimx93evk_freertos_hello/SRC/01_DEV/M1_SysApp/system_data/m33_command.c.obj
                0x0ffe1c2c                pwr_htr_en_cmd
 .text.pwr_sln_tec_en_cmd
                0x0ffe1c58        0xc CMakeFiles/payexp_m33.elf.dir/D_/IMX93/PROJECT/mcimx93evk_freertos_hello/SRC/01_DEV/M1_SysApp/system_data/m33_command.c.obj
                0x0ffe1c58                pwr_sln_tec_en_cmd
 .text.pwr_lda_en_cmd
                0x0ffe1c64        0xc CMakeFiles/payexp_m33.elf.dir/D_/IMX93/PROJECT/mcimx93evk_freertos_hello/SRC/01_DEV/M1_SysApp/system_data/m33_command.c.obj
                0x0ffe1c64                pwr_lda_en_cmd
 .text.pwr_pda_en_cmd
                0x0ffe1c70        0xc CMakeFiles/payexp_m33.elf.dir/D_/IMX93/PROJECT/mcimx93evk_freertos_hello/SRC/01_DEV/M1_SysApp/system_data/m33_command.c.obj
                0x0ffe1c70                pwr_pda_en_cmd
 .text.pwr_usb_0_en_cmd
                0x0ffe1c7c        0xc CMakeFiles/payexp_m33.elf.dir/D_/IMX93/PROJECT/mcimx93evk_freertos_hello/SRC/01_DEV/M1_SysApp/system_data/m33_command.c.obj
                0x0ffe1c7c                pwr_usb_0_en_cmd
 .text.pwr_usb_1_en_cmd
                0x0ffe1c88        0xc CMakeFiles/payexp_m33.elf.dir/D_/IMX93/PROJECT/mcimx93evk_freertos_hello/SRC/01_DEV/M1_SysApp/system_data/m33_command.c.obj
                0x0ffe1c88                pwr_usb_1_en_cmd
 .text.i2c_s_1_en_cmd
                0x0ffe1c94        0xc CMakeFiles/payexp_m33.elf.dir/D_/IMX93/PROJECT/mcimx93evk_freertos_hello/SRC/01_DEV/M1_SysApp/system_data/m33_command.c.obj
                0x0ffe1c94                i2c_s_1_en_cmd
 .text.i2c_s_2_en_cmd
                0x0ffe1ca0        0xc CMakeFiles/payexp_m33.elf.dir/D_/IMX93/PROJECT/mcimx93evk_freertos_hello/SRC/01_DEV/M1_SysApp/system_data/m33_command.c.obj
                0x0ffe1ca0                i2c_s_2_en_cmd
 .text.i2c_pwm_en_cmd
                0x0ffe1cac        0xc CMakeFiles/payexp_m33.elf.dir/D_/IMX93/PROJECT/mcimx93evk_freertos_hello/SRC/01_DEV/M1_SysApp/system_data/m33_command.c.obj
                0x0ffe1cac                i2c_pwm_en_cmd
 .text.i2c_hd4_en_cmd
                0x0ffe1cb8        0xc CMakeFiles/payexp_m33.elf.dir/D_/IMX93/PROJECT/mcimx93evk_freertos_hello/SRC/01_DEV/M1_SysApp/system_data/m33_command.c.obj
                0x0ffe1cb8                i2c_hd4_en_cmd
 .text.i2c_ld_1_en_cmd
                0x0ffe1cc4        0xc CMakeFiles/payexp_m33.elf.dir/D_/IMX93/PROJECT/mcimx93evk_freertos_hello/SRC/01_DEV/M1_SysApp/system_data/m33_command.c.obj
                0x0ffe1cc4                i2c_ld_1_en_cmd
 .text.i2c_ld_2_en_cmd
                0x0ffe1cd0        0xc CMakeFiles/payexp_m33.elf.dir/D_/IMX93/PROJECT/mcimx93evk_freertos_hello/SRC/01_DEV/M1_SysApp/system_data/m33_command.c.obj
                0x0ffe1cd0                i2c_ld_2_en_cmd
 .text.tec_0_en_cmd
                0x0ffe1cdc        0xc CMakeFiles/payexp_m33.elf.dir/D_/IMX93/PROJECT/mcimx93evk_freertos_hello/SRC/01_DEV/M1_SysApp/system_data/m33_command.c.obj
                0x0ffe1cdc                tec_0_en_cmd
 .text.tec_1_en_cmd
                0x0ffe1ce8        0xc CMakeFiles/payexp_m33.elf.dir/D_/IMX93/PROJECT/mcimx93evk_freertos_hello/SRC/01_DEV/M1_SysApp/system_data/m33_command.c.obj
                0x0ffe1ce8                tec_1_en_cmd
 .text.tec_2_en_cmd
                0x0ffe1cf4        0xc CMakeFiles/payexp_m33.elf.dir/D_/IMX93/PROJECT/mcimx93evk_freertos_hello/SRC/01_DEV/M1_SysApp/system_data/m33_command.c.obj
                0x0ffe1cf4                tec_2_en_cmd
 .text.tec_3_en_cmd
                0x0ffe1d00        0xc CMakeFiles/payexp_m33.elf.dir/D_/IMX93/PROJECT/mcimx93evk_freertos_hello/SRC/01_DEV/M1_SysApp/system_data/m33_command.c.obj
                0x0ffe1d00                tec_3_en_cmd
 .text.usb_led_1_set_cmd
                0x0ffe1d0c        0xc CMakeFiles/payexp_m33.elf.dir/D_/IMX93/PROJECT/mcimx93evk_freertos_hello/SRC/01_DEV/M1_SysApp/system_data/m33_command.c.obj
                0x0ffe1d0c                usb_led_1_set_cmd
 .text.usb_led_2_set_cmd
                0x0ffe1d18        0xc CMakeFiles/payexp_m33.elf.dir/D_/IMX93/PROJECT/mcimx93evk_freertos_hello/SRC/01_DEV/M1_SysApp/system_data/m33_command.c.obj
                0x0ffe1d18                usb_led_2_set_cmd
 .text.htr_0_set_cmd
                0x0ffe1d24        0xc CMakeFiles/payexp_m33.elf.dir/D_/IMX93/PROJECT/mcimx93evk_freertos_hello/SRC/01_DEV/M1_SysApp/system_data/m33_command.c.obj
                0x0ffe1d24                htr_0_set_cmd
 .text.htr_1_set_cmd
                0x0ffe1d30        0xc CMakeFiles/payexp_m33.elf.dir/D_/IMX93/PROJECT/mcimx93evk_freertos_hello/SRC/01_DEV/M1_SysApp/system_data/m33_command.c.obj
                0x0ffe1d30                htr_1_set_cmd
 .text.htr_2_set_cmd
                0x0ffe1d3c        0xc CMakeFiles/payexp_m33.elf.dir/D_/IMX93/PROJECT/mcimx93evk_freertos_hello/SRC/01_DEV/M1_SysApp/system_data/m33_command.c.obj
                0x0ffe1d3c                htr_2_set_cmd
 .text.htr_3_set_cmd
                0x0ffe1d48        0xc CMakeFiles/payexp_m33.elf.dir/D_/IMX93/PROJECT/mcimx93evk_freertos_hello/SRC/01_DEV/M1_SysApp/system_data/m33_command.c.obj
                0x0ffe1d48                htr_3_set_cmd
 .text.htr_4_set_cmd
                0x0ffe1d54        0xc CMakeFiles/payexp_m33.elf.dir/D_/IMX93/PROJECT/mcimx93evk_freertos_hello/SRC/01_DEV/M1_SysApp/system_data/m33_command.c.obj
                0x0ffe1d54                htr_4_set_cmd
 .text.htr_5_set_cmd
                0x0ffe1d60        0xc CMakeFiles/payexp_m33.elf.dir/D_/IMX93/PROJECT/mcimx93evk_freertos_hello/SRC/01_DEV/M1_SysApp/system_data/m33_command.c.obj
                0x0ffe1d60                htr_5_set_cmd
 .text.htr_6_set_cmd
                0x0ffe1d6c        0xc CMakeFiles/payexp_m33.elf.dir/D_/IMX93/PROJECT/mcimx93evk_freertos_hello/SRC/01_DEV/M1_SysApp/system_data/m33_command.c.obj
                0x0ffe1d6c                htr_6_set_cmd
 .text.htr_7_set_cmd
                0x0ffe1d78        0xc CMakeFiles/payexp_m33.elf.dir/D_/IMX93/PROJECT/mcimx93evk_freertos_hello/SRC/01_DEV/M1_SysApp/system_data/m33_command.c.obj
                0x0ffe1d78                htr_7_set_cmd
 .text.custom_cmd_cmd
                0x0ffe1d84        0xc CMakeFiles/payexp_m33.elf.dir/D_/IMX93/PROJECT/mcimx93evk_freertos_hello/SRC/01_DEV/M1_SysApp/system_data/m33_command.c.obj
                0x0ffe1d84                custom_cmd_cmd
 .text.pump_1_ctl_cmd
                0x0ffe1d90        0xc CMakeFiles/payexp_m33.elf.dir/D_/IMX93/PROJECT/mcimx93evk_freertos_hello/SRC/01_DEV/M1_SysApp/system_data/m33_command.c.obj
                0x0ffe1d90                pump_1_ctl_cmd
 .text.pump_1_volt_cmd
                0x0ffe1d9c        0xc CMakeFiles/payexp_m33.elf.dir/D_/IMX93/PROJECT/mcimx93evk_freertos_hello/SRC/01_DEV/M1_SysApp/system_data/m33_command.c.obj
                0x0ffe1d9c                pump_1_volt_cmd
 .text.pump_1_freq_cmd
                0x0ffe1da8        0xc CMakeFiles/payexp_m33.elf.dir/D_/IMX93/PROJECT/mcimx93evk_freertos_hello/SRC/01_DEV/M1_SysApp/system_data/m33_command.c.obj
                0x0ffe1da8                pump_1_freq_cmd
 .text.pump_2_ctl_cmd
                0x0ffe1db4        0xc CMakeFiles/payexp_m33.elf.dir/D_/IMX93/PROJECT/mcimx93evk_freertos_hello/SRC/01_DEV/M1_SysApp/system_data/m33_command.c.obj
                0x0ffe1db4                pump_2_ctl_cmd
 .text.pump_2_volt_cmd
                0x0ffe1dc0        0xc CMakeFiles/payexp_m33.elf.dir/D_/IMX93/PROJECT/mcimx93evk_freertos_hello/SRC/01_DEV/M1_SysApp/system_data/m33_command.c.obj
                0x0ffe1dc0                pump_2_volt_cmd
 .text.pump_2_freq_cmd
                0x0ffe1dcc        0xc CMakeFiles/payexp_m33.elf.dir/D_/IMX93/PROJECT/mcimx93evk_freertos_hello/SRC/01_DEV/M1_SysApp/system_data/m33_command.c.obj
                0x0ffe1dcc                pump_2_freq_cmd
 .text.sln_0_ctl_cmd
                0x0ffe1dd8        0xc CMakeFiles/payexp_m33.elf.dir/D_/IMX93/PROJECT/mcimx93evk_freertos_hello/SRC/01_DEV/M1_SysApp/system_data/m33_command.c.obj
                0x0ffe1dd8                sln_0_ctl_cmd
 .text.sln_1_ctl_cmd
                0x0ffe1de4        0xc CMakeFiles/payexp_m33.elf.dir/D_/IMX93/PROJECT/mcimx93evk_freertos_hello/SRC/01_DEV/M1_SysApp/system_data/m33_command.c.obj
                0x0ffe1de4                sln_1_ctl_cmd
 .text.sln_2_ctl_cmd
                0x0ffe1df0        0xc CMakeFiles/payexp_m33.elf.dir/D_/IMX93/PROJECT/mcimx93evk_freertos_hello/SRC/01_DEV/M1_SysApp/system_data/m33_command.c.obj
                0x0ffe1df0                sln_2_ctl_cmd
 .text.sln_3_ctl_cmd
                0x0ffe1dfc        0xc CMakeFiles/payexp_m33.elf.dir/D_/IMX93/PROJECT/mcimx93evk_freertos_hello/SRC/01_DEV/M1_SysApp/system_data/m33_command.c.obj
                0x0ffe1dfc                sln_3_ctl_cmd
 .text.sln_4_ctl_cmd
                0x0ffe1e08        0xc CMakeFiles/payexp_m33.elf.dir/D_/IMX93/PROJECT/mcimx93evk_freertos_hello/SRC/01_DEV/M1_SysApp/system_data/m33_command.c.obj
                0x0ffe1e08                sln_4_ctl_cmd
 .text.sln_5_ctl_cmd
                0x0ffe1e14        0xc CMakeFiles/payexp_m33.elf.dir/D_/IMX93/PROJECT/mcimx93evk_freertos_hello/SRC/01_DEV/M1_SysApp/system_data/m33_command.c.obj
                0x0ffe1e14                sln_5_ctl_cmd
 .text.sln_6_ctl_cmd
                0x0ffe1e20        0xc CMakeFiles/payexp_m33.elf.dir/D_/IMX93/PROJECT/mcimx93evk_freertos_hello/SRC/01_DEV/M1_SysApp/system_data/m33_command.c.obj
                0x0ffe1e20                sln_6_ctl_cmd
 .text.sln_7_ctl_cmd
                0x0ffe1e2c        0xc CMakeFiles/payexp_m33.elf.dir/D_/IMX93/PROJECT/mcimx93evk_freertos_hello/SRC/01_DEV/M1_SysApp/system_data/m33_command.c.obj
                0x0ffe1e2c                sln_7_ctl_cmd
 .text.sln_8_ctl_cmd
                0x0ffe1e38        0xc CMakeFiles/payexp_m33.elf.dir/D_/IMX93/PROJECT/mcimx93evk_freertos_hello/SRC/01_DEV/M1_SysApp/system_data/m33_command.c.obj
                0x0ffe1e38                sln_8_ctl_cmd
 .text.sln_9_ctl_cmd
                0x0ffe1e44        0xc CMakeFiles/payexp_m33.elf.dir/D_/IMX93/PROJECT/mcimx93evk_freertos_hello/SRC/01_DEV/M1_SysApp/system_data/m33_command.c.obj
                0x0ffe1e44                sln_9_ctl_cmd
 .text.sln_10_ctl_cmd
                0x0ffe1e50        0xc CMakeFiles/payexp_m33.elf.dir/D_/IMX93/PROJECT/mcimx93evk_freertos_hello/SRC/01_DEV/M1_SysApp/system_data/m33_command.c.obj
                0x0ffe1e50                sln_10_ctl_cmd
 .text.sln_11_ctl_cmd
                0x0ffe1e5c        0xc CMakeFiles/payexp_m33.elf.dir/D_/IMX93/PROJECT/mcimx93evk_freertos_hello/SRC/01_DEV/M1_SysApp/system_data/m33_command.c.obj
                0x0ffe1e5c                sln_11_ctl_cmd
 .text.sln_valve_1_ctl_cmd
                0x0ffe1e68        0xc CMakeFiles/payexp_m33.elf.dir/D_/IMX93/PROJECT/mcimx93evk_freertos_hello/SRC/01_DEV/M1_SysApp/system_data/m33_command.c.obj
                0x0ffe1e68                sln_valve_1_ctl_cmd
 .text.sln_valve_2_ctl_cmd
                0x0ffe1e74        0xc CMakeFiles/payexp_m33.elf.dir/D_/IMX93/PROJECT/mcimx93evk_freertos_hello/SRC/01_DEV/M1_SysApp/system_data/m33_command.c.obj
                0x0ffe1e74                sln_valve_2_ctl_cmd
 .text.temp_master_en_cmd
                0x0ffe1e80        0xc CMakeFiles/payexp_m33.elf.dir/D_/IMX93/PROJECT/mcimx93evk_freertos_hello/SRC/01_DEV/M1_SysApp/system_data/m33_command.c.obj
                0x0ffe1e80                temp_master_en_cmd
 .text.temp_p_1_en_cmd
                0x0ffe1e8c        0xc CMakeFiles/payexp_m33.elf.dir/D_/IMX93/PROJECT/mcimx93evk_freertos_hello/SRC/01_DEV/M1_SysApp/system_data/m33_command.c.obj
                0x0ffe1e8c                temp_p_1_en_cmd
 .text.temp_p_2_en_cmd
                0x0ffe1e98        0xc CMakeFiles/payexp_m33.elf.dir/D_/IMX93/PROJECT/mcimx93evk_freertos_hello/SRC/01_DEV/M1_SysApp/system_data/m33_command.c.obj
                0x0ffe1e98                temp_p_2_en_cmd
 .text.temp_p_3_en_cmd
                0x0ffe1ea4        0xc CMakeFiles/payexp_m33.elf.dir/D_/IMX93/PROJECT/mcimx93evk_freertos_hello/SRC/01_DEV/M1_SysApp/system_data/m33_command.c.obj
                0x0ffe1ea4                temp_p_3_en_cmd
 .text.temp_p_4_en_cmd
                0x0ffe1eb0        0xc CMakeFiles/payexp_m33.elf.dir/D_/IMX93/PROJECT/mcimx93evk_freertos_hello/SRC/01_DEV/M1_SysApp/system_data/m33_command.c.obj
                0x0ffe1eb0                temp_p_4_en_cmd
 .text.temp_p_5_en_cmd
                0x0ffe1ebc        0xc CMakeFiles/payexp_m33.elf.dir/D_/IMX93/PROJECT/mcimx93evk_freertos_hello/SRC/01_DEV/M1_SysApp/system_data/m33_command.c.obj
                0x0ffe1ebc                temp_p_5_en_cmd
 .text.temp_p_6_en_cmd
                0x0ffe1ec8        0xc CMakeFiles/payexp_m33.elf.dir/D_/IMX93/PROJECT/mcimx93evk_freertos_hello/SRC/01_DEV/M1_SysApp/system_data/m33_command.c.obj
                0x0ffe1ec8                temp_p_6_en_cmd
 .text.temp_p_1_setpoint_cmd
                0x0ffe1ed4        0xc CMakeFiles/payexp_m33.elf.dir/D_/IMX93/PROJECT/mcimx93evk_freertos_hello/SRC/01_DEV/M1_SysApp/system_data/m33_command.c.obj
                0x0ffe1ed4                temp_p_1_setpoint_cmd
 .text.temp_p_1_ntcp_cmd
                0x0ffe1ee0        0xc CMakeFiles/payexp_m33.elf.dir/D_/IMX93/PROJECT/mcimx93evk_freertos_hello/SRC/01_DEV/M1_SysApp/system_data/m33_command.c.obj
                0x0ffe1ee0                temp_p_1_ntcp_cmd
 .text.temp_p_1_ntcs_cmd
                0x0ffe1eec        0xc CMakeFiles/payexp_m33.elf.dir/D_/IMX93/PROJECT/mcimx93evk_freertos_hello/SRC/01_DEV/M1_SysApp/system_data/m33_command.c.obj
                0x0ffe1eec                temp_p_1_ntcs_cmd
 .text.temp_p_1_htr_cmd
                0x0ffe1ef8        0xc CMakeFiles/payexp_m33.elf.dir/D_/IMX93/PROJECT/mcimx93evk_freertos_hello/SRC/01_DEV/M1_SysApp/system_data/m33_command.c.obj
                0x0ffe1ef8                temp_p_1_htr_cmd
 .text.temp_p_1_tec_cmd
                0x0ffe1f04        0xc CMakeFiles/payexp_m33.elf.dir/D_/IMX93/PROJECT/mcimx93evk_freertos_hello/SRC/01_DEV/M1_SysApp/system_data/m33_command.c.obj
                0x0ffe1f04                temp_p_1_tec_cmd
 .text.temp_p_2_setpoint_cmd
                0x0ffe1f10        0xc CMakeFiles/payexp_m33.elf.dir/D_/IMX93/PROJECT/mcimx93evk_freertos_hello/SRC/01_DEV/M1_SysApp/system_data/m33_command.c.obj
                0x0ffe1f10                temp_p_2_setpoint_cmd
 .text.temp_p_2_ntcp_cmd
                0x0ffe1f1c        0xc CMakeFiles/payexp_m33.elf.dir/D_/IMX93/PROJECT/mcimx93evk_freertos_hello/SRC/01_DEV/M1_SysApp/system_data/m33_command.c.obj
                0x0ffe1f1c                temp_p_2_ntcp_cmd
 .text.temp_p_2_ntcs_cmd
                0x0ffe1f28        0xc CMakeFiles/payexp_m33.elf.dir/D_/IMX93/PROJECT/mcimx93evk_freertos_hello/SRC/01_DEV/M1_SysApp/system_data/m33_command.c.obj
                0x0ffe1f28                temp_p_2_ntcs_cmd
 .text.temp_p_2_htr_cmd
                0x0ffe1f34        0xc CMakeFiles/payexp_m33.elf.dir/D_/IMX93/PROJECT/mcimx93evk_freertos_hello/SRC/01_DEV/M1_SysApp/system_data/m33_command.c.obj
                0x0ffe1f34                temp_p_2_htr_cmd
 .text.temp_p_2_tec_cmd
                0x0ffe1f40        0xc CMakeFiles/payexp_m33.elf.dir/D_/IMX93/PROJECT/mcimx93evk_freertos_hello/SRC/01_DEV/M1_SysApp/system_data/m33_command.c.obj
                0x0ffe1f40                temp_p_2_tec_cmd
 .text.temp_p_3_setpoint_cmd
                0x0ffe1f4c        0xc CMakeFiles/payexp_m33.elf.dir/D_/IMX93/PROJECT/mcimx93evk_freertos_hello/SRC/01_DEV/M1_SysApp/system_data/m33_command.c.obj
                0x0ffe1f4c                temp_p_3_setpoint_cmd
 .text.temp_p_3_ntcp_cmd
                0x0ffe1f58        0xc CMakeFiles/payexp_m33.elf.dir/D_/IMX93/PROJECT/mcimx93evk_freertos_hello/SRC/01_DEV/M1_SysApp/system_data/m33_command.c.obj
                0x0ffe1f58                temp_p_3_ntcp_cmd
 .text.temp_p_3_ntcs_cmd
                0x0ffe1f64        0xc CMakeFiles/payexp_m33.elf.dir/D_/IMX93/PROJECT/mcimx93evk_freertos_hello/SRC/01_DEV/M1_SysApp/system_data/m33_command.c.obj
                0x0ffe1f64                temp_p_3_ntcs_cmd
 .text.temp_p_3_htr_cmd
                0x0ffe1f70        0xc CMakeFiles/payexp_m33.elf.dir/D_/IMX93/PROJECT/mcimx93evk_freertos_hello/SRC/01_DEV/M1_SysApp/system_data/m33_command.c.obj
                0x0ffe1f70                temp_p_3_htr_cmd
 .text.temp_p_3_tec_cmd
                0x0ffe1f7c        0xc CMakeFiles/payexp_m33.elf.dir/D_/IMX93/PROJECT/mcimx93evk_freertos_hello/SRC/01_DEV/M1_SysApp/system_data/m33_command.c.obj
                0x0ffe1f7c                temp_p_3_tec_cmd
 .text.temp_p_4_setpoint_cmd
                0x0ffe1f88        0xc CMakeFiles/payexp_m33.elf.dir/D_/IMX93/PROJECT/mcimx93evk_freertos_hello/SRC/01_DEV/M1_SysApp/system_data/m33_command.c.obj
                0x0ffe1f88                temp_p_4_setpoint_cmd
 .text.temp_p_4_ntcp_cmd
                0x0ffe1f94        0xc CMakeFiles/payexp_m33.elf.dir/D_/IMX93/PROJECT/mcimx93evk_freertos_hello/SRC/01_DEV/M1_SysApp/system_data/m33_command.c.obj
                0x0ffe1f94                temp_p_4_ntcp_cmd
 .text.temp_p_4_ntcs_cmd
                0x0ffe1fa0        0xc CMakeFiles/payexp_m33.elf.dir/D_/IMX93/PROJECT/mcimx93evk_freertos_hello/SRC/01_DEV/M1_SysApp/system_data/m33_command.c.obj
                0x0ffe1fa0                temp_p_4_ntcs_cmd
 .text.temp_p_4_htr_cmd
                0x0ffe1fac        0xc CMakeFiles/payexp_m33.elf.dir/D_/IMX93/PROJECT/mcimx93evk_freertos_hello/SRC/01_DEV/M1_SysApp/system_data/m33_command.c.obj
                0x0ffe1fac                temp_p_4_htr_cmd
 .text.temp_p_4_tec_cmd
                0x0ffe1fb8        0xc CMakeFiles/payexp_m33.elf.dir/D_/IMX93/PROJECT/mcimx93evk_freertos_hello/SRC/01_DEV/M1_SysApp/system_data/m33_command.c.obj
                0x0ffe1fb8                temp_p_4_tec_cmd
 .text.temp_p_5_setpoint_cmd
                0x0ffe1fc4        0xc CMakeFiles/payexp_m33.elf.dir/D_/IMX93/PROJECT/mcimx93evk_freertos_hello/SRC/01_DEV/M1_SysApp/system_data/m33_command.c.obj
                0x0ffe1fc4                temp_p_5_setpoint_cmd
 .text.temp_p_5_ntcp_cmd
                0x0ffe1fd0        0xc CMakeFiles/payexp_m33.elf.dir/D_/IMX93/PROJECT/mcimx93evk_freertos_hello/SRC/01_DEV/M1_SysApp/system_data/m33_command.c.obj
                0x0ffe1fd0                temp_p_5_ntcp_cmd
 .text.temp_p_5_ntcs_cmd
                0x0ffe1fdc        0xc CMakeFiles/payexp_m33.elf.dir/D_/IMX93/PROJECT/mcimx93evk_freertos_hello/SRC/01_DEV/M1_SysApp/system_data/m33_command.c.obj
                0x0ffe1fdc                temp_p_5_ntcs_cmd
 .text.temp_p_5_htr_cmd
                0x0ffe1fe8        0xc CMakeFiles/payexp_m33.elf.dir/D_/IMX93/PROJECT/mcimx93evk_freertos_hello/SRC/01_DEV/M1_SysApp/system_data/m33_command.c.obj
                0x0ffe1fe8                temp_p_5_htr_cmd
 .text.temp_p_5_tec_cmd
                0x0ffe1ff4        0xc CMakeFiles/payexp_m33.elf.dir/D_/IMX93/PROJECT/mcimx93evk_freertos_hello/SRC/01_DEV/M1_SysApp/system_data/m33_command.c.obj
                0x0ffe1ff4                temp_p_5_tec_cmd
 .text.temp_p_6_setpoint_cmd
                0x0ffe2000        0xc CMakeFiles/payexp_m33.elf.dir/D_/IMX93/PROJECT/mcimx93evk_freertos_hello/SRC/01_DEV/M1_SysApp/system_data/m33_command.c.obj
                0x0ffe2000                temp_p_6_setpoint_cmd
 .text.temp_p_6_ntcp_cmd
                0x0ffe200c        0xc CMakeFiles/payexp_m33.elf.dir/D_/IMX93/PROJECT/mcimx93evk_freertos_hello/SRC/01_DEV/M1_SysApp/system_data/m33_command.c.obj
                0x0ffe200c                temp_p_6_ntcp_cmd
 .text.temp_p_6_ntcs_cmd
                0x0ffe2018        0xc CMakeFiles/payexp_m33.elf.dir/D_/IMX93/PROJECT/mcimx93evk_freertos_hello/SRC/01_DEV/M1_SysApp/system_data/m33_command.c.obj
                0x0ffe2018                temp_p_6_ntcs_cmd
 .text.temp_p_6_htr_cmd
                0x0ffe2024        0xc CMakeFiles/payexp_m33.elf.dir/D_/IMX93/PROJECT/mcimx93evk_freertos_hello/SRC/01_DEV/M1_SysApp/system_data/m33_command.c.obj
                0x0ffe2024                temp_p_6_htr_cmd
 .text.temp_p_6_tec_cmd
                0x0ffe2030        0xc CMakeFiles/payexp_m33.elf.dir/D_/IMX93/PROJECT/mcimx93evk_freertos_hello/SRC/01_DEV/M1_SysApp/system_data/m33_command.c.obj
                0x0ffe2030                temp_p_6_tec_cmd
 .text.test_ls_current_cmd
                0x0ffe203c        0xc CMakeFiles/payexp_m33.elf.dir/D_/IMX93/PROJECT/mcimx93evk_freertos_hello/SRC/01_DEV/M1_SysApp/system_data/m33_command.c.obj
                0x0ffe203c                test_ls_current_cmd
 .text.test_fluidic_seq_cmd
                0x0ffe2048        0xc CMakeFiles/payexp_m33.elf.dir/D_/IMX93/PROJECT/mcimx93evk_freertos_hello/SRC/01_DEV/M1_SysApp/system_data/m33_command.c.obj
                0x0ffe2048                test_fluidic_seq_cmd
 .text.exp_fluidic_seq_cmd
                0x0ffe2054        0xc CMakeFiles/payexp_m33.elf.dir/D_/IMX93/PROJECT/mcimx93evk_freertos_hello/SRC/01_DEV/M1_SysApp/system_data/m33_command.c.obj
                0x0ffe2054                exp_fluidic_seq_cmd
 .text.exp_mon_start_cmd
                0x0ffe2060       0x30 CMakeFiles/payexp_m33.elf.dir/D_/IMX93/PROJECT/mcimx93evk_freertos_hello/SRC/01_DEV/M1_SysApp/system_data/m33_command.c.obj
                0x0ffe2060                exp_mon_start_cmd
 .text.exp_mon_delay_cmd
                0x0ffe2090       0x30 CMakeFiles/payexp_m33.elf.dir/D_/IMX93/PROJECT/mcimx93evk_freertos_hello/SRC/01_DEV/M1_SysApp/system_data/m33_command.c.obj
                0x0ffe2090                exp_mon_delay_cmd
 .text.exp_mon_interval_cmd
                0x0ffe20c0       0x30 CMakeFiles/payexp_m33.elf.dir/D_/IMX93/PROJECT/mcimx93evk_freertos_hello/SRC/01_DEV/M1_SysApp/system_data/m33_command.c.obj
                0x0ffe20c0                exp_mon_interval_cmd
 .text.dls_ls_intensity_cmd
                0x0ffe20f0       0x30 CMakeFiles/payexp_m33.elf.dir/D_/IMX93/PROJECT/mcimx93evk_freertos_hello/SRC/01_DEV/M1_SysApp/system_data/m33_command.c.obj
                0x0ffe20f0                dls_ls_intensity_cmd
 .text.cam_ls_intensity_cmd
                0x0ffe2120        0xc CMakeFiles/payexp_m33.elf.dir/D_/IMX93/PROJECT/mcimx93evk_freertos_hello/SRC/01_DEV/M1_SysApp/system_data/m33_command.c.obj
                0x0ffe2120                cam_ls_intensity_cmd
 .text.exp_samp_rate_cmd
                0x0ffe212c       0x30 CMakeFiles/payexp_m33.elf.dir/D_/IMX93/PROJECT/mcimx93evk_freertos_hello/SRC/01_DEV/M1_SysApp/system_data/m33_command.c.obj
                0x0ffe212c                exp_samp_rate_cmd
 .text.exp_pre_time_cmd
                0x0ffe215c       0x30 CMakeFiles/payexp_m33.elf.dir/D_/IMX93/PROJECT/mcimx93evk_freertos_hello/SRC/01_DEV/M1_SysApp/system_data/m33_command.c.obj
                0x0ffe215c                exp_pre_time_cmd
 .text.exp_samp_time_cmd
                0x0ffe218c       0x30 CMakeFiles/payexp_m33.elf.dir/D_/IMX93/PROJECT/mcimx93evk_freertos_hello/SRC/01_DEV/M1_SysApp/system_data/m33_command.c.obj
                0x0ffe218c                exp_samp_time_cmd
 .text.exp_post_time_cmd
                0x0ffe21bc       0x30 CMakeFiles/payexp_m33.elf.dir/D_/IMX93/PROJECT/mcimx93evk_freertos_hello/SRC/01_DEV/M1_SysApp/system_data/m33_command.c.obj
                0x0ffe21bc                exp_post_time_cmd
 .text.custom_ctl_cmd
                0x0ffe21ec        0xc CMakeFiles/payexp_m33.elf.dir/D_/IMX93/PROJECT/mcimx93evk_freertos_hello/SRC/01_DEV/M1_SysApp/system_data/m33_command.c.obj
                0x0ffe21ec                custom_ctl_cmd
 .text.m33_data_get_i.part.0
                0x0ffe21f8       0x24 CMakeFiles/payexp_m33.elf.dir/D_/IMX93/PROJECT/mcimx93evk_freertos_hello/SRC/01_DEV/M1_SysApp/system_data/m33_data.c.obj
 .text.m33_data_get_u.part.0
                0x0ffe221c       0x24 CMakeFiles/payexp_m33.elf.dir/D_/IMX93/PROJECT/mcimx93evk_freertos_hello/SRC/01_DEV/M1_SysApp/system_data/m33_data.c.obj
 .text.m33_data_init
                0x0ffe2240       0x98 CMakeFiles/payexp_m33.elf.dir/D_/IMX93/PROJECT/mcimx93evk_freertos_hello/SRC/01_DEV/M1_SysApp/system_data/m33_data.c.obj
                0x0ffe2240                m33_data_init
 .text.m33_data_set_u
                0x0ffe22d8       0x28 CMakeFiles/payexp_m33.elf.dir/D_/IMX93/PROJECT/mcimx93evk_freertos_hello/SRC/01_DEV/M1_SysApp/system_data/m33_data.c.obj
                0x0ffe22d8                m33_data_set_u
 .text.m33_data_set_u_lock
                0x0ffe2300       0x30 CMakeFiles/payexp_m33.elf.dir/D_/IMX93/PROJECT/mcimx93evk_freertos_hello/SRC/01_DEV/M1_SysApp/system_data/m33_data.c.obj
                0x0ffe2300                m33_data_set_u_lock
 .text.m33_data_get_i
                0x0ffe2330        0xc CMakeFiles/payexp_m33.elf.dir/D_/IMX93/PROJECT/mcimx93evk_freertos_hello/SRC/01_DEV/M1_SysApp/system_data/m33_data.c.obj
                0x0ffe2330                m33_data_get_i
 .text.m33_data_get_i_lock
                0x0ffe233c       0x30 CMakeFiles/payexp_m33.elf.dir/D_/IMX93/PROJECT/mcimx93evk_freertos_hello/SRC/01_DEV/M1_SysApp/system_data/m33_data.c.obj
                0x0ffe233c                m33_data_get_i_lock
 .text.m33_data_get_u
                0x0ffe236c        0xc CMakeFiles/payexp_m33.elf.dir/D_/IMX93/PROJECT/mcimx93evk_freertos_hello/SRC/01_DEV/M1_SysApp/system_data/m33_data.c.obj
                0x0ffe236c                m33_data_get_u
 .text.m33_data_get_u_lock
                0x0ffe2378       0x30 CMakeFiles/payexp_m33.elf.dir/D_/IMX93/PROJECT/mcimx93evk_freertos_hello/SRC/01_DEV/M1_SysApp/system_data/m33_data.c.obj
                0x0ffe2378                m33_data_get_u_lock
 .text.m33_data_ntc_temp_get
                0x0ffe23a8       0xc4 CMakeFiles/payexp_m33.elf.dir/D_/IMX93/PROJECT/mcimx93evk_freertos_hello/SRC/01_DEV/M1_SysApp/system_data/m33_data.c.obj
                0x0ffe23a8                m33_data_ntc_temp_get
 .text.Task_Experiment
                0x0ffe246c      0x190 CMakeFiles/payexp_m33.elf.dir/D_/IMX93/PROJECT/mcimx93evk_freertos_hello/SRC/01_DEV/M1_SysApp/task_experiment/task_experiment.c.obj
                0x0ffe246c                Task_Experiment
 .text.task_system_control
                0x0ffe25fc      0x110 CMakeFiles/payexp_m33.elf.dir/D_/IMX93/PROJECT/mcimx93evk_freertos_hello/SRC/01_DEV/M1_SysApp/task_system_control/task_system_control.c.obj
                0x0ffe25fc                task_system_control
 .text.M33_RPROC_Init
                0x0ffe270c        0x4 CMakeFiles/payexp_m33.elf.dir/D_/IMX93/PROJECT/mcimx93evk_freertos_hello/SRC/01_DEV/M2_BSP/remoteproc/m33_remoteproc.c.obj
                0x0ffe270c                M33_RPROC_Init
 .text.copyResourceTable
                0x0ffe2710       0x24 CMakeFiles/payexp_m33.elf.dir/D_/IMX93/PROJECT/mcimx93evk_freertos_hello/SRC/01_DEV/M2_BSP/remoteproc/rsc_table.c.obj
                0x0ffe2710                copyResourceTable
 .text.M33_RPMSG_Init
                0x0ffe2734       0x28 CMakeFiles/payexp_m33.elf.dir/D_/IMX93/PROJECT/mcimx93evk_freertos_hello/SRC/01_DEV/M2_BSP/rpmsg/m33_rpmsg.c.obj
                0x0ffe2734                M33_RPMSG_Init
 .text.M33_RPMSG_WaitForLinkUp
                0x0ffe275c       0x18 CMakeFiles/payexp_m33.elf.dir/D_/IMX93/PROJECT/mcimx93evk_freertos_hello/SRC/01_DEV/M2_BSP/rpmsg/m33_rpmsg.c.obj
                0x0ffe275c                M33_RPMSG_WaitForLinkUp
 .text.M33_RPMSG_CreateEndpoint
                0x0ffe2774       0x78 CMakeFiles/payexp_m33.elf.dir/D_/IMX93/PROJECT/mcimx93evk_freertos_hello/SRC/01_DEV/M2_BSP/rpmsg/m33_rpmsg.c.obj
                0x0ffe2774                M33_RPMSG_CreateEndpoint
 .text.M33_RPMSG_AllocTxBuffer
                0x0ffe27ec       0x2c CMakeFiles/payexp_m33.elf.dir/D_/IMX93/PROJECT/mcimx93evk_freertos_hello/SRC/01_DEV/M2_BSP/rpmsg/m33_rpmsg.c.obj
                0x0ffe27ec                M33_RPMSG_AllocTxBuffer
 .text.M33_RPMSG_SendNoCopy
                0x0ffe2818       0x38 CMakeFiles/payexp_m33.elf.dir/D_/IMX93/PROJECT/mcimx93evk_freertos_hello/SRC/01_DEV/M2_BSP/rpmsg/m33_rpmsg.c.obj
                0x0ffe2818                M33_RPMSG_SendNoCopy
 .text.M33_RPMSG_ReceiveNoCopy
                0x0ffe2850       0x40 CMakeFiles/payexp_m33.elf.dir/D_/IMX93/PROJECT/mcimx93evk_freertos_hello/SRC/01_DEV/M2_BSP/rpmsg/m33_rpmsg.c.obj
                0x0ffe2850                M33_RPMSG_ReceiveNoCopy
 .text.M33_RPMSG_ReleaseRxBuffer
                0x0ffe2890       0x24 CMakeFiles/payexp_m33.elf.dir/D_/IMX93/PROJECT/mcimx93evk_freertos_hello/SRC/01_DEV/M2_BSP/rpmsg/m33_rpmsg.c.obj
                0x0ffe2890                M33_RPMSG_ReleaseRxBuffer
 .text.M33_RPMSG_DestroyEndpoint
                0x0ffe28b4       0x3c CMakeFiles/payexp_m33.elf.dir/D_/IMX93/PROJECT/mcimx93evk_freertos_hello/SRC/01_DEV/M2_BSP/rpmsg/m33_rpmsg.c.obj
                0x0ffe28b4                M33_RPMSG_DestroyEndpoint
 .text.M33_RPMSG_Deinit
                0x0ffe28f0       0x1c CMakeFiles/payexp_m33.elf.dir/D_/IMX93/PROJECT/mcimx93evk_freertos_hello/SRC/01_DEV/M2_BSP/rpmsg/m33_rpmsg.c.obj
                0x0ffe28f0                M33_RPMSG_Deinit
 .text.BSP_Init
                0x0ffe290c      0x130 CMakeFiles/payexp_m33.elf.dir/D_/IMX93/PROJECT/mcimx93evk_freertos_hello/SRC/01_DEV/M2_BSP/bsp_board/bsp.c.obj
                0x0ffe290c                BSP_Init
 .text.CLOCK_EnableClock
                0x0ffe2a3c       0x28 CMakeFiles/payexp_m33.elf.dir/D_/IMX93/PROJECT/mcimx93evk_freertos_hello/SRC/01_DEV/M2_BSP/bsp_core/bsp_core.c.obj
 .text.bsp_core_init
                0x0ffe2a64      0x4e4 CMakeFiles/payexp_m33.elf.dir/D_/IMX93/PROJECT/mcimx93evk_freertos_hello/SRC/01_DEV/M2_BSP/bsp_core/bsp_core.c.obj
                0x0ffe2a64                bsp_core_init
 .text.LPUART2_IRQHandler
                0x0ffe2f48       0x88 CMakeFiles/payexp_m33.elf.dir/D_/IMX93/PROJECT/mcimx93evk_freertos_hello/SRC/01_DEV/M2_BSP/bsp_peripheral/bsp_debug_console/bsp_debug_console.c.obj
                0x0ffe2f48                LPUART2_IRQHandler
 .text.bsp_expander_init
                0x0ffe2fd0       0x54 CMakeFiles/payexp_m33.elf.dir/D_/IMX93/PROJECT/mcimx93evk_freertos_hello/SRC/01_DEV/M2_BSP/bsp_peripheral/bsp_expander/bsp_expander.c.obj
                0x0ffe2fd0                bsp_expander_init
 .text.bsp_expander_ctrl
                0x0ffe3024       0x28 CMakeFiles/payexp_m33.elf.dir/D_/IMX93/PROJECT/mcimx93evk_freertos_hello/SRC/01_DEV/M2_BSP/bsp_peripheral/bsp_expander/bsp_expander.c.obj
                0x0ffe3024                bsp_expander_ctrl
 .text.bsp_heater_enable
                0x0ffe304c        0x8 CMakeFiles/payexp_m33.elf.dir/D_/IMX93/PROJECT/mcimx93evk_freertos_hello/SRC/01_DEV/M2_BSP/bsp_peripheral/bsp_heater/bsp_heater.c.obj
                0x0ffe304c                bsp_heater_enable
 .text.bsp_heater_init
                0x0ffe3054       0x38 CMakeFiles/payexp_m33.elf.dir/D_/IMX93/PROJECT/mcimx93evk_freertos_hello/SRC/01_DEV/M2_BSP/bsp_peripheral/bsp_heater/bsp_heater.c.obj
                0x0ffe3054                bsp_heater_init
 .text.bsp_i2c_sensor_init
                0x0ffe308c       0x3c CMakeFiles/payexp_m33.elf.dir/D_/IMX93/PROJECT/mcimx93evk_freertos_hello/SRC/01_DEV/M2_BSP/bsp_peripheral/bsp_i2c_sensor/bsp_i2c_sensor.c.obj
                0x0ffe308c                bsp_i2c_sensor_init
 .text.bsp_laser_init
                0x0ffe30c8       0x40 CMakeFiles/payexp_m33.elf.dir/D_/IMX93/PROJECT/mcimx93evk_freertos_hello/SRC/01_DEV/M2_BSP/bsp_peripheral/bsp_laser/bsp_laser.c.obj
                0x0ffe30c8                bsp_laser_init
 .text.bsp_laser_int_set_dac
                0x0ffe3108       0x20 CMakeFiles/payexp_m33.elf.dir/D_/IMX93/PROJECT/mcimx93evk_freertos_hello/SRC/01_DEV/M2_BSP/bsp_peripheral/bsp_laser/bsp_laser.c.obj
                0x0ffe3108                bsp_laser_int_set_dac
 .text.bsp_laser_int_sw_on
                0x0ffe3128       0x30 CMakeFiles/payexp_m33.elf.dir/D_/IMX93/PROJECT/mcimx93evk_freertos_hello/SRC/01_DEV/M2_BSP/bsp_peripheral/bsp_laser/bsp_laser.c.obj
                0x0ffe3128                bsp_laser_int_sw_on
 .text.bsp_laser_int_sw_off
                0x0ffe3158       0x30 CMakeFiles/payexp_m33.elf.dir/D_/IMX93/PROJECT/mcimx93evk_freertos_hello/SRC/01_DEV/M2_BSP/bsp_peripheral/bsp_laser/bsp_laser.c.obj
                0x0ffe3158                bsp_laser_int_sw_off
 .text.bsp_laser_int_all_sw_off
                0x0ffe3188       0x1c CMakeFiles/payexp_m33.elf.dir/D_/IMX93/PROJECT/mcimx93evk_freertos_hello/SRC/01_DEV/M2_BSP/bsp_peripheral/bsp_laser/bsp_laser.c.obj
                0x0ffe3188                bsp_laser_int_all_sw_off
 .text.bsp_onboard_adc_config
                0x0ffe31a4       0x72 CMakeFiles/payexp_m33.elf.dir/D_/IMX93/PROJECT/mcimx93evk_freertos_hello/SRC/01_DEV/M2_BSP/bsp_peripheral/bsp_onboard_adc/bsp_onboard_adc.c.obj
 *fill*         0x0ffe3216        0x2 
 .text.spi_io_onboard_adc_config.isra.0
                0x0ffe3218       0x78 CMakeFiles/payexp_m33.elf.dir/D_/IMX93/PROJECT/mcimx93evk_freertos_hello/SRC/01_DEV/M2_BSP/bsp_peripheral/bsp_onboard_adc/bsp_onboard_adc.c.obj
 .text.bsp_onboard_adc_init
                0x0ffe3290       0x70 CMakeFiles/payexp_m33.elf.dir/D_/IMX93/PROJECT/mcimx93evk_freertos_hello/SRC/01_DEV/M2_BSP/bsp_peripheral/bsp_onboard_adc/bsp_onboard_adc.c.obj
                0x0ffe3290                bsp_onboard_adc_init
 .text.bsp_photo_init
                0x0ffe3300       0x14 CMakeFiles/payexp_m33.elf.dir/D_/IMX93/PROJECT/mcimx93evk_freertos_hello/SRC/01_DEV/M2_BSP/bsp_peripheral/bsp_photo/bsp_photo.c.obj
                0x0ffe3300                bsp_photo_init
 .text.bsp_photo_int_sw_on
                0x0ffe3314       0x30 CMakeFiles/payexp_m33.elf.dir/D_/IMX93/PROJECT/mcimx93evk_freertos_hello/SRC/01_DEV/M2_BSP/bsp_peripheral/bsp_photo/bsp_photo.c.obj
                0x0ffe3314                bsp_photo_int_sw_on
 .text.bsp_photo_int_sw_off
                0x0ffe3344       0x30 CMakeFiles/payexp_m33.elf.dir/D_/IMX93/PROJECT/mcimx93evk_freertos_hello/SRC/01_DEV/M2_BSP/bsp_peripheral/bsp_photo/bsp_photo.c.obj
                0x0ffe3344                bsp_photo_int_sw_off
 .text.bsp_photo_int_all_sw_off
                0x0ffe3374       0x1c CMakeFiles/payexp_m33.elf.dir/D_/IMX93/PROJECT/mcimx93evk_freertos_hello/SRC/01_DEV/M2_BSP/bsp_peripheral/bsp_photo/bsp_photo.c.obj
                0x0ffe3374                bsp_photo_int_all_sw_off
 .text.bsp_photo_setup_timmer
                0x0ffe3390       0x78 CMakeFiles/payexp_m33.elf.dir/D_/IMX93/PROJECT/mcimx93evk_freertos_hello/SRC/01_DEV/M2_BSP/bsp_peripheral/bsp_photo/bsp_photo.c.obj
                0x0ffe3390                bsp_photo_setup_timmer
 .text.bsp_photo_start_timer
                0x0ffe3408       0x18 CMakeFiles/payexp_m33.elf.dir/D_/IMX93/PROJECT/mcimx93evk_freertos_hello/SRC/01_DEV/M2_BSP/bsp_peripheral/bsp_photo/bsp_photo.c.obj
                0x0ffe3408                bsp_photo_start_timer
 .text.bsp_photo_stop_timer
                0x0ffe3420       0x10 CMakeFiles/payexp_m33.elf.dir/D_/IMX93/PROJECT/mcimx93evk_freertos_hello/SRC/01_DEV/M2_BSP/bsp_peripheral/bsp_photo/bsp_photo.c.obj
                0x0ffe3420                bsp_photo_stop_timer
 .text.bsp_photo_spi_irq_init
                0x0ffe3430       0x7c CMakeFiles/payexp_m33.elf.dir/D_/IMX93/PROJECT/mcimx93evk_freertos_hello/SRC/01_DEV/M2_BSP/bsp_peripheral/bsp_photo/bsp_photo.c.obj
                0x0ffe3430                bsp_photo_spi_irq_init
 .text.bsp_photo_spi_irq_deinit
                0x0ffe34ac       0x6c CMakeFiles/payexp_m33.elf.dir/D_/IMX93/PROJECT/mcimx93evk_freertos_hello/SRC/01_DEV/M2_BSP/bsp_peripheral/bsp_photo/bsp_photo.c.obj
                0x0ffe34ac                bsp_photo_spi_irq_deinit
 .text.TPM2_IRQHandler
                0x0ffe3518       0x2c CMakeFiles/payexp_m33.elf.dir/D_/IMX93/PROJECT/mcimx93evk_freertos_hello/SRC/01_DEV/M2_BSP/bsp_peripheral/bsp_photo/bsp_photo.c.obj
                0x0ffe3518                TPM2_IRQHandler
 .text.LPSPI5_IRQHandler
                0x0ffe3544       0x48 CMakeFiles/payexp_m33.elf.dir/D_/IMX93/PROJECT/mcimx93evk_freertos_hello/SRC/01_DEV/M2_BSP/bsp_peripheral/bsp_photo/bsp_photo.c.obj
                0x0ffe3544                LPSPI5_IRQHandler
 .text.LPSPI6_DriverIRQHandler
                0x0ffe358c       0x48 CMakeFiles/payexp_m33.elf.dir/D_/IMX93/PROJECT/mcimx93evk_freertos_hello/SRC/01_DEV/M2_BSP/bsp_peripheral/bsp_spi_sensor/bsp_spi_sensor.c.obj
                0x0ffe358c                LPSPI6_DriverIRQHandler
 .text._mp_i2c_write_block.part.0
                0x0ffe35d4       0x2c CMakeFiles/payexp_m33.elf.dir/D_/IMX93/PROJECT/mcimx93evk_freertos_hello/SRC/01_DEV/M2_BSP/bsp_peripheral/bsp_pump/bsp_pump.c.obj
 .text.bsp_pump_init
                0x0ffe3600       0x50 CMakeFiles/payexp_m33.elf.dir/D_/IMX93/PROJECT/mcimx93evk_freertos_hello/SRC/01_DEV/M2_BSP/bsp_peripheral/bsp_pump/bsp_pump.c.obj
                0x0ffe3600                bsp_pump_init
 .text.delay_init
                0x0ffe3650       0x34 CMakeFiles/payexp_m33.elf.dir/D_/IMX93/PROJECT/mcimx93evk_freertos_hello/SRC/01_DEV/M3_Devices/components/delay/nxp/nxp_delay.c.obj
                0x0ffe3650                delay_init
 .text.delay_us
                0x0ffe3684       0x34 CMakeFiles/payexp_m33.elf.dir/D_/IMX93/PROJECT/mcimx93evk_freertos_hello/SRC/01_DEV/M3_Devices/components/delay/nxp/nxp_delay.c.obj
                0x0ffe3684                delay_us
 .text.delay_wait_flag_set_timeout
                0x0ffe36b8       0x4c CMakeFiles/payexp_m33.elf.dir/D_/IMX93/PROJECT/mcimx93evk_freertos_hello/SRC/01_DEV/M3_Devices/components/delay/nxp/nxp_delay.c.obj
                0x0ffe36b8                delay_wait_flag_set_timeout
 .text.delay_wait_flag_clr_timeout
                0x0ffe3704       0x48 CMakeFiles/payexp_m33.elf.dir/D_/IMX93/PROJECT/mcimx93evk_freertos_hello/SRC/01_DEV/M3_Devices/components/delay/nxp/nxp_delay.c.obj
                0x0ffe3704                delay_wait_flag_clr_timeout
 .text.do_set   0x0ffe374c       0x28 CMakeFiles/payexp_m33.elf.dir/D_/IMX93/PROJECT/mcimx93evk_freertos_hello/SRC/01_DEV/M3_Devices/components/dio/nxp/do.c.obj
                0x0ffe374c                do_set
 .text.do_reset
                0x0ffe3774       0x28 CMakeFiles/payexp_m33.elf.dir/D_/IMX93/PROJECT/mcimx93evk_freertos_hello/SRC/01_DEV/M3_Devices/components/dio/nxp/do.c.obj
                0x0ffe3774                do_reset
 .text.spi_io_init
                0x0ffe379c        0x6 CMakeFiles/payexp_m33.elf.dir/D_/IMX93/PROJECT/mcimx93evk_freertos_hello/SRC/01_DEV/M3_Devices/components/spi/spi_io.c.obj
                0x0ffe379c                spi_io_init
 *fill*         0x0ffe37a2        0x2 
 .text.spi_io_set_mode
                0x0ffe37a4       0x80 CMakeFiles/payexp_m33.elf.dir/D_/IMX93/PROJECT/mcimx93evk_freertos_hello/SRC/01_DEV/M3_Devices/components/spi/nxp/spi_io_nxp.c.obj
                0x0ffe37a4                spi_io_set_mode
 .text.spi_io_read_sync
                0x0ffe3824       0x9c CMakeFiles/payexp_m33.elf.dir/D_/IMX93/PROJECT/mcimx93evk_freertos_hello/SRC/01_DEV/M3_Devices/components/spi/nxp/spi_io_nxp.c.obj
                0x0ffe3824                spi_io_read_sync
 .text.spi_io_write_sync
                0x0ffe38c0       0x94 CMakeFiles/payexp_m33.elf.dir/D_/IMX93/PROJECT/mcimx93evk_freertos_hello/SRC/01_DEV/M3_Devices/components/spi/nxp/spi_io_nxp.c.obj
                0x0ffe38c0                spi_io_write_sync
 .text.spi_io_transfer_sync
                0x0ffe3954       0xa4 CMakeFiles/payexp_m33.elf.dir/D_/IMX93/PROJECT/mcimx93evk_freertos_hello/SRC/01_DEV/M3_Devices/components/spi/nxp/spi_io_nxp.c.obj
                0x0ffe3954                spi_io_transfer_sync
 .text.i2c_io_init
                0x0ffe39f8        0x6 CMakeFiles/payexp_m33.elf.dir/D_/IMX93/PROJECT/mcimx93evk_freertos_hello/SRC/01_DEV/M3_Devices/components/i2c/i2c_io.c.obj
                0x0ffe39f8                i2c_io_init
 *fill*         0x0ffe39fe        0x2 
 .text.i2c_recovery.isra.0
                0x0ffe3a00      0x10c CMakeFiles/payexp_m33.elf.dir/D_/IMX93/PROJECT/mcimx93evk_freertos_hello/SRC/01_DEV/M3_Devices/components/i2c/nxp/nxp_i2c_io.c.obj
 .text.i2c_io_send
                0x0ffe3b0c      0x110 CMakeFiles/payexp_m33.elf.dir/D_/IMX93/PROJECT/mcimx93evk_freertos_hello/SRC/01_DEV/M3_Devices/components/i2c/nxp/nxp_i2c_io.c.obj
                0x0ffe3b0c                i2c_io_send
 .text.i2c_io_recv
                0x0ffe3c1c      0x144 CMakeFiles/payexp_m33.elf.dir/D_/IMX93/PROJECT/mcimx93evk_freertos_hello/SRC/01_DEV/M3_Devices/components/i2c/nxp/nxp_i2c_io.c.obj
                0x0ffe3c1c                i2c_io_recv
 .text.SP_UART_Prime_Transmit
                0x0ffe3d60       0x64 CMakeFiles/payexp_m33.elf.dir/D_/IMX93/PROJECT/mcimx93evk_freertos_hello/SRC/01_DEV/M3_Devices/components/sp_uart/port/NXP/sp_uart_port.c.obj
                0x0ffe3d60                SP_UART_Prime_Transmit
 .text.wr_frame
                0x0ffe3dc4       0x48 CMakeFiles/payexp_m33.elf.dir/D_/IMX93/PROJECT/mcimx93evk_freertos_hello/SRC/01_DEV/M3_Devices/devices/AD4114/ad4114.c.obj
 .text.ad4114_write16
                0x0ffe3e0c       0x1c CMakeFiles/payexp_m33.elf.dir/D_/IMX93/PROJECT/mcimx93evk_freertos_hello/SRC/01_DEV/M3_Devices/devices/AD4114/ad4114.c.obj
 .text.rd_frame