D:/IMX93/PROJECT/mcimx93evk_freertos_hello/SRC/01_DEV/M2_BSP/bsp_peripheral/bsp_onboard_adc/bsp_onboard_adc.c:104:10:bsp_onboard_update_m33_data	8	static
D:/IMX93/PROJECT/mcimx93evk_freertos_hello/SRC/01_DEV/M2_BSP/bsp_peripheral/bsp_onboard_adc/bsp_onboard_adc.c:109:10:bsp_onboard_adc_init	16	static
D:/IMX93/PROJECT/mcimx93evk_freertos_hello/SRC/01_DEV/M2_BSP/bsp_peripheral/bsp_onboard_adc/bsp_onboard_adc.c:151:10:bsp_onboard_adc_update_raw	16	static
D:/IMX93/PROJECT/mcimx93evk_freertos_hello/SRC/01_DEV/M2_BSP/bsp_peripheral/bsp_onboard_adc/bsp_onboard_adc.c:178:6:bsp_onboard_adc_update_volt	16	static
D:/IMX93/PROJECT/mcimx93evk_freertos_hello/SRC/01_DEV/M2_BSP/bsp_peripheral/bsp_onboard_adc/bsp_onboard_adc.c:187:6:bsp_convert_TEC	4	static
D:/IMX93/PROJECT/mcimx93evk_freertos_hello/SRC/01_DEV/M2_BSP/bsp_peripheral/bsp_onboard_adc/bsp_onboard_adc.c:192:6:bsp_convert_NTC	48	static
D:/IMX93/PROJECT/mcimx93evk_freertos_hello/SRC/01_DEV/M2_BSP/bsp_peripheral/bsp_onboard_adc/bsp_onboard_adc.c:204:6:bsp_convert_eFUSE_Current	24	static
D:/IMX93/PROJECT/mcimx93evk_freertos_hello/SRC/01_DEV/M2_BSP/bsp_peripheral/bsp_onboard_adc/bsp_onboard_adc.c:217:6:bsp_convert_onboard_temp	4	static
D:/IMX93/PROJECT/mcimx93evk_freertos_hello/SRC/01_DEV/M2_BSP/bsp_peripheral/bsp_onboard_adc/bsp_onboard_adc.c:224:17:bsp_onboard_adc_config	40	static
D:/IMX93/PROJECT/mcimx93evk_freertos_hello/SRC/01_DEV/M2_BSP/bsp_peripheral/bsp_onboard_adc/bsp_onboard_adc.c:270:17:bsp_onboard_adc_get_vin_mv	40	static
D:/IMX93/PROJECT/mcimx93evk_freertos_hello/SRC/01_DEV/M2_BSP/bsp_peripheral/bsp_onboard_adc/bsp_onboard_adc.c:324:17:spi_io_onboard_adc_config	32	static
