D:/anh_khoa/document/project/nxp_mcux/workspace/space_liin_tech/satelite_exp_imx93/00_sdk/SDK_2_14_0_MIMX9352xxxxK/CMSIS/Core/Include/core_cm33.h:2378:22:__NVIC_EnableIRQ	16	static
D:/anh_khoa/document/project/nxp_mcux/workspace/space_liin_tech/satelite_exp_imx93/00_sdk/SDK_2_14_0_MIMX9352xxxxK/devices/MIMX9352/drivers/fsl_clock.h:1316:20:CLOCK_ControlGate	16	static
D:/anh_khoa/document/project/nxp_mcux/workspace/space_liin_tech/satelite_exp_imx93/00_sdk/SDK_2_14_0_MIMX9352xxxxK/devices/MIMX9352/drivers/fsl_clock.h:1329:20:CLOCK_EnableClock	16	static
D:/anh_khoa/document/project/nxp_mcux/workspace/space_liin_tech/satelite_exp_imx93/00_sdk/SDK_2_14_0_MIMX9352xxxxK/devices/MIMX9352/drivers/fsl_clock.h:1339:20:CLOCK_DisableClock	16	static
D:/anh_khoa/document/project/nxp_mcux/workspace/space_liin_tech/satelite_exp_imx93/00_sdk/SDK_2_14_0_MIMX9352xxxxK/devices/MIMX9352/drivers/fsl_common_arm.h:514:24:EnableIRQ	24	static
D:/anh_khoa/document/project/nxp_mcux/workspace/space_liin_tech/satelite_exp_imx93/00_sdk/SDK_2_14_0_MIMX9352xxxxK/devices/MIMX9352/drivers/fsl_lpspi.h:507:20:LPSPI_Enable	16	static
D:/anh_khoa/document/project/nxp_mcux/workspace/space_liin_tech/satelite_exp_imx93/00_sdk/SDK_2_14_0_MIMX9352xxxxK/devices/MIMX9352/drivers/fsl_lpspi.h:540:24:LPSPI_GetStatusFlags	16	static
D:/anh_khoa/document/project/nxp_mcux/workspace/space_liin_tech/satelite_exp_imx93/00_sdk/SDK_2_14_0_MIMX9352xxxxK/devices/MIMX9352/drivers/fsl_lpspi.h:560:23:LPSPI_GetRxFifoSize	16	static
D:/anh_khoa/document/project/nxp_mcux/workspace/space_liin_tech/satelite_exp_imx93/00_sdk/SDK_2_14_0_MIMX9352xxxxK/devices/MIMX9352/drivers/fsl_lpspi.h:570:24:LPSPI_GetTxFifoCount	16	static
D:/anh_khoa/document/project/nxp_mcux/workspace/space_liin_tech/satelite_exp_imx93/00_sdk/SDK_2_14_0_MIMX9352xxxxK/devices/MIMX9352/drivers/fsl_lpspi.h:580:24:LPSPI_GetRxFifoCount	16	static
D:/anh_khoa/document/project/nxp_mcux/workspace/space_liin_tech/satelite_exp_imx93/00_sdk/SDK_2_14_0_MIMX9352xxxxK/devices/MIMX9352/drivers/fsl_lpspi.h:598:20:LPSPI_ClearStatusFlags	16	static
D:/anh_khoa/document/project/nxp_mcux/workspace/space_liin_tech/satelite_exp_imx93/00_sdk/SDK_2_14_0_MIMX9352xxxxK/devices/MIMX9352/drivers/fsl_lpspi.h:625:20:LPSPI_EnableInterrupts	16	static
D:/anh_khoa/document/project/nxp_mcux/workspace/space_liin_tech/satelite_exp_imx93/00_sdk/SDK_2_14_0_MIMX9352xxxxK/devices/MIMX9352/drivers/fsl_lpspi.h:640:20:LPSPI_DisableInterrupts	16	static
D:/anh_khoa/document/project/nxp_mcux/workspace/space_liin_tech/satelite_exp_imx93/00_sdk/SDK_2_14_0_MIMX9352xxxxK/devices/MIMX9352/drivers/fsl_lpspi.h:743:20:LPSPI_SetMasterSlaveMode	16	static
D:/anh_khoa/document/project/nxp_mcux/workspace/space_liin_tech/satelite_exp_imx93/00_sdk/SDK_2_14_0_MIMX9352xxxxK/devices/MIMX9352/drivers/fsl_lpspi.h:788:20:LPSPI_IsMaster	16	static
D:/anh_khoa/document/project/nxp_mcux/workspace/space_liin_tech/satelite_exp_imx93/00_sdk/SDK_2_14_0_MIMX9352xxxxK/devices/MIMX9352/drivers/fsl_lpspi.h:800:20:LPSPI_FlushFifo	16	static
D:/anh_khoa/document/project/nxp_mcux/workspace/space_liin_tech/satelite_exp_imx93/00_sdk/SDK_2_14_0_MIMX9352xxxxK/devices/MIMX9352/drivers/fsl_lpspi.h:816:20:LPSPI_SetFifoWatermarks	24	static
D:/anh_khoa/document/project/nxp_mcux/workspace/space_liin_tech/satelite_exp_imx93/00_sdk/SDK_2_14_0_MIMX9352xxxxK/devices/MIMX9352/drivers/fsl_lpspi.h:961:20:LPSPI_WriteData	16	static
D:/anh_khoa/document/project/nxp_mcux/workspace/space_liin_tech/satelite_exp_imx93/00_sdk/SDK_2_14_0_MIMX9352xxxxK/devices/MIMX9352/drivers/fsl_lpspi.h:975:24:LPSPI_ReadData	16	static
D:/anh_khoa/document/project/nxp_mcux/workspace/space_liin_tech/satelite_exp_imx93/00_sdk/SDK_2_14_0_MIMX9352xxxxK/devices/MIMX9352/drivers/fsl_lpspi.c:237:10:LPSPI_GetInstance	24	static
D:/anh_khoa/document/project/nxp_mcux/workspace/space_liin_tech/satelite_exp_imx93/00_sdk/SDK_2_14_0_MIMX9352xxxxK/devices/MIMX9352/drivers/fsl_lpspi.c:265:6:LPSPI_SetDummyData	24	static
D:/anh_khoa/document/project/nxp_mcux/workspace/space_liin_tech/satelite_exp_imx93/00_sdk/SDK_2_14_0_MIMX9352xxxxK/devices/MIMX9352/drivers/fsl_lpspi.c:278:6:LPSPI_MasterInit	32	static
D:/anh_khoa/document/project/nxp_mcux/workspace/space_liin_tech/satelite_exp_imx93/00_sdk/SDK_2_14_0_MIMX9352xxxxK/devices/MIMX9352/drivers/fsl_lpspi.c:345:6:LPSPI_MasterGetDefaultConfig	16	static
D:/anh_khoa/document/project/nxp_mcux/workspace/space_liin_tech/satelite_exp_imx93/00_sdk/SDK_2_14_0_MIMX9352xxxxK/devices/MIMX9352/drivers/fsl_lpspi.c:377:6:LPSPI_SlaveInit	24	static
D:/anh_khoa/document/project/nxp_mcux/workspace/space_liin_tech/satelite_exp_imx93/00_sdk/SDK_2_14_0_MIMX9352xxxxK/devices/MIMX9352/drivers/fsl_lpspi.c:429:6:LPSPI_SlaveGetDefaultConfig	16	static
D:/anh_khoa/document/project/nxp_mcux/workspace/space_liin_tech/satelite_exp_imx93/00_sdk/SDK_2_14_0_MIMX9352xxxxK/devices/MIMX9352/drivers/fsl_lpspi.c:454:6:LPSPI_Reset	16	static
D:/anh_khoa/document/project/nxp_mcux/workspace/space_liin_tech/satelite_exp_imx93/00_sdk/SDK_2_14_0_MIMX9352xxxxK/devices/MIMX9352/drivers/fsl_lpspi.c:470:6:LPSPI_Deinit	24	static
D:/anh_khoa/document/project/nxp_mcux/workspace/space_liin_tech/satelite_exp_imx93/00_sdk/SDK_2_14_0_MIMX9352xxxxK/devices/MIMX9352/drivers/fsl_lpspi.c:488:13:LPSPI_SetOnePcsPolarity	24	static
D:/anh_khoa/document/project/nxp_mcux/workspace/space_liin_tech/satelite_exp_imx93/00_sdk/SDK_2_14_0_MIMX9352xxxxK/devices/MIMX9352/drivers/fsl_lpspi.c:523:10:LPSPI_MasterSetBaudRate	64	static
D:/anh_khoa/document/project/nxp_mcux/workspace/space_liin_tech/satelite_exp_imx93/00_sdk/SDK_2_14_0_MIMX9352xxxxK/devices/MIMX9352/drivers/fsl_lpspi.c:635:6:LPSPI_MasterSetDelayScaler	32	static
D:/anh_khoa/document/project/nxp_mcux/workspace/space_liin_tech/satelite_exp_imx93/00_sdk/SDK_2_14_0_MIMX9352xxxxK/devices/MIMX9352/drivers/fsl_lpspi.c:708:10:LPSPI_MasterSetDelayTimes	192	static
D:/anh_khoa/document/project/nxp_mcux/workspace/space_liin_tech/satelite_exp_imx93/00_sdk/SDK_2_14_0_MIMX9352xxxxK/devices/MIMX9352/drivers/fsl_lpspi.c:831:6:LPSPI_MasterTransferCreateHandle	24	static
D:/anh_khoa/document/project/nxp_mcux/workspace/space_liin_tech/satelite_exp_imx93/00_sdk/SDK_2_14_0_MIMX9352xxxxK/devices/MIMX9352/drivers/fsl_lpspi.c:858:6:LPSPI_CheckTransferArgument	40	static
D:/anh_khoa/document/project/nxp_mcux/workspace/space_liin_tech/satelite_exp_imx93/00_sdk/SDK_2_14_0_MIMX9352xxxxK/devices/MIMX9352/drivers/fsl_lpspi.c:924:13:LPSPI_MasterTransferWriteAllTxData	64	static
D:/anh_khoa/document/project/nxp_mcux/workspace/space_liin_tech/satelite_exp_imx93/00_sdk/SDK_2_14_0_MIMX9352xxxxK/devices/MIMX9352/drivers/fsl_lpspi.c:1048:13:LPSPI_MasterTransferClearTCR	24	static
D:/anh_khoa/document/project/nxp_mcux/workspace/space_liin_tech/satelite_exp_imx93/00_sdk/SDK_2_14_0_MIMX9352xxxxK/devices/MIMX9352/drivers/fsl_lpspi.c:1068:13:LPSPI_MasterTransferReadDataInFifo	32	static
D:/anh_khoa/document/project/nxp_mcux/workspace/space_liin_tech/satelite_exp_imx93/00_sdk/SDK_2_14_0_MIMX9352xxxxK/devices/MIMX9352/drivers/fsl_lpspi.c:1106:13:LPSPI_MasterTransferReadDataInFifoNoBuf	16	static
D:/anh_khoa/document/project/nxp_mcux/workspace/space_liin_tech/satelite_exp_imx93/00_sdk/SDK_2_14_0_MIMX9352xxxxK/devices/MIMX9352/drivers/fsl_lpspi.c:1141:10:LPSPI_MasterTransferBlocking	48	static
D:/anh_khoa/document/project/nxp_mcux/workspace/space_liin_tech/satelite_exp_imx93/00_sdk/SDK_2_14_0_MIMX9352xxxxK/devices/MIMX9352/drivers/fsl_lpspi.c:1299:10:LPSPI_MasterTransferNonBlocking	48	static
D:/anh_khoa/document/project/nxp_mcux/workspace/space_liin_tech/satelite_exp_imx93/00_sdk/SDK_2_14_0_MIMX9352xxxxK/devices/MIMX9352/drivers/fsl_lpspi.c:1488:13:LPSPI_MasterTransferFillUpTxFifo	40	static
D:/anh_khoa/document/project/nxp_mcux/workspace/space_liin_tech/satelite_exp_imx93/00_sdk/SDK_2_14_0_MIMX9352xxxxK/devices/MIMX9352/drivers/fsl_lpspi.c:1556:13:LPSPI_MasterTransferComplete	24	static
D:/anh_khoa/document/project/nxp_mcux/workspace/space_liin_tech/satelite_exp_imx93/00_sdk/SDK_2_14_0_MIMX9352xxxxK/devices/MIMX9352/drivers/fsl_lpspi.c:1581:10:LPSPI_MasterTransferGetCount	32	static
D:/anh_khoa/document/project/nxp_mcux/workspace/space_liin_tech/satelite_exp_imx93/00_sdk/SDK_2_14_0_MIMX9352xxxxK/devices/MIMX9352/drivers/fsl_lpspi.c:1621:6:LPSPI_MasterTransferAbort	16	static
D:/anh_khoa/document/project/nxp_mcux/workspace/space_liin_tech/satelite_exp_imx93/00_sdk/SDK_2_14_0_MIMX9352xxxxK/devices/MIMX9352/drivers/fsl_lpspi.c:1643:6:LPSPI_MasterTransferHandleIRQ	32	static
D:/anh_khoa/document/project/nxp_mcux/workspace/space_liin_tech/satelite_exp_imx93/00_sdk/SDK_2_14_0_MIMX9352xxxxK/devices/MIMX9352/drivers/fsl_lpspi.c:1780:6:LPSPI_SlaveTransferCreateHandle	24	static
D:/anh_khoa/document/project/nxp_mcux/workspace/space_liin_tech/satelite_exp_imx93/00_sdk/SDK_2_14_0_MIMX9352xxxxK/devices/MIMX9352/drivers/fsl_lpspi.c:1816:10:LPSPI_SlaveTransferNonBlocking	40	static
D:/anh_khoa/document/project/nxp_mcux/workspace/space_liin_tech/satelite_exp_imx93/00_sdk/SDK_2_14_0_MIMX9352xxxxK/devices/MIMX9352/drivers/fsl_lpspi.c:1959:13:LPSPI_SlaveTransferFillUpTxFifo	32	static
D:/anh_khoa/document/project/nxp_mcux/workspace/space_liin_tech/satelite_exp_imx93/00_sdk/SDK_2_14_0_MIMX9352xxxxK/devices/MIMX9352/drivers/fsl_lpspi.c:1991:13:LPSPI_SlaveTransferComplete	32	static
D:/anh_khoa/document/project/nxp_mcux/workspace/space_liin_tech/satelite_exp_imx93/00_sdk/SDK_2_14_0_MIMX9352xxxxK/devices/MIMX9352/drivers/fsl_lpspi.c:2027:10:LPSPI_SlaveTransferGetCount	32	static
D:/anh_khoa/document/project/nxp_mcux/workspace/space_liin_tech/satelite_exp_imx93/00_sdk/SDK_2_14_0_MIMX9352xxxxK/devices/MIMX9352/drivers/fsl_lpspi.c:2067:6:LPSPI_SlaveTransferAbort	16	static
D:/anh_khoa/document/project/nxp_mcux/workspace/space_liin_tech/satelite_exp_imx93/00_sdk/SDK_2_14_0_MIMX9352xxxxK/devices/MIMX9352/drivers/fsl_lpspi.c:2089:6:LPSPI_SlaveTransferHandleIRQ	32	static
D:/anh_khoa/document/project/nxp_mcux/workspace/space_liin_tech/satelite_exp_imx93/00_sdk/SDK_2_14_0_MIMX9352xxxxK/devices/MIMX9352/drivers/fsl_lpspi.c:2213:17:LPSPI_CombineWriteData	24	static
D:/anh_khoa/document/project/nxp_mcux/workspace/space_liin_tech/satelite_exp_imx93/00_sdk/SDK_2_14_0_MIMX9352xxxxK/devices/MIMX9352/drivers/fsl_lpspi.c:2301:13:LPSPI_SeparateReadData	24	static
D:/anh_khoa/document/project/nxp_mcux/workspace/space_liin_tech/satelite_exp_imx93/00_sdk/SDK_2_14_0_MIMX9352xxxxK/devices/MIMX9352/drivers/fsl_lpspi.c:2385:13:LPSPI_TxFifoReady	16	static
D:/anh_khoa/document/project/nxp_mcux/workspace/space_liin_tech/satelite_exp_imx93/00_sdk/SDK_2_14_0_MIMX9352xxxxK/devices/MIMX9352/drivers/fsl_lpspi.c:2404:13:LPSPI_CommonIRQHandler	16	static
D:/anh_khoa/document/project/nxp_mcux/workspace/space_liin_tech/satelite_exp_imx93/00_sdk/SDK_2_14_0_MIMX9352xxxxK/devices/MIMX9352/drivers/fsl_lpspi.c:2428:6:LPSPI1_DriverIRQHandler	8	static
D:/anh_khoa/document/project/nxp_mcux/workspace/space_liin_tech/satelite_exp_imx93/00_sdk/SDK_2_14_0_MIMX9352xxxxK/devices/MIMX9352/drivers/fsl_lpspi.c:2437:6:LPSPI2_DriverIRQHandler	8	static
D:/anh_khoa/document/project/nxp_mcux/workspace/space_liin_tech/satelite_exp_imx93/00_sdk/SDK_2_14_0_MIMX9352xxxxK/devices/MIMX9352/drivers/fsl_lpspi.c:2446:6:LPSPI3_DriverIRQHandler	8	static
D:/anh_khoa/document/project/nxp_mcux/workspace/space_liin_tech/satelite_exp_imx93/00_sdk/SDK_2_14_0_MIMX9352xxxxK/devices/MIMX9352/drivers/fsl_lpspi.c:2455:6:LPSPI4_DriverIRQHandler	8	static
