D:/anh_khoa/document/project/baobuibk-SpaceLiin_Satellite_M33_FW_1.1.0/SRC/01_DEV/M2_BSP/bsp_peripheral/bsp_pump/bsp_pump.c:55:6:bsp_pump_init	8	static
D:/anh_khoa/document/project/baobuibk-SpaceLiin_Satellite_M33_FW_1.1.0/SRC/01_DEV/M2_BSP/bsp_peripheral/bsp_pump/bsp_pump.c:69:6:I2C_HD_Pump_set_enable	16	static
D:/anh_khoa/document/project/baobuibk-SpaceLiin_Satellite_M33_FW_1.1.0/SRC/01_DEV/M2_BSP/bsp_peripheral/bsp_pump/bsp_pump.c:74:6:I2C_HD_Pump_set_Voltage	16	static
D:/anh_khoa/document/project/baobuibk-SpaceLiin_Satellite_M33_FW_1.1.0/SRC/01_DEV/M2_BSP/bsp_peripheral/bsp_pump/bsp_pump.c:79:6:I2C_HD_Pump_Set_Freq	16	static
D:/anh_khoa/document/project/baobuibk-SpaceLiin_Satellite_M33_FW_1.1.0/SRC/01_DEV/M2_BSP/bsp_peripheral/bsp_pump/bsp_pump.c:86:20:_mp_i2c_write_block	48	static
D:/anh_khoa/document/project/baobuibk-SpaceLiin_Satellite_M33_FW_1.1.0/SRC/01_DEV/M2_BSP/bsp_peripheral/bsp_pump/bsp_pump.c:109:13:Highdriver_init	24	static
D:/anh_khoa/document/project/baobuibk-SpaceLiin_Satellite_M33_FW_1.1.0/SRC/01_DEV/M2_BSP/bsp_peripheral/bsp_pump/bsp_pump.c:132:13:Highdriver_enable	24	static
D:/anh_khoa/document/project/baobuibk-SpaceLiin_Satellite_M33_FW_1.1.0/SRC/01_DEV/M2_BSP/bsp_peripheral/bsp_pump/bsp_pump.c:141:13:Highdriver_setvoltage	32	static
D:/anh_khoa/document/project/baobuibk-SpaceLiin_Satellite_M33_FW_1.1.0/SRC/01_DEV/M2_BSP/bsp_peripheral/bsp_pump/bsp_pump.c:163:13:Highdriver_setfrequency	24	static
