D:/PROJECT/XpressoSDK/SDK_2_14_0_MIMX9352xxxxK/devices/MIMX9352/drivers/fsl_iomuxc.h:700:20:IOMUXC_SetPinMux	24	static
D:/PROJECT/XpressoSDK/SDK_2_14_0_MIMX9352xxxxK/devices/MIMX9352/drivers/fsl_iomuxc.h:728:20:IOMUXC_SetPinConfig	24	static
D:/IMX93/PROJECT/mcimx93evk_freertos_hello/SRC/Core/Src/pin_mux.c:32:6:BOARD_InitBootPins	8	static
D:/IMX93/PROJECT/mcimx93evk_freertos_hello/SRC/Core/Src/pin_mux.c:46:6:BOARD_InitPins_Growup	16	static
D:/IMX93/PROJECT/mcimx93evk_freertos_hello/SRC/Core/Src/pin_mux.c:229:6:BOARD_InitPins	16	static
