D:/IMX93/PROJECT/mcimx93evk_freertos_hello/SRC/01_DEV/M4_Middlewares/os/freertos/osDelay.c:19:6:osDelay	24	static
D:/IMX93/PROJECT/mcimx93evk_freertos_hello/SRC/01_DEV/M4_Middlewares/os/freertos/osDelay.c:24:10:osDefineTime	16	static
D:/IMX93/PROJECT/mcimx93evk_freertos_hello/SRC/01_DEV/M4_Middlewares/os/freertos/osDelay.c:28:10:osTaskGetTickCount	8	static
D:/IMX93/PROJECT/mcimx93evk_freertos_hello/SRC/01_DEV/M4_Middlewares/os/freertos/osDelay.c:32:6:osTaskDelayUntil	24	static
D:/IMX93/PROJECT/mcimx93evk_freertos_hello/SRC/01_DEV/M4_Middlewares/os/freertos/osDelay.c:37:5:osSetTimeUnix	16	static
D:/IMX93/PROJECT/mcimx93evk_freertos_hello/SRC/01_DEV/M4_Middlewares/os/freertos/osDelay.c:42:9:osGetTimeUnix	8	static
