D:/IMX93/PROJECT/mcimx93evk_freertos_hello/SRC/01_DEV/M5_Utils/DateTime/date_time.c:26:23:isLeapYear	16	static
D:/IMX93/PROJECT/mcimx93evk_freertos_hello/SRC/01_DEV/M5_Utils/DateTime/date_time.c:31:23:getMaxDays	16	static
D:/IMX93/PROJECT/mcimx93evk_freertos_hello/SRC/01_DEV/M5_Utils/DateTime/date_time.c:41:17:DateTimeToEpoch	32	static
D:/IMX93/PROJECT/mcimx93evk_freertos_hello/SRC/01_DEV/M5_Utils/DateTime/date_time.c:59:6:EpochToDateTime	32	static
D:/IMX93/PROJECT/mcimx93evk_freertos_hello/SRC/01_DEV/M5_Utils/DateTime/date_time.c:102:6:Utils_SoftTime_Update	16	static
D:/IMX93/PROJECT/mcimx93evk_freertos_hello/SRC/01_DEV/M5_Utils/DateTime/date_time.c:205:6:Utils_SoftTime_Init	4	static
D:/IMX93/PROJECT/mcimx93evk_freertos_hello/SRC/01_DEV/M5_Utils/DateTime/date_time.c:226:6:Utils_GetRTC	16	static
D:/IMX93/PROJECT/mcimx93evk_freertos_hello/SRC/01_DEV/M5_Utils/DateTime/date_time.c:232:6:Utils_SetRTC	16	static
D:/IMX93/PROJECT/mcimx93evk_freertos_hello/SRC/01_DEV/M5_Utils/DateTime/date_time.c:242:6:Utils_SetEpoch	24	static
D:/IMX93/PROJECT/mcimx93evk_freertos_hello/SRC/01_DEV/M5_Utils/DateTime/date_time.c:253:10:Utils_GetEpoch	8	static
D:/IMX93/PROJECT/mcimx93evk_freertos_hello/SRC/01_DEV/M5_Utils/DateTime/date_time.c:258:6:Utils_GetWorkingTime	24	static
D:/IMX93/PROJECT/mcimx93evk_freertos_hello/SRC/01_DEV/M5_Utils/DateTime/date_time.c:267:9:Utils_Cronjob_SetMoment	24	static
D:/IMX93/PROJECT/mcimx93evk_freertos_hello/SRC/01_DEV/M5_Utils/DateTime/date_time.c:284:9:Utils_Cronjob_SetCountdown	32	static
D:/IMX93/PROJECT/mcimx93evk_freertos_hello/SRC/01_DEV/M5_Utils/DateTime/date_time.c:300:9:Utils_Cronjob_SetEvery	32	static
D:/IMX93/PROJECT/mcimx93evk_freertos_hello/SRC/01_DEV/M5_Utils/DateTime/date_time.c:319:9:Utils_Cronjob_Delete	16	static
