Archive member included to satisfy reference by file (symbol)

C:/Users/Admin/.mcuxpressotools/arm-gnu-toolchain-14.2.rel1-mingw-w64-x86_64-arm-none-eabi/bin/../lib/gcc/arm-none-eabi/14.2.1/thumb/v8-m.main+fp/hard\libgcc.a(_arm_muldf3.o)
                              CMakeFiles/payexp_m33.elf.dir/D_/IMX93/PROJECT/mcimx93evk_freertos_hello/SRC/01_DEV/M2_BSP/bsp_peripheral/bsp_i2c_sensor/bsp_i2c_sensor.c.obj (__aeabi_dmul)
C:/Users/Admin/.mcuxpressotools/arm-gnu-toolchain-14.2.rel1-mingw-w64-x86_64-arm-none-eabi/bin/../lib/gcc/arm-none-eabi/14.2.1/thumb/v8-m.main+fp/hard\libgcc.a(_arm_addsubdf3.o)
                              CMakeFiles/payexp_m33.elf.dir/D_/IMX93/PROJECT/mcimx93evk_freertos_hello/SRC/01_DEV/M2_BSP/bsp_peripheral/bsp_i2c_sensor/bsp_i2c_sensor.c.obj (__aeabi_dsub)
C:/Users/Admin/.mcuxpressotools/arm-gnu-toolchain-14.2.rel1-mingw-w64-x86_64-arm-none-eabi/bin/../lib/gcc/arm-none-eabi/14.2.1/thumb/v8-m.main+fp/hard\libgcc.a(_arm_muldivdf3.o)
                              CMakeFiles/payexp_m33.elf.dir/D_/IMX93/PROJECT/mcimx93evk_freertos_hello/SRC/01_DEV/M2_BSP/bsp_peripheral/bsp_i2c_sensor/bsp_i2c_sensor.c.obj (__aeabi_ddiv)
C:/Users/Admin/.mcuxpressotools/arm-gnu-toolchain-14.2.rel1-mingw-w64-x86_64-arm-none-eabi/bin/../lib/gcc/arm-none-eabi/14.2.1/thumb/v8-m.main+fp/hard\libgcc.a(_arm_cmpdf2.o)
                              CMakeFiles/payexp_m33.elf.dir/D_/IMX93/PROJECT/mcimx93evk_freertos_hello/SRC/01_DEV/M4_Middlewares/printf/printf.c.obj (__aeabi_dcmpeq)
C:/Users/Admin/.mcuxpressotools/arm-gnu-toolchain-14.2.rel1-mingw-w64-x86_64-arm-none-eabi/bin/../lib/gcc/arm-none-eabi/14.2.1/thumb/v8-m.main+fp/hard\libgcc.a(_arm_fixdfsi.o)
                              CMakeFiles/payexp_m33.elf.dir/D_/IMX93/PROJECT/mcimx93evk_freertos_hello/SRC/01_DEV/M4_Middlewares/printf/printf.c.obj (__aeabi_d2iz)
C:/Users/Admin/.mcuxpressotools/arm-gnu-toolchain-14.2.rel1-mingw-w64-x86_64-arm-none-eabi/bin/../lib/gcc/arm-none-eabi/14.2.1/thumb/v8-m.main+fp/hard\libgcc.a(_arm_fixunsdfsi.o)
                              CMakeFiles/payexp_m33.elf.dir/D_/IMX93/PROJECT/mcimx93evk_freertos_hello/SRC/01_DEV/M2_BSP/bsp_peripheral/bsp_onboard_adc/bsp_onboard_adc.c.obj (__aeabi_d2uiz)
C:/Users/Admin/.mcuxpressotools/arm-gnu-toolchain-14.2.rel1-mingw-w64-x86_64-arm-none-eabi/bin/../lib/gcc/arm-none-eabi/14.2.1/thumb/v8-m.main+fp/hard\libgcc.a(_arm_truncdfsf2.o)
                              CMakeFiles/payexp_m33.elf.dir/D_/IMX93/PROJECT/mcimx93evk_freertos_hello/SRC/01_DEV/M1_SysApp/task_temperature/app_temperature.c.obj (__aeabi_d2f)
C:/Users/Admin/.mcuxpressotools/arm-gnu-toolchain-14.2.rel1-mingw-w64-x86_64-arm-none-eabi/bin/../lib/gcc/arm-none-eabi/14.2.1/thumb/v8-m.main+fp/hard\libgcc.a(_aeabi_ldivmod.o)
                              CMakeFiles/payexp_m33.elf.dir/D_/IMX93/PROJECT/mcimx93evk_freertos_hello/SRC/01_DEV/M3_Devices/devices/LT8722/lt8722.c.obj (__aeabi_ldivmod)
C:/Users/Admin/.mcuxpressotools/arm-gnu-toolchain-14.2.rel1-mingw-w64-x86_64-arm-none-eabi/bin/../lib/gcc/arm-none-eabi/14.2.1/thumb/v8-m.main+fp/hard\libgcc.a(_aeabi_uldivmod.o)
                              CMakeFiles/payexp_m33.elf.dir/D_/IMX93/PROJECT/mcimx93evk_freertos_hello/SRC/01_DEV/M2_BSP/bsp_peripheral/bsp_photo/bsp_photo.c.obj (__aeabi_uldivmod)
C:/Users/Admin/.mcuxpressotools/arm-gnu-toolchain-14.2.rel1-mingw-w64-x86_64-arm-none-eabi/bin/../lib/gcc/arm-none-eabi/14.2.1/thumb/v8-m.main+fp/hard\libgcc.a(_udivmoddi4.o)
                              C:/Users/Admin/.mcuxpressotools/arm-gnu-toolchain-14.2.rel1-mingw-w64-x86_64-arm-none-eabi/bin/../lib/gcc/arm-none-eabi/14.2.1/thumb/v8-m.main+fp/hard\libgcc.a(_aeabi_ldivmod.o) (__udivmoddi4)
C:/Users/Admin/.mcuxpressotools/arm-gnu-toolchain-14.2.rel1-mingw-w64-x86_64-arm-none-eabi/bin/../lib/gcc/arm-none-eabi/14.2.1/thumb/v8-m.main+fp/hard\libgcc.a(_dvmd_tls.o)
                              C:/Users/Admin/.mcuxpressotools/arm-gnu-toolchain-14.2.rel1-mingw-w64-x86_64-arm-none-eabi/bin/../lib/gcc/arm-none-eabi/14.2.1/thumb/v8-m.main+fp/hard\libgcc.a(_aeabi_ldivmod.o) (__aeabi_ldiv0)
C:/Users/Admin/.mcuxpressotools/arm-gnu-toolchain-14.2.rel1-mingw-w64-x86_64-arm-none-eabi/bin/../lib/gcc/arm-none-eabi/14.2.1/thumb/v8-m.main+fp/hard\libc_nano.a(libc_a-atoi.o)
                              CMakeFiles/payexp_m33.elf.dir/D_/IMX93/PROJECT/mcimx93evk_freertos_hello/SRC/01_DEV/M1_SysApp/Services/cmdline.c.obj (atoi)
C:/Users/Admin/.mcuxpressotools/arm-gnu-toolchain-14.2.rel1-mingw-w64-x86_64-arm-none-eabi/bin/../lib/gcc/arm-none-eabi/14.2.1/thumb/v8-m.main+fp/hard\libc_nano.a(libc_a-exit.o)
                              C:/Users/Admin/.mcuxpressotools/arm-gnu-toolchain-14.2.rel1-mingw-w64-x86_64-arm-none-eabi/bin/../lib/gcc/arm-none-eabi/14.2.1/thumb/v8-m.main+fp/hard/crt0.o (exit)
C:/Users/Admin/.mcuxpressotools/arm-gnu-toolchain-14.2.rel1-mingw-w64-x86_64-arm-none-eabi/bin/../lib/gcc/arm-none-eabi/14.2.1/thumb/v8-m.main+fp/hard\libc_nano.a(libc_a-malloc.o)
[...]
Memory Configuration

Name             Origin             Length             Attributes
m_interrupts     0x0ffe0000         0x00000478         xr
m_text           0x0ffe0478         0x0001fb88         xr
m_m33_suspend_ram 0x20000000         0x00002000         rw
m_a55_suspend_ram 0x20002000         0x00001000         rw
m_data           0x20003000         0x0001c000         rw
m_rsc_tbl        0xa401f000         0x00001000         rw
RPMSG_SMEM       0xa4220000         0x08000000         xrw
*default*        0x00000000         0xffffffff

Linker script and memory map

LOAD C:/Users/Admin/.mcuxpressotools/arm-gnu-toolchain-14.2.rel1-mingw-w64-x86_64-arm-none-eabi/bin/../lib/gcc/arm-none-eabi/14.2.1/thumb/v8-m.main+fp/hard/crti.o
LOAD C:/Users/Admin/.mcuxpressotools/arm-gnu-toolchain-14.2.rel1-mingw-w64-x86_64-arm-none-eabi/bin/../lib/gcc/arm-none-eabi/14.2.1/thumb/v8-m.main+fp/hard/crtbegin.o
LOAD C:/Users/Admin/.mcuxpressotools/arm-gnu-toolchain-14.2.rel1-mingw-w64-x86_64-arm-none-eabi/bin/../lib/gcc/arm-none-eabi/14.2.1/thumb/v8-m.main+fp/hard/crt0.o
LOAD CMakeFiles/payexp_m33.elf.dir/D_/IMX93/PROJECT/mcimx93evk_freertos_hello/SRC/Core/Src/board.c.obj
LOAD CMakeFiles/payexp_m33.elf.dir/D_/IMX93/PROJECT/mcimx93evk_freertos_hello/SRC/Core/Src/clock_config.c.obj
LOAD CMakeFiles/payexp_m33.elf.dir/D_/IMX93/PROJECT/mcimx93evk_freertos_hello/SRC/Core/Src/main.c.obj
LOAD CMakeFiles/payexp_m33.elf.dir/D_/IMX93/PROJECT/mcimx93evk_freertos_hello/SRC/Core/Src/MIMX9352cm33_it.c.obj
LOAD CMakeFiles/payexp_m33.elf.dir/D_/IMX93/PROJECT/mcimx93evk_freertos_hello/SRC/Core/Src/pin_mux.c.obj
LOAD CMakeFiles/payexp_m33.elf.dir/D_/IMX93/PROJECT/mcimx93evk_freertos_hello/SRC/01_DEV/M0_App/Boot/boot_manager.c.obj
LOAD CMakeFiles/payexp_m33.elf.dir/D_/IMX93/PROJECT/mcimx93evk_freertos_hello/SRC/01_DEV/M0_App/OS/Kernel/rtos.c.obj
LOAD CMakeFiles/payexp_m33.elf.dir/D_/IMX93/PROJECT/mcimx93evk_freertos_hello/SRC/01_DEV/M0_App/OS/Task/rtos_tasks.c.obj
LOAD CMakeFiles/payexp_m33.elf.dir/D_/IMX93/PROJECT/mcimx93evk_freertos_hello/SRC/01_DEV/M1_SysApp/Interface/RemoteCall/remote_call.c.obj
LOAD CMakeFiles/payexp_m33.elf.dir/D_/IMX93/PROJECT/mcimx93evk_freertos_hello/SRC/01_DEV/M1_SysApp/Interface/SimpleShell/simple_shell.c.obj
LOAD CMakeFiles/payexp_m33.elf.dir/D_/IMX93/PROJECT/mcimx93evk_freertos_hello/SRC/01_DEV/M1_SysApp/Services/cmdline.c.obj
LOAD CMakeFiles/payexp_m33.elf.dir/D_/IMX93/PROJECT/mcimx93evk_freertos_hello/SRC/01_DEV/M1_SysApp/system_data/m33_command.c.obj
LOAD CMakeFiles/payexp_m33.elf.dir/D_/IMX93/PROJECT/mcimx93evk_freertos_hello/SRC/01_DEV/M1_SysApp/system_data/m33_data.c.obj
LOAD CMakeFiles/payexp_m33.elf.dir/D_/IMX93/PROJECT/mcimx93evk_freertos_hello/SRC/01_DEV/M1_SysApp/task_update_onboard_adc/task_update_onboard_adc.c.obj
LOAD CMakeFiles/payexp_m33.elf.dir/D_/IMX93/PROJECT/mcimx93evk_freertos_hello/SRC/01_DEV/M1_SysApp/task_temperature/app_temperature.c.obj
LOAD CMakeFiles/payexp_m33.elf.dir/D_/IMX93/PROJECT/mcimx93evk_freertos_hello/SRC/01_DEV/M1_SysApp/task_experiment/task_experiment.c.obj
LOAD CMakeFiles/payexp_m33.elf.dir/D_/IMX93/PROJECT/mcimx93evk_freertos_hello/SRC/01_DEV/M2_BSP/remoteproc/m33_remoteproc.c.obj
LOAD CMakeFiles/payexp_m33.elf.dir/D_/IMX93/PROJECT/mcimx93evk_freertos_hello/SRC/01_DEV/M2_BSP/remoteproc/rsc_table.c.obj
LOAD CMakeFiles/payexp_m33.elf.dir/D_/IMX93/PROJECT/mcimx93evk_freertos_hello/SRC/01_DEV/M2_BSP/rpmsg/m33_rpmsg.c.obj
LOAD CMakeFiles/payexp_m33.elf.dir/D_/IMX93/PROJECT/mcimx93evk_freertos_hello/SRC/01_DEV/M2_BSP/bsp_board/bsp.c.obj
LOAD CMakeFiles/payexp_m33.elf.dir/D_/IMX93/PROJECT/mcimx93evk_freertos_hello/SRC/01_DEV/M2_BSP/bsp_core/bsp_core.c.obj
LOAD CMakeFiles/payexp_m33.elf.dir/D_/IMX93/PROJECT/mcimx93evk_freertos_hello/SRC/01_DEV/M2_BSP/bsp_peripheral/bsp_debug_console/bsp_debug_console.c.obj
LOAD CMakeFiles/payexp_m33.elf.dir/D_/IMX93/PROJECT/mcimx93evk_freertos_hello/SRC/01_DEV/M2_BSP/bsp_peripheral/bsp_expander/bsp_expander.c.obj
LOAD CMakeFiles/payexp_m33.elf.dir/D_/IMX93/PROJECT/mcimx93evk_freertos_hello/SRC/01_DEV/M2_BSP/bsp_peripheral/bsp_heater/bsp_heater.c.obj
LOAD CMakeFiles/payexp_m33.elf.dir/D_/IMX93/PROJECT/mcimx93evk_freertos_hello/SRC/01_DEV/M2_BSP/bsp_peripheral/bsp_i2c_sensor/bsp_i2c_sensor.c.obj
LOAD CMakeFiles/payexp_m33.elf.dir/D_/IMX93/PROJECT/mcimx93evk_freertos_hello/SRC/01_DEV/M2_BSP/bsp_peripheral/bsp_laser/bsp_laser.c.obj
LOAD CMakeFiles/payexp_m33.elf.dir/D_/IMX93/PROJECT/mcimx93evk_freertos_hello/SRC/01_DEV/M2_BSP/bsp_peripheral/bsp_onboard_adc/bsp_onboard_adc.c.obj
LOAD CMakeFiles/payexp_m33.elf.dir/D_/IMX93/PROJECT/mcimx93evk_freertos_hello/SRC/01_DEV/M2_BSP/bsp_peripheral/bsp_photo/bsp_photo.c.obj
LOAD CMakeFiles/payexp_m33.elf.dir/D_/IMX93/PROJECT/mcimx93evk_freertos_hello/SRC/01_DEV/M2_BSP/bsp_peripheral/bsp_power/bsp_power.c.obj
LOAD CMakeFiles/payexp_m33.elf.dir/D_/IMX93/PROJECT/mcimx93evk_freertos_hello/SRC/01_DEV/M2_BSP/bsp_peripheral/bsp_spi_sensor/bsp_spi_sensor.c.obj
LOAD CMakeFiles/payexp_m33.elf.dir/D_/IMX93/PROJECT/mcimx93evk_freertos_hello/SRC/01_DEV/M3_Devices/components/delay/nxp/nxp_delay.c.obj
LOAD CMakeFiles/payexp_m33.elf.dir/D_/IMX93/PROJECT/mcimx93evk_freertos_hello/SRC/01_DEV/M3_Devices/components/dio/nxp/do.c.obj
LOAD CMakeFiles/payexp_m33.elf.dir/D_/IMX93/PROJECT/mcimx93evk_freertos_hello/SRC/01_DEV/M3_Devices/components/spi/spi_io.c.obj
LOAD CMakeFiles/payexp_m33.elf.dir/D_/IMX93/PROJECT/mcimx93evk_freertos_hello/SRC/01_DEV/M3_Devices/components/spi/nxp/spi_io_nxp.c.obj
LOAD CMakeFiles/payexp_m33.elf.dir/D_/IMX93/PROJECT/mcimx93evk_freertos_hello/SRC/01_DEV/M3_Devices/components/i2c/i2c_io.c.obj
LOAD CMakeFiles/payexp_m33.elf.dir/D_/IMX93/PROJECT/mcimx93evk_freertos_hello/SRC/01_DEV/M3_Devices/components/i2c/nxp/nxp_i2c_io.c.obj
LOAD CMakeFiles/payexp_m33.elf.dir/D_/IMX93/PROJECT/mcimx93evk_freertos_hello/SRC/01_DEV/M3_Devices/components/ntc/ntc.c.obj
LOAD CMakeFiles/payexp_m33.elf.dir/D_/IMX93/PROJECT/mcimx93evk_freertos_hello/SRC/01_DEV/M3_Devices/components/sp_spi/port/NXP/sp_spi_port.c.obj
LOAD CMakeFiles/payexp_m33.elf.dir/D_/IMX93/PROJECT/mcimx93evk_freertos_hello/SRC/01_DEV/M3_Devices/components/sp_gpio/port/NXP/sp_gpio_port.c.obj
LOAD CMakeFiles/payexp_m33.elf.dir/D_/IMX93/PROJECT/mcimx93evk_freertos_hello/SRC/01_DEV/M3_Devices/components/sp_uart/port/NXP/sp_uart_port.c.obj
LOAD CMakeFiles/payexp_m33.elf.dir/D_/IMX93/PROJECT/mcimx93evk_freertos_hello/SRC/01_DEV/M3_Devices/devices/AD4114/ad4114.c.obj
LOAD CMakeFiles/payexp_m33.elf.dir/D_/IMX93/PROJECT/mcimx93evk_freertos_hello/SRC/01_DEV/M3_Devices/devices/ADG1414BR/adg1414.c.obj
LOAD CMakeFiles/payexp_m33.elf.dir/D_/IMX93/PROJECT/mcimx93evk_freertos_hello/SRC/01_DEV/M3_Devices/devices/AS3004204/as3004.c.obj
LOAD CMakeFiles/payexp_m33.elf.dir/D_/IMX93/PROJECT/mcimx93evk_freertos_hello/SRC/01_DEV/M3_Devices/devices/LT8722/lt8722.c.obj
LOAD CMakeFiles/payexp_m33.elf.dir/D_/IMX93/PROJECT/mcimx93evk_freertos_hello/SRC/01_DEV/M3_Devices/devices/MCP4902/mcp4902.c.obj
LOAD CMakeFiles/payexp_m33.elf.dir/D_/IMX93/PROJECT/mcimx93evk_freertos_hello/SRC/01_DEV/M3_Devices/devices/pca9685/pca9685.c.obj
LOAD CMakeFiles/payexp_m33.elf.dir/D_/IMX93/PROJECT/mcimx93evk_freertos_hello/SRC/01_DEV/M3_Devices/devices/RV3129/rv3129.c.obj
LOAD CMakeFiles/payexp_m33.elf.dir/D_/IMX93/PROJECT/mcimx93evk_freertos_hello/SRC/01_DEV/M3_Devices/devices/tca6416/tca6416.c.obj
LOAD CMakeFiles/payexp_m33.elf.dir/D_/IMX93/PROJECT/mcimx93evk_freertos_hello/SRC/01_DEV/M4_Middlewares/os/freertos/osDelay.c.obj
LOAD CMakeFiles/payexp_m33.elf.dir/D_/IMX93/PROJECT/mcimx93evk_freertos_hello/SRC/01_DEV/M4_Middlewares/os/freertos/osMalloc.c.obj
LOAD CMakeFiles/payexp_m33.elf.dir/D_/IMX93/PROJECT/mcimx93evk_freertos_hello/SRC/01_DEV/M4_Middlewares/os/freertos/osQueue.c.obj
LOAD CMakeFiles/payexp_m33.elf.dir/D_/IMX93/PROJECT/mcimx93evk_freertos_hello/SRC/01_DEV/M4_Middlewares/os/freertos/osScheduler.c.obj
LOAD CMakeFiles/payexp_m33.elf.dir/D_/IMX93/PROJECT/mcimx93evk_freertos_hello/SRC/01_DEV/M4_Middlewares/os/freertos/osSemphr.c.obj
LOAD CMakeFiles/payexp_m33.elf.dir/D_/IMX93/PROJECT/mcimx93evk_freertos_hello/SRC/01_DEV/M4_Middlewares/os/freertos/osThread.c.obj
LOAD CMakeFiles/payexp_m33.elf.dir/D_/IMX93/PROJECT/mcimx93evk_freertos_hello/SRC/01_DEV/M4_Middlewares/printf/printf.c.obj
LOAD CMakeFiles/payexp_m33.elf.dir/D_/IMX93/PROJECT/mcimx93evk_freertos_hello/SRC/01_DEV/M4_Middlewares/ring_char_buffer/ring_char_buffer.c.obj
LOAD CMakeFiles/payexp_m33.elf.dir/D_/IMX93/PROJECT/mcimx93evk_freertos_hello/SRC/01_DEV/M4_Middlewares/ring_buffer/ring_buffer.c.obj
LOAD CMakeFiles/payexp_m33.elf.dir/D_/IMX93/PROJECT/mcimx93evk_freertos_hello/SRC/01_DEV/M5_Utils/CRC/crc16_xmodem.c.obj
LOAD CMakeFiles/payexp_m33.elf.dir/D_/IMX93/PROJECT/mcimx93evk_freertos_hello/SRC/01_DEV/M5_Utils/DateTime/date_time.c.obj
LOAD CMakeFiles/payexp_m33.elf.dir/D_/PROJECT/XpressoSDK/SDK_2_14_0_MIMX9352xxxxK/components/lists/fsl_component_generic_list.c.obj
LOAD CMakeFiles/payexp_m33.elf.dir/D_/PROJECT/XpressoSDK/SDK_2_14_0_MIMX9352xxxxK/components/uart/fsl_adapter_lpuart.c.obj
LOAD CMakeFiles/payexp_m33.elf.dir/D_/PROJECT/XpressoSDK/SDK_2_14_0_MIMX9352xxxxK/components/serial_manager/fsl_component_serial_manager.c.obj
LOAD CMakeFiles/payexp_m33.elf.dir/D_/PROJECT/XpressoSDK/SDK_2_14_0_MIMX9352xxxxK/components/serial_manager/fsl_component_serial_port_uart.c.obj
LOAD CMakeFiles/payexp_m33.elf.dir/D_/PROJECT/XpressoSDK/SDK_2_14_0_MIMX9352xxxxK/devices/MIMX9352/system_MIMX9352_cm33.c.obj
LOAD CMakeFiles/payexp_m33.elf.dir/D_/PROJECT/XpressoSDK/SDK_2_14_0_MIMX9352xxxxK/devices/MIMX9352/gcc/startup_MIMX9352_cm33.S.obj
LOAD CMakeFiles/payexp_m33.elf.dir/D_/PROJECT/XpressoSDK/SDK_2_14_0_MIMX9352xxxxK/devices/MIMX9352/drivers/fsl_cache.c.obj
LOAD CMakeFiles/payexp_m33.elf.dir/D_/PROJECT/XpressoSDK/SDK_2_14_0_MIMX9352xxxxK/devices/MIMX9352/drivers/fsl_clock.c.obj
LOAD CMakeFiles/payexp_m33.elf.dir/D_/PROJECT/XpressoSDK/SDK_2_14_0_MIMX9352xxxxK/devices/MIMX9352/drivers/fsl_common.c.obj
LOAD CMakeFiles/payexp_m33.elf.dir/D_/PROJECT/XpressoSDK/SDK_2_14_0_MIMX9352xxxxK/devices/MIMX9352/drivers/fsl_common_arm.c.obj
LOAD CMakeFiles/payexp_m33.elf.dir/D_/PROJECT/XpressoSDK/SDK_2_14_0_MIMX9352xxxxK/devices/MIMX9352/drivers/fsl_flexcan.c.obj
LOAD CMakeFiles/payexp_m33.elf.dir/D_/PROJECT/XpressoSDK/SDK_2_14_0_MIMX9352xxxxK/devices/MIMX9352/drivers/fsl_lpi2c.c.obj
LOAD CMakeFiles/payexp_m33.elf.dir/D_/PROJECT/XpressoSDK/SDK_2_14_0_MIMX9352xxxxK/devices/MIMX9352/drivers/fsl_lpspi.c.obj
LOAD CMakeFiles/payexp_m33.elf.dir/D_/PROJECT/XpressoSDK/SDK_2_14_0_MIMX9352xxxxK/devices/MIMX9352/drivers/fsl_lptmr.c.obj
LOAD CMakeFiles/payexp_m33.elf.dir/D_/PROJECT/XpressoSDK/SDK_2_14_0_MIMX9352xxxxK/devices/MIMX9352/drivers/fsl_lpuart.c.obj
LOAD CMakeFiles/payexp_m33.elf.dir/D_/PROJECT/XpressoSDK/SDK_2_14_0_MIMX9352xxxxK/devices/MIMX9352/drivers/fsl_mu.c.obj
LOAD CMakeFiles/payexp_m33.elf.dir/D_/PROJECT/XpressoSDK/SDK_2_14_0_MIMX9352xxxxK/devices/MIMX9352/drivers/fsl_rgpio.c.obj
LOAD CMakeFiles/payexp_m33.elf.dir/D_/PROJECT/XpressoSDK/SDK_2_14_0_MIMX9352xxxxK/devices/MIMX9352/drivers/fsl_sentinel.c.obj
LOAD CMakeFiles/payexp_m33.elf.dir/D_/PROJECT/XpressoSDK/SDK_2_14_0_MIMX9352xxxxK/devices/MIMX9352/drivers/fsl_tpm.c.obj
LOAD CMakeFiles/payexp_m33.elf.dir/D_/PROJECT/XpressoSDK/SDK_2_14_0_MIMX9352xxxxK/rtos/freertos/freertos-kernel/croutine.c.obj
LOAD CMakeFiles/payexp_m33.elf.dir/D_/PROJECT/XpressoSDK/SDK_2_14_0_MIMX9352xxxxK/rtos/freertos/freertos-kernel/event_groups.c.obj
LOAD CMakeFiles/payexp_m33.elf.dir/D_/PROJECT/XpressoSDK/SDK_2_14_0_MIMX9352xxxxK/rtos/freertos/freertos-kernel/list.c.obj
LOAD CMakeFiles/payexp_m33.elf.dir/D_/PROJECT/XpressoSDK/SDK_2_14_0_MIMX9352xxxxK/rtos/freertos/freertos-kernel/queue.c.obj
LOAD CMakeFiles/payexp_m33.elf.dir/D_/PROJECT/XpressoSDK/SDK_2_14_0_MIMX9352xxxxK/rtos/freertos/freertos-kernel/stream_buffer.c.obj
LOAD CMakeFiles/payexp_m33.elf.dir/D_/PROJECT/XpressoSDK/SDK_2_14_0_MIMX9352xxxxK/rtos/freertos/freertos-kernel/tasks.c.obj
LOAD CMakeFiles/payexp_m33.elf.dir/D_/PROJECT/XpressoSDK/SDK_2_14_0_MIMX9352xxxxK/rtos/freertos/freertos-kernel/timers.c.obj
LOAD CMakeFiles/payexp_m33.elf.dir/D_/PROJECT/XpressoSDK/SDK_2_14_0_MIMX9352xxxxK/rtos/freertos/freertos-kernel/portable/GCC/ARM_CM33_NTZ/non_secure/port.c.obj
LOAD CMakeFiles/payexp_m33.elf.dir/D_/PROJECT/XpressoSDK/SDK_2_14_0_MIMX9352xxxxK/rtos/freertos/freertos-kernel/portable/GCC/ARM_CM33_NTZ/non_secure/portasm.c.obj
LOAD CMakeFiles/payexp_m33.elf.dir/D_/PROJECT/XpressoSDK/SDK_2_14_0_MIMX9352xxxxK/rtos/freertos/freertos-kernel/portable/MemMang/heap_4.c.obj
LOAD CMakeFiles/payexp_m33.elf.dir/D_/PROJECT/XpressoSDK/SDK_2_14_0_MIMX9352xxxxK/middleware/multicore/rpmsg_lite/lib/common/llist.c.obj
LOAD CMakeFiles/payexp_m33.elf.dir/D_/PROJECT/XpressoSDK/SDK_2_14_0_MIMX9352xxxxK/middleware/multicore/rpmsg_lite/lib/rpmsg_lite/rpmsg_lite.c.obj
LOAD CMakeFiles/payexp_m33.elf.dir/D_/PROJECT/XpressoSDK/SDK_2_14_0_MIMX9352xxxxK/middleware/multicore/rpmsg_lite/lib/rpmsg_lite/rpmsg_ns.c.obj
LOAD CMakeFiles/payexp_m33.elf.dir/D_/PROJECT/XpressoSDK/SDK_2_14_0_MIMX9352xxxxK/middleware/multicore/rpmsg_lite/lib/virtio/virtqueue.c.obj
LOAD CMakeFiles/payexp_m33.elf.dir/D_/PROJECT/XpressoSDK/SDK_2_14_0_MIMX9352xxxxK/middleware/multicore/rpmsg_lite/lib/rpmsg_lite/porting/environment/rpmsg_env_freertos.c.obj
LOAD CMakeFiles/payexp_m33.elf.dir/D_/PROJECT/XpressoSDK/SDK_2_14_0_MIMX9352xxxxK/middleware/multicore/rpmsg_lite/lib/rpmsg_lite/rpmsg_queue.c.obj
LOAD CMakeFiles/payexp_m33.elf.dir/D_/PROJECT/XpressoSDK/SDK_2_14_0_MIMX9352xxxxK/middleware/multicore/rpmsg_lite/lib/rpmsg_lite/porting/platform/imx93_m33/rpmsg_platform.c.obj
LOAD CMakeFiles/payexp_m33.elf.dir/D_/PROJECT/XpressoSDK/SDK_2_14_0_MIMX9352xxxxK/devices/MIMX9352/utilities/fsl_sbrk.c.obj
LOAD CMakeFiles/payexp_m33.elf.dir/D_/PROJECT/XpressoSDK/SDK_2_14_0_MIMX9352xxxxK/devices/MIMX9352/utilities/fsl_memcpy.S.obj
LOAD CMakeFiles/payexp_m33.elf.dir/D_/PROJECT/XpressoSDK/SDK_2_14_0_MIMX9352xxxxK/devices/MIMX9352/utilities/fsl_assert.c.obj
LOAD CMakeFiles/payexp_m33.elf.dir/D_/PROJECT/XpressoSDK/SDK_2_14_0_MIMX9352xxxxK/devices/MIMX9352/utilities/str/fsl_str.c.obj
LOAD CMakeFiles/payexp_m33.elf.dir/D_/PROJECT/XpressoSDK/SDK_2_14_0_MIMX9352xxxxK/devices/MIMX9352/utilities/debug_console/fsl_debug_console.c.obj
START GROUP
LOAD C:/Users/Admin/.mcuxpressotools/arm-gnu-toolchain-14.2.rel1-mingw-w64-x86_64-arm-none-eabi/bin/../lib/gcc/arm-none-eabi/14.2.1/thumb/v8-m.main+fp/hard\libgcc.a
LOAD C:/Users/Admin/.mcuxpressotools/arm-gnu-toolchain-14.2.rel1-mingw-w64-x86_64-arm-none-eabi/bin/../lib/gcc/arm-none-eabi/14.2.1/thumb/v8-m.main+fp/hard\libc_nano.a
LOAD C:/Users/Admin/.mcuxpressotools/arm-gnu-toolchain-14.2.rel1-mingw-w64-x86_64-arm-none-eabi/bin/../lib/gcc/arm-none-eabi/14.2.1/thumb/v8-m.main+fp/hard\libm.a
LOAD C:/Users/Admin/.mcuxpressotools/arm-gnu-toolchain-14.2.rel1-mingw-w64-x86_64-arm-none-eabi/bin/../lib/gcc/arm-none-eabi/14.2.1/../../../../arm-none-eabi/lib/thumb/v8-m.main+fp/hard\libcr_newlib_nohost.a
END GROUP
START GROUP
LOAD C:/Users/Admin/.mcuxpressotools/arm-gnu-toolchain-14.2.rel1-mingw-w64-x86_64-arm-none-eabi/bin/../lib/gcc/arm-none-eabi/14.2.1/thumb/v8-m.main+fp/hard\libgcc.a
LOAD C:/Users/Admin/.mcuxpressotools/arm-gnu-toolchain-14.2.rel1-mingw-w64-x86_64-arm-none-eabi/bin/../lib/gcc/arm-none-eabi/14.2.1/thumb/v8-m.main+fp/hard\libg_nano.a
LOAD C:/Users/Admin/.mcuxpressotools/arm-gnu-toolchain-14.2.rel1-mingw-w64-x86_64-arm-none-eabi/bin/../lib/gcc/arm-none-eabi/14.2.1/thumb/v8-m.main+fp/hard\libc_nano.a
END GROUP
START GROUP
LOAD C:/Users/Admin/.mcuxpressotools/arm-gnu-toolchain-14.2.rel1-mingw-w64-x86_64-arm-none-eabi/bin/../lib/gcc/arm-none-eabi/14.2.1/thumb/v8-m.main+fp/hard\libgcc.a
LOAD C:/Users/Admin/.mcuxpressotools/arm-gnu-toolchain-14.2.rel1-mingw-w64-x86_64-arm-none-eabi/bin/../lib/gcc/arm-none-eabi/14.2.1/thumb/v8-m.main+fp/hard\libc_nano.a
LOAD C:/Users/Admin/.mcuxpressotools/arm-gnu-toolchain-14.2.rel1-mingw-w64-x86_64-arm-none-eabi/bin/../lib/gcc/arm-none-eabi/14.2.1/thumb/v8-m.main+fp/hard\libnosys.a
END GROUP
START GROUP
LOAD C:/Users/Admin/.mcuxpressotools/arm-gnu-toolchain-14.2.rel1-mingw-w64-x86_64-arm-none-eabi/bin/../lib/gcc/arm-none-eabi/14.2.1/thumb/v8-m.main+fp/hard\libgcc.a
LOAD C:/Users/Admin/.mcuxpressotools/arm-gnu-toolchain-14.2.rel1-mingw-w64-x86_64-arm-none-eabi/bin/../lib/gcc/arm-none-eabi/14.2.1/thumb/v8-m.main+fp/hard\libc_nano.a
LOAD C:/Users/Admin/.mcuxpressotools/arm-gnu-toolchain-14.2.rel1-mingw-w64-x86_64-arm-none-eabi/bin/../lib/gcc/arm-none-eabi/14.2.1/thumb/v8-m.main+fp/hard\libnosys.a
END GROUP
LOAD C:/Users/Admin/.mcuxpressotools/arm-gnu-toolchain-14.2.rel1-mingw-w64-x86_64-arm-none-eabi/bin/../lib/gcc/arm-none-eabi/14.2.1/thumb/v8-m.main+fp/hard/crtend.o
LOAD C:/Users/Admin/.mcuxpressotools/arm-gnu-toolchain-14.2.rel1-mingw-w64-x86_64-arm-none-eabi/bin/../lib/gcc/arm-none-eabi/14.2.1/thumb/v8-m.main+fp/hard/crtn.o
                0x00000400                        HEAP_SIZE = DEFINED (__heap_size__)?__heap_size__:0x400
                0x00000400                        STACK_SIZE = DEFINED (__stack_size__)?__stack_size__:0x400
                0x00000000                        M_VECTOR_RAM_SIZE = DEFINED (__ram_vector_table__)?0x478:0x0

.interrupts     0x0ffe0000      0x474
                0x0ffe0000                        __VECTOR_TABLE = .
                0x0ffe0000                        __Vectors = .
                0x0ffe0000                        . = ALIGN (0x4)
 *(.isr_vector)
 .isr_vector    0x0ffe0000      0x474 CMakeFiles/payexp_m33.elf.dir/D_/PROJECT/XpressoSDK/SDK_2_14_0_MIMX9352xxxxK/devices/MIMX9352/gcc/startup_MIMX9352_cm33.S.obj
                0x0ffe0000                __isr_vector
                0x0ffe0474                        . = ALIGN (0x4)

.resource_table
                0x0ffe0478       0xa0
                0x0ffe0478                        . = ALIGN (0x8)
 *(.resource_table)
 .resource_table
                0x0ffe0478       0xa0 CMakeFiles/payexp_m33.elf.dir/D_/IMX93/PROJECT/mcimx93evk_freertos_hello/SRC/01_DEV/M2_BSP/remoteproc/rsc_table.c.obj
                0x0ffe0478                resources
                0x0ffe0518                        . = ALIGN (0x8)

.text           0x0ffe0520    0x1282c
                0x0ffe0520                        . = ALIGN (0x4)
 *(.text)
 .text          0x0ffe0520       0x7c C:/Users/Admin/.mcuxpressotools/arm-gnu-toolchain-14.2.rel1-mingw-w64-x86_64-arm-none-eabi/bin/../lib/gcc/arm-none-eabi/14.2.1/thumb/v8-m.main+fp/hard/crt0.o
                0x0ffe0520                _stack_init
                0x0ffe0528                _start
                0x0ffe0528                _mainCRTStartup
 .text          0x0ffe059c      0x4ac CMakeFiles/payexp_m33.elf.dir/D_/PROJECT/XpressoSDK/SDK_2_14_0_MIMX9352xxxxK/devices/MIMX9352/gcc/startup_MIMX9352_cm33.S.obj
                0x0ffe059c                Reset_Handler
                0x0ffe0614                LPI2C8_DriverIRQHandler
                0x0ffe0614                Reserved237_IRQHandler
                0x0ffe0614                DMA4_14_15_DriverIRQHandler
                0x0ffe0614                Reserved16_IRQHandler
                0x0ffe0614                MU2_A_IRQHandler
                0x0ffe0614                Reserved179_IRQHandler
                0x0ffe0614                DMA4_20_21_DriverIRQHandler
                0x0ffe0614                Reserved219_IRQHandler
                0x0ffe0614                Reserved178_IRQHandler
                0x0ffe0614                Reserved220_IRQHandler
                0x0ffe0614                LPI2C7_DriverIRQHandler
                0x0ffe0614                Reserved88_IRQHandler
                0x0ffe0614                Reserved281_IRQHandler
                0x0ffe0614                Reserved243_IRQHandler
                0x0ffe0614                Reserved65_IRQHandler
                0x0ffe0614                Reserved229_IRQHandler
                0x0ffe0614                FlexSPI1_DriverIRQHandler
                0x0ffe0614                Reserved49_IRQHandler
                0x0ffe0614                WDOG3_IRQHandler
                0x0ffe0614                DMA4_40_41_DriverIRQHandler
                0x0ffe0614                Reserved76_IRQHandler
                0x0ffe0614                Reserved248_IRQHandler
                0x0ffe0614                Reserved64_IRQHandler
                0x0ffe0614                Reserved60_IRQHandler
                0x0ffe0614                Reserved236_IRQHandler
                0x0ffe0614                Reserved234_IRQHandler
                0x0ffe0614                Reserved225_IRQHandler
                0x0ffe0614                CSI_IRQHandler
                0x0ffe0614                Reserved50_IRQHandler
                0x0ffe0614                TRDC_IRQHandler
                0x0ffe0614                Reserved183_IRQHandler
                0x0ffe0614                PDM_HWVAD_EVENT_DriverIRQHandler
                0x0ffe0614                LPIT2_IRQHandler
                0x0ffe0614                Reserved201_IRQHandler
                0x0ffe0614                Reserved19_IRQHandler
                0x0ffe0614                DMA4_0_1_DriverIRQHandler
                0x0ffe0614                Reserved74_IRQHandler
                0x0ffe0614                Reserved89_IRQHandler
                0x0ffe0614                PDM_HWVAD_ERROR_DriverIRQHandler
                0x0ffe0614                Reserved59_IRQHandler
                0x0ffe0614                DMA4_46_47_DriverIRQHandler
                0x0ffe0614                LPTMR2_IRQHandler
                0x0ffe0614                DMA4_16_17_DriverIRQHandler
                0x0ffe0614                Reserved272_IRQHandler
                0x0ffe0614                TPM5_IRQHandler
                0x0ffe0614                Reserved247_IRQHandler
                0x0ffe0614                Reserved263_IRQHandler
                0x0ffe0614                DMA4_58_59_DriverIRQHandler
                0x0ffe0614                I3C1_DriverIRQHandler
                0x0ffe0614                Reserved63_IRQHandler
                0x0ffe0614                WDOG5_IRQHandler
                0x0ffe0614                ENET_1588_DriverIRQHandler
                0x0ffe0614                DMA4_42_43_DriverIRQHandler
                0x0ffe0614                DMA4_52_53_DriverIRQHandler
                0x0ffe0614                Reserved44_IRQHandler
                0x0ffe0614                CAN1_ERROR_DriverIRQHandler
                0x0ffe0614                LPIT1_IRQHandler
                0x0ffe0614                Reserved192_IRQHandler
                0x0ffe0614                Reserved51_IRQHandler
                0x0ffe0614                uSDHC2_DriverIRQHandler
                0x0ffe0614                Reserved42_IRQHandler
                0x0ffe0614                DMA4_22_23_DriverIRQHandler
                0x0ffe0614                Reserved22_IRQHandler
                0x0ffe0614                uSDHC1_DriverIRQHandler
                0x0ffe0614                Reserved106_IRQHandler
                0x0ffe0614                Reserved75_IRQHandler
                0x0ffe0614                Reserved238_IRQHandler
                0x0ffe0614                Reserved280_IRQHandler
                0x0ffe0614                TPM1_IRQHandler
                0x0ffe0614                Reserved268_IRQHandler
                0x0ffe0614                DMA4_10_11_DriverIRQHandler
                0x0ffe0614                DMA4_34_35_DriverIRQHandler
                0x0ffe0614                Reserved176_IRQHandler
                0x0ffe0614                Reserved233_IRQHandler
                0x0ffe0614                Reserved224_IRQHandler
                0x0ffe0614                FLEXIO2_DriverIRQHandler
                0x0ffe0614                TEMPMON_IRQHandler
                0x0ffe0614                WDOG1_IRQHandler
                0x0ffe0614                DMA4_30_31_DriverIRQHandler
                0x0ffe0614                Reserved265_IRQHandler
                0x0ffe0614                Reserved73_IRQHandler
                0x0ffe0614                Reserved235_IRQHandler
                0x0ffe0614                Reserved57_IRQHandler
                0x0ffe0614                Reserved257_IRQHandler
                0x0ffe0614                DMA4_38_39_DriverIRQHandler
                0x0ffe0614                DMA4_4_5_DriverIRQHandler
                0x0ffe0614                DefaultISR
                0x0ffe0614                Reserved250_IRQHandler
                0x0ffe0614                Reserved45_IRQHandler
                0x0ffe0614                Reserved58_IRQHandler
                0x0ffe0614                Reserved240_IRQHandler
                0x0ffe0614                Reserved264_IRQHandler
                0x0ffe0614                Reserved261_IRQHandler
                0x0ffe0614                Reserved284_IRQHandler
                0x0ffe0614                I3C2_DriverIRQHandler
                0x0ffe0614                Reserved266_IRQHandler
                0x0ffe0614                Reserved23_IRQHandler
                0x0ffe0614                Reserved230_IRQHandler
                0x0ffe0614                Reserved279_IRQHandler
                0x0ffe0614                Reserved270_IRQHandler
                0x0ffe0614                Reserved182_IRQHandler
                0x0ffe0614                DMA4_50_51_DriverIRQHandler
                0x0ffe0614                Reserved180_IRQHandler
                0x0ffe0614                TPM4_IRQHandler
                0x0ffe0614                Reserved267_IRQHandler
                0x0ffe0614                Reserved239_IRQHandler
                0x0ffe0614                MU1_B_IRQHandler
                0x0ffe0614                Reserved177_IRQHandler
                0x0ffe0614                WDOG4_IRQHandler
                0x0ffe0614                Reserved283_IRQHandler
                0x0ffe0614                DMA4_28_29_DriverIRQHandler
                0x0ffe0614                Reserved228_IRQHandler
                0x0ffe0614                ENET_QOS_DriverIRQHandler
                0x0ffe0614                DMA4_ERROR_DriverIRQHandler
                0x0ffe0614                Reserved246_IRQHandler
                0x0ffe0614                Reserved253_IRQHandler
                0x0ffe0614                DMA4_6_7_DriverIRQHandler
                0x0ffe0614                ENET_MAC0_Rx_Tx_Done2_DriverIRQHandler
                0x0ffe0614                Reserved274_IRQHandler
                0x0ffe0614                Reserved273_IRQHandler
                0x0ffe0614                DMA4_56_57_DriverIRQHandler
                0x0ffe0614                Reserved202_IRQHandler
                0x0ffe0614                FLEXIO1_DriverIRQHandler
                0x0ffe0614                Reserved232_IRQHandler
                0x0ffe0614                ENET_DriverIRQHandler
                0x0ffe0614                Reserved43_IRQHandler
                0x0ffe0614                Reserved46_IRQHandler
                0x0ffe0614                DMA4_36_37_DriverIRQHandler
                0x0ffe0614                Reserved21_IRQHandler
                0x0ffe0614                Reserved251_IRQHandler
                0x0ffe0614                Reserved18_IRQHandler
                0x0ffe0614                DMA4_26_27_DriverIRQHandler
                0x0ffe0614                SAI1_DriverIRQHandler
                0x0ffe0614                Reserved278_IRQHandler
                0x0ffe0614                DSI_IRQHandler
                0x0ffe0614                Reserved277_IRQHandler
                0x0ffe0614                DMA3_DriverIRQHandler
                0x0ffe0614                TPM3_IRQHandler
                0x0ffe0614                Reserved241_IRQHandler
                0x0ffe0614                Reserved27_IRQHandler
                0x0ffe0614                WDOG2_IRQHandler
                0x0ffe0614                Reserved245_IRQHandler
                0x0ffe0614                Reserved26_IRQHandler
                0x0ffe0614                Reserved62_IRQHandler
                0x0ffe0614                Reserved275_IRQHandler
                0x0ffe0614                Reserved256_IRQHandler
                0x0ffe0614                LPSPI7_DriverIRQHandler
                0x0ffe0614                Reserved252_IRQHandler
                0x0ffe0614                Reserved206_IRQHandler
                0x0ffe0614                Reserved100_IRQHandler
                0x0ffe0614                DMA4_18_19_DriverIRQHandler
                0x0ffe0614                Reserved184_IRQHandler
                0x0ffe0614                Reserved142_IRQHandler
                0x0ffe0614                Reserved181_IRQHandler
                0x0ffe0614                DMA4_48_49_DriverIRQHandler
                0x0ffe0614                Reserved108_IRQHandler
                0x0ffe0614                Reserved72_IRQHandler
                0x0ffe0614                DMA4_12_13_DriverIRQHandler
                0x0ffe0614                Reserved262_IRQHandler
                0x0ffe0614                Reserved259_IRQHandler
                0x0ffe0614                Reserved194_IRQHandler
                0x0ffe0614                SecureFault_Handler
                0x0ffe0614                DMA4_8_9_DriverIRQHandler
                0x0ffe0614                DMA4_2_3_DriverIRQHandler
                0x0ffe0614                PDM_ERROR_DriverIRQHandler
                0x0ffe0614                Reserved66_IRQHandler
                0x0ffe0614                Reserved20_IRQHandler
                0x0ffe0614                Reserved249_IRQHandler
                0x0ffe0614                Reserved107_IRQHandler
                0x0ffe0614                Reserved255_IRQHandler
                0x0ffe0614                DMA4_24_25_DriverIRQHandler
                0x0ffe0614                LPSPI8_DriverIRQHandler
                0x0ffe0614                Reserved98_IRQHandler
                0x0ffe0614                Reserved17_IRQHandler
                0x0ffe0614                ISI_IRQHandler
                0x0ffe0614                Reserved189_IRQHandler
                0x0ffe0614                Reserved47_IRQHandler
                0x0ffe0614                Reserved271_IRQHandler
                0x0ffe0614                Reserved258_IRQHandler
                0x0ffe0614                DMA4_32_33_DriverIRQHandler
                0x0ffe0614                DMA4_62_63_DriverIRQHandler
                0x0ffe0614                CAN2_ERROR_DriverIRQHandler
                0x0ffe0614                Reserved244_IRQHandler
                0x0ffe0614                DMA4_44_45_DriverIRQHandler
                0x0ffe0614                ENET_MAC0_Rx_Tx_Done1_DriverIRQHandler
                0x0ffe0614                Reserved190_IRQHandler
                0x0ffe0614                Reserved231_IRQHandler
                0x0ffe0614                Reserved276_IRQHandler
                0x0ffe0614                Reserved282_IRQHandler
                0x0ffe0614                Reserved260_IRQHandler
                0x0ffe0614                Reserved105_IRQHandler
                0x0ffe0614                Reserved109_IRQHandler
                0x0ffe0614                Reserved254_IRQHandler
                0x0ffe0614                Reserved269_IRQHandler
                0x0ffe0614                SAI3_DriverIRQHandler
                0x0ffe0614                Reserved104_IRQHandler
                0x0ffe0614                Reserved203_IRQHandler
                0x0ffe0614                MU2_B_IRQHandler
                0x0ffe0614                Reserved101_IRQHandler
                0x0ffe0614                Reserved223_IRQHandler
                0x0ffe0614                Reserved222_IRQHandler
                0x0ffe0614                Reserved204_IRQHandler
                0x0ffe0614                DMA4_54_55_DriverIRQHandler
                0x0ffe0614                uSDHC3_DriverIRQHandler
                0x0ffe0614                Reserved185_IRQHandler
                0x0ffe0614                Reserved41_IRQHandler
                0x0ffe0614                ENET_QOS_PMT_IRQHandler
                0x0ffe0614                DMA4_60_61_DriverIRQHandler
                0x0ffe0614                Reserved90_IRQHandler
                0x0ffe0614                SAI2_DriverIRQHandler
                0x0ffe0614                Reserved242_IRQHandler
                0x0ffe0614                Reserved205_IRQHandler
                0x0ffe0614                TPM6_IRQHandler
                0x0ffe0614                Reserved48_IRQHandler
                0x0ffe0614                PDM_EVENT_DriverIRQHandler
                0x0ffe062c                CAN1_IRQHandler
                0x0ffe0630                CAN1_ERROR_IRQHandler
                0x0ffe0634                I3C1_IRQHandler
                0x0ffe0638                LPI2C1_IRQHandler
                0x0ffe063c                LPI2C2_IRQHandler
                0x0ffe0640                LPSPI1_IRQHandler
                0x0ffe0644                LPSPI2_IRQHandler
                0x0ffe0648                LPUART1_IRQHandler
                0x0ffe0650                SAI1_IRQHandler
                0x0ffe0654                CAN2_IRQHandler
                0x0ffe0658                CAN2_ERROR_IRQHandler
                0x0ffe065c                FLEXIO1_IRQHandler
                0x0ffe0660                FLEXIO2_IRQHandler
                0x0ffe0664                FlexSPI1_IRQHandler
                0x0ffe0668                I3C2_IRQHandler
                0x0ffe066c                LPI2C3_IRQHandler
                0x0ffe0670                LPI2C4_IRQHandler
                0x0ffe0674                LPSPI3_IRQHandler
                0x0ffe0678                LPSPI4_IRQHandler
                0x0ffe067c                LPUART3_IRQHandler
                0x0ffe0680                LPUART4_IRQHandler
                0x0ffe0684                LPUART5_IRQHandler
                0x0ffe0688                LPUART6_IRQHandler
                0x0ffe068c                uSDHC1_IRQHandler
                0x0ffe0690                uSDHC2_IRQHandler
                0x0ffe0694                DMA3_ERROR_IRQHandler
                0x0ffe069c                DMA3_0_IRQHandler
                0x0ffe06a8                DMA3_1_IRQHandler
                0x0ffe06b4                DMA3_2_IRQHandler
                0x0ffe06c0                DMA3_3_IRQHandler
                0x0ffe06cc                DMA3_4_IRQHandler
                0x0ffe06d8                DMA3_5_IRQHandler
                0x0ffe06e4                DMA3_6_IRQHandler
                0x0ffe06f0                DMA3_7_IRQHandler
                0x0ffe06fc                DMA3_8_IRQHandler
                0x0ffe0708                DMA3_9_IRQHandler
                0x0ffe0714                DMA3_10_IRQHandler
                0x0ffe0720                DMA3_11_IRQHandler
                0x0ffe072c                DMA3_12_IRQHandler
                0x0ffe0738                DMA3_13_IRQHandler
                0x0ffe0744                DMA3_14_IRQHandler
                0x0ffe0750                DMA3_15_IRQHandler
                0x0ffe075c                DMA3_16_IRQHandler
                0x0ffe0768                DMA3_17_IRQHandler
                0x0ffe0774                DMA3_18_IRQHandler
                0x0ffe0780                DMA3_19_IRQHandler
                0x0ffe078c                DMA3_20_IRQHandler
                0x0ffe0798                DMA3_21_IRQHandler
                0x0ffe07a4                DMA3_22_IRQHandler
                0x0ffe07b0                DMA3_23_IRQHandler
                0x0ffe07bc                DMA3_24_IRQHandler
                0x0ffe07c8                DMA3_25_IRQHandler
                0x0ffe07d4                DMA3_26_IRQHandler
                0x0ffe07e0                DMA3_27_IRQHandler
                0x0ffe07ec                DMA3_28_IRQHandler
                0x0ffe07f8                DMA3_29_IRQHandler
                0x0ffe0804                DMA3_30_IRQHandler
                0x0ffe0810                DMA4_ERROR_IRQHandler
                0x0ffe0814                DMA4_0_1_IRQHandler
                0x0ffe0818                DMA4_2_3_IRQHandler
                0x0ffe081c                DMA4_4_5_IRQHandler
                0x0ffe0820                DMA4_6_7_IRQHandler
                0x0ffe0824                DMA4_8_9_IRQHandler
                0x0ffe0828                DMA4_10_11_IRQHandler
                0x0ffe082c                DMA4_12_13_IRQHandler
                0x0ffe0830                DMA4_14_15_IRQHandler
                0x0ffe0834                DMA4_16_17_IRQHandler
                0x0ffe0838                DMA4_18_19_IRQHandler
                0x0ffe083c                DMA4_20_21_IRQHandler
                0x0ffe0840                DMA4_22_23_IRQHandler
                0x0ffe0844                DMA4_24_25_IRQHandler
                0x0ffe0848                DMA4_26_27_IRQHandler
                0x0ffe084c                DMA4_28_29_IRQHandler
                0x0ffe0850                DMA4_30_31_IRQHandler
                0x0ffe0854                DMA4_32_33_IRQHandler
                0x0ffe0858                DMA4_34_35_IRQHandler
                0x0ffe085c                DMA4_36_37_IRQHandler
                0x0ffe0860                DMA4_38_39_IRQHandler
                0x0ffe0864                DMA4_40_41_IRQHandler
                0x0ffe0868                DMA4_42_43_IRQHandler
                0x0ffe086c                DMA4_44_45_IRQHandler
                0x0ffe0870                DMA4_46_47_IRQHandler
                0x0ffe0874                DMA4_48_49_IRQHandler
                0x0ffe0878                DMA4_50_51_IRQHandler
                0x0ffe087c                DMA4_52_53_IRQHandler
                0x0ffe0880                DMA4_54_55_IRQHandler
                0x0ffe0884                DMA4_56_57_IRQHandler
                0x0ffe0888                DMA4_58_59_IRQHandler
                0x0ffe088c                DMA4_60_61_IRQHandler
                0x0ffe0890                DMA4_62_63_IRQHandler
                0x0ffe0894                SAI2_IRQHandler
                0x0ffe0898                SAI3_IRQHandler
                0x0ffe089c                ENET_MAC0_Rx_Tx_Done1_IRQHandler
                0x0ffe08a0                ENET_MAC0_Rx_Tx_Done2_IRQHandler
                0x0ffe08a4                ENET_IRQHandler
                0x0ffe08a8                ENET_1588_IRQHandler
                0x0ffe08ac                ENET_QOS_IRQHandler
                0x0ffe08b4                LPSPI6_IRQHandler
                0x0ffe08b8                LPSPI7_IRQHandler
                0x0ffe08bc                LPSPI8_IRQHandler
                0x0ffe08c0                LPI2C5_IRQHandler
                0x0ffe08c4                LPI2C6_IRQHandler
                0x0ffe08c8                LPI2C7_IRQHandler
                0x0ffe08cc                LPI2C8_IRQHandler
                0x0ffe08d0                PDM_HWVAD_ERROR_IRQHandler
                0x0ffe08d4                PDM_HWVAD_EVENT_IRQHandler
                0x0ffe08d8                PDM_ERROR_IRQHandler
                0x0ffe08dc                PDM_EVENT_IRQHandler
                0x0ffe08e0                uSDHC3_IRQHandler
                0x0ffe08e4                LPUART7_IRQHandler
                0x0ffe08e8                LPUART8_IRQHandler
 .text          0x0ffe0a48       0xa0 CMakeFiles/payexp_m33.elf.dir/D_/PROJECT/XpressoSDK/SDK_2_14_0_MIMX9352xxxxK/devices/MIMX9352/utilities/fsl_memcpy.S.obj
                0x0ffe0a48                memcpy
 .text          0x0ffe0ae8      0x378 C:/Users/Admin/.mcuxpressotools/arm-gnu-toolchain-14.2.rel1-mingw-w64-x86_64-arm-none-eabi/bin/../lib/gcc/arm-none-eabi/14.2.1/thumb/v8-m.main+fp/hard\libgcc.a(_arm_addsubdf3.o)
                0x0ffe0ae8                __aeabi_drsub
                0x0ffe0af0                __aeabi_dsub
                0x0ffe0af0                __subdf3
                0x0ffe0af4                __aeabi_dadd
                0x0ffe0af4                __adddf3
                0x0ffe0d6c                __floatunsidf
                0x0ffe0d6c                __aeabi_ui2d
                0x0ffe0d8c                __floatsidf
                0x0ffe0d8c                __aeabi_i2d
                0x0ffe0db0                __aeabi_f2d
                0x0ffe0db0                __extendsfdf2
                0x0ffe0df4                __floatundidf
                0x0ffe0df4                __aeabi_ul2d
                0x0ffe0e04                __floatdidf
                0x0ffe0e04                __aeabi_l2d
 .text          0x0ffe0e60      0x424 C:/Users/Admin/.mcuxpressotools/arm-gnu-toolchain-14.2.rel1-mingw-w64-x86_64-arm-none-eabi/bin/../lib/gcc/arm-none-eabi/14.2.1/thumb/v8-m.main+fp/hard\libgcc.a(_arm_muldivdf3.o)
                0x0ffe0e60                __aeabi_dmul
                0x0ffe0e60                __muldf3
                0x0ffe10b4                __divdf3
                0x0ffe10b4                __aeabi_ddiv
 .text          0x0ffe1284       0x40 C:/Users/Admin/.mcuxpressotools/arm-gnu-toolchain-14.2.rel1-mingw-w64-x86_64-arm-none-eabi/bin/../lib/gcc/arm-none-eabi/14.2.1/thumb/v8-m.main+fp/hard\libgcc.a(_arm_fixunsdfsi.o)
                0x0ffe1284                __aeabi_d2uiz
                0x0ffe1284                __fixunsdfsi
 .text          0x0ffe12c4       0xa0 C:/Users/Admin/.mcuxpressotools/arm-gnu-toolchain-14.2.rel1-mingw-w64-x86_64-arm-none-eabi/bin/../lib/gcc/arm-none-eabi/14.2.1/thumb/v8-m.main+fp/hard\libgcc.a(_arm_truncdfsf2.o)
                0x0ffe12c4                __truncdfsf2
                0x0ffe12c4                __aeabi_d2f
 .text          0x0ffe1364       0x30 C:/Users/Admin/.mcuxpressotools/arm-gnu-toolchain-14.2.rel1-mingw-w64-x86_64-arm-none-eabi/bin/../lib/gcc/arm-none-eabi/14.2.1/thumb/v8-m.main+fp/hard\libgcc.a(_aeabi_uldivmod.o)
                0x0ffe1364                __aeabi_uldivmod
 .text          0x0ffe1394        0x4 C:/Users/Admin/.mcuxpressotools/arm-gnu-toolchain-14.2.rel1-mingw-w64-x86_64-arm-none-eabi/bin/../lib/gcc/arm-none-eabi/14.2.1/thumb/v8-m.main+fp/hard\libgcc.a(_dvmd_tls.o)
                0x0ffe1394                __aeabi_idiv0
                0x0ffe1394                __aeabi_ldiv0
 .text          0x0ffe1398       0x14 C:/Users/Admin/.mcuxpressotools/arm-gnu-toolchain-14.2.rel1-mingw-w64-x86_64-arm-none-eabi/bin/../lib/gcc/arm-none-eabi/14.2.1/thumb/v8-m.main+fp/hard\libc_nano.a(libc_a-strcmp.o)
                0x0ffe1398                strcmp
 .text          0x0ffe13ac       0x10 C:/Users/Admin/.mcuxpressotools/arm-gnu-toolchain-14.2.rel1-mingw-w64-x86_64-arm-none-eabi/bin/../lib/gcc/arm-none-eabi/14.2.1/thumb/v8-m.main+fp/hard\libc_nano.a(libc_a-strlen.o)
                0x0ffe13ac                strlen
 *(.text*)
 .text.deregister_tm_clones
                0x0ffe13bc       0x1c C:/Users/Admin/.mcuxpressotools/arm-gnu-toolchain-14.2.rel1-mingw-w64-x86_64-arm-none-eabi/bin/../lib/gcc/arm-none-eabi/14.2.1/thumb/v8-m.main+fp/hard/crtbegin.o
 .text.register_tm_clones
                0x0ffe13d8       0x28 C:/Users/Admin/.mcuxpressotools/arm-gnu-toolchain-14.2.rel1-mingw-w64-x86_64-arm-none-eabi/bin/../lib/gcc/arm-none-eabi/14.2.1/thumb/v8-m.main+fp/hard/crtbegin.o
 .text.__do_global_dtors_aux
                0x0ffe1400       0x28 C:/Users/Admin/.mcuxpressotools/arm-gnu-toolchain-14.2.rel1-mingw-w64-x86_64-arm-none-eabi/bin/../lib/gcc/arm-none-eabi/14.2.1/thumb/v8-m.main+fp/hard/crtbegin.o
 .text.frame_dummy
                0x0ffe1428       0x24 C:/Users/Admin/.mcuxpressotools/arm-gnu-toolchain-14.2.rel1-mingw-w64-x86_64-arm-none-eabi/bin/../lib/gcc/arm-none-eabi/14.2.1/thumb/v8-m.main+fp/hard/crtbegin.o
 .text.CLOCK_SetRootClock
                0x0ffe144c       0x7c CMakeFiles/payexp_m33.elf.dir/D_/IMX93/PROJECT/mcimx93evk_freertos_hello/SRC/Core/Src/board.c.obj
 .text.CLOCK_ControlGate
                0x0ffe14c8       0x68 CMakeFiles/payexp_m33.elf.dir/D_/IMX93/PROJECT/mcimx93evk_freertos_hello/SRC/Core/Src/board.c.obj
 .text.CLOCK_EnableClock
                0x0ffe1530       0x1c CMakeFiles/payexp_m33.elf.dir/D_/IMX93/PROJECT/mcimx93evk_freertos_hello/SRC/Core/Src/board.c.obj
 .text.BOARD_InitDebugConsole
                0x0ffe154c       0x3e CMakeFiles/payexp_m33.elf.dir/D_/IMX93/PROJECT/mcimx93evk_freertos_hello/SRC/Core/Src/board.c.obj
                0x0ffe154c                BOARD_InitDebugConsole
 *fill*         0x0ffe158a        0x2 
 .text.CLOCK_PllInit
                0x0ffe158c       0x94 CMakeFiles/payexp_m33.elf.dir/D_/IMX93/PROJECT/mcimx93evk_freertos_hello/SRC/Core/Src/clock_config.c.obj
 .text.BOARD_InitClock
                0x0ffe1620       0x74 CMakeFiles/payexp_m33.elf.dir/D_/IMX93/PROJECT/mcimx93evk_freertos_hello/SRC/Core/Src/clock_config.c.obj
 .text.BOARD_BootClockRUN
                0x0ffe1694       0x1c CMakeFiles/payexp_m33.elf.dir/D_/IMX93/PROJECT/mcimx93evk_freertos_hello/SRC/Core/Src/clock_config.c.obj
                0x0ffe1694                BOARD_BootClockRUN
 .text.__NVIC_EnableIRQ
                0x0ffe16b0       0x3c CMakeFiles/payexp_m33.elf.dir/D_/IMX93/PROJECT/mcimx93evk_freertos_hello/SRC/Core/Src/main.c.obj
 .text.__NVIC_SetPriority
                0x0ffe16ec       0x54 CMakeFiles/payexp_m33.elf.dir/D_/IMX93/PROJECT/mcimx93evk_freertos_hello/SRC/Core/Src/main.c.obj
 .text.CLOCK_ControlGate
                0x0ffe1740       0x68 CMakeFiles/payexp_m33.elf.dir/D_/IMX93/PROJECT/mcimx93evk_freertos_hello/SRC/Core/Src/main.c.obj
 .text.CLOCK_EnableClock
                0x0ffe17a8       0x1c CMakeFiles/payexp_m33.elf.dir/D_/IMX93/PROJECT/mcimx93evk_freertos_hello/SRC/Core/Src/main.c.obj
 .text.EnableIRQWithPriority
                0x0ffe17c4       0x46 CMakeFiles/payexp_m33.elf.dir/D_/IMX93/PROJECT/mcimx93evk_freertos_hello/SRC/Core/Src/main.c.obj
 .text.LPTMR_EnableInterrupts
                0x0ffe180a       0x32 CMakeFiles/payexp_m33.elf.dir/D_/IMX93/PROJECT/mcimx93evk_freertos_hello/SRC/Core/Src/main.c.obj
 .text.LPTMR_SetTimerPeriod
                0x0ffe183c       0x3c CMakeFiles/payexp_m33.elf.dir/D_/IMX93/PROJECT/mcimx93evk_freertos_hello/SRC/Core/Src/main.c.obj
 .text.LPTMR_StartTimer
                0x0ffe1878       0x30 CMakeFiles/payexp_m33.elf.dir/D_/IMX93/PROJECT/mcimx93evk_freertos_hello/SRC/Core/Src/main.c.obj
 .text.main     0x0ffe18a8       0x30 CMakeFiles/payexp_m33.elf.dir/D_/IMX93/PROJECT/mcimx93evk_freertos_hello/SRC/Core/Src/main.c.obj
                0x0ffe18a8                main
 .text.IMX_LPTMP1_Init
                0x0ffe18d8       0x4c CMakeFiles/payexp_m33.elf.dir/D_/IMX93/PROJECT/mcimx93evk_freertos_hello/SRC/Core/Src/main.c.obj
 .text.IMX_MU_Init
                0x0ffe1924       0x14 CMakeFiles/payexp_m33.elf.dir/D_/IMX93/PROJECT/mcimx93evk_freertos_hello/SRC/Core/Src/main.c.obj
 .text.LPTMR_ClearStatusFlags
                0x0ffe1938       0x22 CMakeFiles/payexp_m33.elf.dir/D_/IMX93/PROJECT/mcimx93evk_freertos_hello/SRC/Core/Src/MIMX9352cm33_it.c.obj
 .text.NMI_Handler
                0x0ffe195a        0x8 CMakeFiles/payexp_m33.elf.dir/D_/IMX93/PROJECT/mcimx93evk_freertos_hello/SRC/Core/Src/MIMX9352cm33_it.c.obj
                0x0ffe195a                NMI_Handler
 *fill*         0x0ffe1962        0x2 
 .text.HardFault_Handler
                0x0ffe1964       0x14 CMakeFiles/payexp_m33.elf.dir/D_/IMX93/PROJECT/mcimx93evk_freertos_hello/SRC/Core/Src/MIMX9352cm33_it.c.obj
                0x0ffe1964                HardFault_Handler
 .text.MemManage_Handler
                0x0ffe1978       0x14 CMakeFiles/payexp_m33.elf.dir/D_/IMX93/PROJECT/mcimx93evk_freertos_hello/SRC/Core/Src/MIMX9352cm33_it.c.obj
                0x0ffe1978                MemManage_Handler
 .text.BusFault_Handler
                0x0ffe198c        0x8 CMakeFiles/payexp_m33.elf.dir/D_/IMX93/PROJECT/mcimx93evk_freertos_hello/SRC/Core/Src/MIMX9352cm33_it.c.obj
                0x0ffe198c                BusFault_Handler
 .text.UsageFault_Handler
                0x0ffe1994        0x8 CMakeFiles/payexp_m33.elf.dir/D_/IMX93/PROJECT/mcimx93evk_freertos_hello/SRC/Core/Src/MIMX9352cm33_it.c.obj
                0x0ffe1994                UsageFault_Handler
 .text.DebugMon_Handler
                0x0ffe199c        0xe CMakeFiles/payexp_m33.elf.dir/D_/IMX93/PROJECT/mcimx93evk_freertos_hello/SRC/Core/Src/MIMX9352cm33_it.c.obj
                0x0ffe199c                DebugMon_Handler
 *fill*         0x0ffe19aa        0x2 
 .text.LPTMR1_IRQHandler
                0x0ffe19ac       0x24 CMakeFiles/payexp_m33.elf.dir/D_/IMX93/PROJECT/mcimx93evk_freertos_hello/SRC/Core/Src/MIMX9352cm33_it.c.obj
                0x0ffe19ac                LPTMR1_IRQHandler
 .text.IOMUXC_SetPinMux
                0x0ffe19d0       0x40 CMakeFiles/payexp_m33.elf.dir/D_/IMX93/PROJECT/mcimx93evk_freertos_hello/SRC/Core/Src/pin_mux.c.obj
 .text.IOMUXC_SetPinConfig
                0x0ffe1a10       0x26 CMakeFiles/payexp_m33.elf.dir/D_/IMX93/PROJECT/mcimx93evk_freertos_hello/SRC/Core/Src/pin_mux.c.obj
 .text.BOARD_InitBootPins
                0x0ffe1a36        0xc CMakeFiles/payexp_m33.elf.dir/D_/IMX93/PROJECT/mcimx93evk_freertos_hello/SRC/Core/Src/pin_mux.c.obj
                0x0ffe1a36                BOARD_InitBootPins
 *fill*         0x0ffe1a42        0x2 
 .text.BOARD_InitPins_Growup
                0x0ffe1a44      0x564 CMakeFiles/payexp_m33.elf.dir/D_/IMX93/PROJECT/mcimx93evk_freertos_hello/SRC/Core/Src/pin_mux.c.obj
                0x0ffe1a44                BOARD_InitPins_Growup
 .text.BOARD_InitPins
                0x0ffe1fa8       0x74 CMakeFiles/payexp_m33.elf.dir/D_/IMX93/PROJECT/mcimx93evk_freertos_hello/SRC/Core/Src/pin_mux.c.obj
                0x0ffe1fa8                BOARD_InitPins
 .text.BootManager_SystemInit
                0x0ffe201c       0x1a CMakeFiles/payexp_m33.elf.dir/D_/IMX93/PROJECT/mcimx93evk_freertos_hello/SRC/01_DEV/M0_App/Boot/boot_manager.c.obj
                0x0ffe201c                BootManager_SystemInit
 .text.BootManager_SystemStart
                0x0ffe2036        0xc CMakeFiles/payexp_m33.elf.dir/D_/IMX93/PROJECT/mcimx93evk_freertos_hello/SRC/01_DEV/M0_App/Boot/boot_manager.c.obj
                0x0ffe2036                BootManager_SystemStart
 .text.EXP_RTOS_Start
                0x0ffe2042        0xc CMakeFiles/payexp_m33.elf.dir/D_/IMX93/PROJECT/mcimx93evk_freertos_hello/SRC/01_DEV/M0_App/OS/Kernel/rtos.c.obj
                0x0ffe2042                EXP_RTOS_Start
 .text.vApplicationStackOverflowHook
                0x0ffe204e       0x16 CMakeFiles/payexp_m33.elf.dir/D_/IMX93/PROJECT/mcimx93evk_freertos_hello/SRC/01_DEV/M0_App/OS/Kernel/rtos.c.obj
                0x0ffe204e                vApplicationStackOverflowHook
 .text.vApplicationMallocFailedHook
                0x0ffe2064        0xe CMakeFiles/payexp_m33.elf.dir/D_/IMX93/PROJECT/mcimx93evk_freertos_hello/SRC/01_DEV/M0_App/OS/Kernel/rtos.c.obj
                0x0ffe2064                vApplicationMallocFailedHook
 *fill*         0x0ffe2072        0x2 
 .text.vApplicationGetIdleTaskMemory
                0x0ffe2074       0x34 CMakeFiles/payexp_m33.elf.dir/D_/IMX93/PROJECT/mcimx93evk_freertos_hello/SRC/01_DEV/M0_App/OS/Kernel/rtos.c.obj
                0x0ffe2074                vApplicationGetIdleTaskMemory
 .text.vApplicationGetTimerTaskMemory
                0x0ffe20a8       0x34 CMakeFiles/payexp_m33.elf.dir/D_/IMX93/PROJECT/mcimx93evk_freertos_hello/SRC/01_DEV/M0_App/OS/Kernel/rtos.c.obj
                0x0ffe20a8                vApplicationGetTimerTaskMemory
 .text.EXP_RootTask
                0x0ffe20dc       0x70 CMakeFiles/payexp_m33.elf.dir/D_/IMX93/PROJECT/mcimx93evk_freertos_hello/SRC/01_DEV/M0_App/OS/Task/rtos_tasks.c.obj
                0x0ffe20dc                EXP_RootTask
 .text.EXP_RootGrowUp
                0x0ffe214c       0x48 CMakeFiles/payexp_m33.elf.dir/D_/IMX93/PROJECT/mcimx93evk_freertos_hello/SRC/01_DEV/M0_App/OS/Task/rtos_tasks.c.obj
                0x0ffe214c                EXP_RootGrowUp
 .text.EXP_AppInit
                0x0ffe2194       0xe0 CMakeFiles/payexp_m33.elf.dir/D_/IMX93/PROJECT/mcimx93evk_freertos_hello/SRC/01_DEV/M0_App/OS/Task/rtos_tasks.c.obj
                0x0ffe2194                EXP_AppInit
 .text.Shell_Task
                0x0ffe2274       0x3c CMakeFiles/payexp_m33.elf.dir/D_/IMX93/PROJECT/mcimx93evk_freertos_hello/SRC/01_DEV/M0_App/OS/Task/rtos_tasks.c.obj
 .text.RPMSG_Task
                0x0ffe22b0      0x1e0 CMakeFiles/payexp_m33.elf.dir/D_/IMX93/PROJECT/mcimx93evk_freertos_hello/SRC/01_DEV/M0_App/OS/Task/rtos_tasks.c.obj
 .text.RemoteCall_UpdateRemoteAddr
                0x0ffe2490       0x20 CMakeFiles/payexp_m33.elf.dir/D_/IMX93/PROJECT/mcimx93evk_freertos_hello/SRC/01_DEV/M1_SysApp/Interface/RemoteCall/remote_call.c.obj
                0x0ffe2490                RemoteCall_UpdateRemoteAddr
 .text.RemoteCall_SendCommand
                0x0ffe24b0       0xc8 CMakeFiles/payexp_m33.elf.dir/D_/IMX93/PROJECT/mcimx93evk_freertos_hello/SRC/01_DEV/M1_SysApp/Interface/RemoteCall/remote_call.c.obj
                0x0ffe24b0                RemoteCall_SendCommand
 .text.RemoteCall_SendFileRequest
                0x0ffe2578      0x140 CMakeFiles/payexp_m33.elf.dir/D_/IMX93/PROJECT/mcimx93evk_freertos_hello/SRC/01_DEV/M1_SysApp/Interface/RemoteCall/remote_call.c.obj
                0x0ffe2578                RemoteCall_SendFileRequest
 .text.Compare_Commands
                0x0ffe26b8       0x24 CMakeFiles/payexp_m33.elf.dir/D_/IMX93/PROJECT/mcimx93evk_freertos_hello/SRC/01_DEV/M1_SysApp/Interface/SimpleShell/simple_shell.c.obj
 .text.Shell_Init
                0x0ffe26dc       0x50 CMakeFiles/payexp_m33.elf.dir/D_/IMX93/PROJECT/mcimx93evk_freertos_hello/SRC/01_DEV/M1_SysApp/Interface/SimpleShell/simple_shell.c.obj
                0x0ffe26dc                Shell_Init
 .text.Shell_AddCommand
                0x0ffe272c       0x98 CMakeFiles/payexp_m33.elf.dir/D_/IMX93/PROJECT/mcimx93evk_freertos_hello/SRC/01_DEV/M1_SysApp/Interface/SimpleShell/simple_shell.c.obj
                0x0ffe272c                Shell_AddCommand
 .text.Shell_Process
                0x0ffe27c4      0x10c CMakeFiles/payexp_m33.elf.dir/D_/IMX93/PROJECT/mcimx93evk_freertos_hello/SRC/01_DEV/M1_SysApp/Interface/SimpleShell/simple_shell.c.obj
 .text.Shell_ReceiveChar
                0x0ffe28d0       0xcc CMakeFiles/payexp_m33.elf.dir/D_/IMX93/PROJECT/mcimx93evk_freertos_hello/SRC/01_DEV/M1_SysApp/Interface/SimpleShell/simple_shell.c.obj
                0x0ffe28d0                Shell_ReceiveChar
 .text.Shell_WriteString
                0x0ffe299c       0x30 CMakeFiles/payexp_m33.elf.dir/D_/IMX93/PROJECT/mcimx93evk_freertos_hello/SRC/01_DEV/M1_SysApp/Interface/SimpleShell/simple_shell.c.obj
                0x0ffe299c                Shell_WriteString
 .text.CMD_Help
                0x0ffe29cc      0x16c CMakeFiles/payexp_m33.elf.dir/D_/IMX93/PROJECT/mcimx93evk_freertos_hello/SRC/01_DEV/M1_SysApp/Interface/SimpleShell/simple_shell.c.obj
 .text.writeCharShell
                0x0ffe2b38       0x1a CMakeFiles/payexp_m33.elf.dir/D_/IMX93/PROJECT/mcimx93evk_freertos_hello/SRC/01_DEV/M1_SysApp/Services/cmdline.c.obj
 *fill*         0x0ffe2b52        0x2 
 .text.is_addr_valid
                0x0ffe2b54       0x34 CMakeFiles/payexp_m33.elf.dir/D_/IMX93/PROJECT/mcimx93evk_freertos_hello/SRC/01_DEV/M1_SysApp/Services/cmdline.c.obj
 .text.CMD_a55_ping
                0x0ffe2b88       0x44 CMakeFiles/payexp_m33.elf.dir/D_/IMX93/PROJECT/mcimx93evk_freertos_hello/SRC/01_DEV/M1_SysApp/Services/cmdline.c.obj
 .text.CMD_a55_exec
                0x0ffe2bcc       0x8c CMakeFiles/payexp_m33.elf.dir/D_/IMX93/PROJECT/mcimx93evk_freertos_hello/SRC/01_DEV/M1_SysApp/Services/cmdline.c.obj
 .text.CMD_a55_file
                0x0ffe2c58       0x74 CMakeFiles/payexp_m33.elf.dir/D_/IMX93/PROJECT/mcimx93evk_freertos_hello/SRC/01_DEV/M1_SysApp/Services/cmdline.c.obj
 .text.CMD_ram_write
                0x0ffe2ccc       0xa8 CMakeFiles/payexp_m33.elf.dir/D_/IMX93/PROJECT/mcimx93evk_freertos_hello/SRC/01_DEV/M1_SysApp/Services/cmdline.c.obj
 .text.CMD_ram_read
                0x0ffe2d74      0x27c CMakeFiles/payexp_m33.elf.dir/D_/IMX93/PROJECT/mcimx93evk_freertos_hello/SRC/01_DEV/M1_SysApp/Services/cmdline.c.obj
 .text.CMD_ram_fill
                0x0ffe2ff0       0x1c CMakeFiles/payexp_m33.elf.dir/D_/IMX93/PROJECT/mcimx93evk_freertos_hello/SRC/01_DEV/M1_SysApp/Services/cmdline.c.obj
 .text.CMD_ram_dump
                0x0ffe300c      0x274 CMakeFiles/payexp_m33.elf.dir/D_/IMX93/PROJECT/mcimx93evk_freertos_hello/SRC/01_DEV/M1_SysApp/Services/cmdline.c.obj
 .text.CMD_a55_sleep
                0x0ffe3280       0x1c CMakeFiles/payexp_m33.elf.dir/D_/IMX93/PROJECT/mcimx93evk_freertos_hello/SRC/01_DEV/M1_SysApp/Services/cmdline.c.obj
 .text.CMD_a55_wake
                0x0ffe329c       0x30 CMakeFiles/payexp_m33.elf.dir/D_/IMX93/PROJECT/mcimx93evk_freertos_hello/SRC/01_DEV/M1_SysApp/Services/cmdline.c.obj
 .text.CMD_cls  0x0ffe32cc       0x30 CMakeFiles/payexp_m33.elf.dir/D_/IMX93/PROJECT/mcimx93evk_freertos_hello/SRC/01_DEV/M1_SysApp/Services/cmdline.c.obj
 .text.CMD_date
                0x0ffe32fc       0xb4 CMakeFiles/payexp_m33.elf.dir/D_/IMX93/PROJECT/mcimx93evk_freertos_hello/SRC/01_DEV/M1_SysApp/Services/cmdline.c.obj
 .text.CMD_hello
                0x0ffe33b0       0x1c CMakeFiles/payexp_m33.elf.dir/D_/IMX93/PROJECT/mcimx93evk_freertos_hello/SRC/01_DEV/M1_SysApp/Services/cmdline.c.obj
 .text.setup_dynamic_shell
                0x0ffe33cc      0x11c CMakeFiles/payexp_m33.elf.dir/D_/IMX93/PROJECT/mcimx93evk_freertos_hello/SRC/01_DEV/M1_SysApp/Services/cmdline.c.obj
                0x0ffe33cc                setup_dynamic_shell
 .text.m33_data_init
                0x0ffe34e8       0x38 CMakeFiles/payexp_m33.elf.dir/D_/IMX93/PROJECT/mcimx93evk_freertos_hello/SRC/01_DEV/M1_SysApp/system_data/m33_data.c.obj
                0x0ffe34e8                m33_data_init
 .text.m33_data_get_u
                0x0ffe3520       0x54 CMakeFiles/payexp_m33.elf.dir/D_/IMX93/PROJECT/mcimx93evk_freertos_hello/SRC/01_DEV/M1_SysApp/system_data/m33_data.c.obj
                0x0ffe3520                m33_data_get_u
 .text.m33_get_is_start_exp
                0x0ffe3574       0x44 CMakeFiles/payexp_m33.elf.dir/D_/IMX93/PROJECT/mcimx93evk_freertos_hello/SRC/01_DEV/M1_SysApp/system_data/m33_data.c.obj
                0x0ffe3574                m33_get_is_start_exp
 .text.Task_Update_Onboard_ADC
                0x0ffe35b8       0x4c CMakeFiles/payexp_m33.elf.dir/D_/IMX93/PROJECT/mcimx93evk_freertos_hello/SRC/01_DEV/M1_SysApp/task_update_onboard_adc/task_update_onboard_adc.c.obj
                0x0ffe35b8                Task_Update_Onboard_ADC
 .text.pid_init
                0x0ffe3604       0x56 CMakeFiles/payexp_m33.elf.dir/D_/IMX93/PROJECT/mcimx93evk_freertos_hello/SRC/01_DEV/M1_SysApp/task_temperature/app_temperature.c.obj
                0x0ffe3604                pid_init
 *fill*         0x0ffe365a        0x6 
 .text.task_temperature_control_profile_type0
                0x0ffe3660       0x98 CMakeFiles/payexp_m33.elf.dir/D_/IMX93/PROJECT/mcimx93evk_freertos_hello/SRC/01_DEV/M1_SysApp/task_temperature/app_temperature.c.obj
                0x0ffe3660                task_temperature_control_profile_type0
 .text.Task_Experiment
                0x0ffe36f8       0x3c CMakeFiles/payexp_m33.elf.dir/D_/IMX93/PROJECT/mcimx93evk_freertos_hello/SRC/01_DEV/M1_SysApp/task_experiment/task_experiment.c.obj
                0x0ffe36f8                Task_Experiment
 .text.M33_RPROC_Init
                0x0ffe3734        0xc CMakeFiles/payexp_m33.elf.dir/D_/IMX93/PROJECT/mcimx93evk_freertos_hello/SRC/01_DEV/M2_BSP/remoteproc/m33_remoteproc.c.obj
                0x0ffe3734                M33_RPROC_Init
 .text.copyResourceTable
                0x0ffe3740       0x28 CMakeFiles/payexp_m33.elf.dir/D_/IMX93/PROJECT/mcimx93evk_freertos_hello/SRC/01_DEV/M2_BSP/remoteproc/rsc_table.c.obj
                0x0ffe3740                copyResourceTable
 .text.M33_RPMSG_Init
                0x0ffe3768       0x3c CMakeFiles/payexp_m33.elf.dir/D_/IMX93/PROJECT/mcimx93evk_freertos_hello/SRC/01_DEV/M2_BSP/rpmsg/m33_rpmsg.c.obj
                0x0ffe3768                M33_RPMSG_Init
 .text.M33_RPMSG_WaitForLinkUp
                0x0ffe37a4       0x24 CMakeFiles/payexp_m33.elf.dir/D_/IMX93/PROJECT/mcimx93evk_freertos_hello/SRC/01_DEV/M2_BSP/rpmsg/m33_rpmsg.c.obj
                0x0ffe37a4                M33_RPMSG_WaitForLinkUp
 .text.M33_RPMSG_CreateEndpoint
                0x0ffe37c8       0xbc CMakeFiles/payexp_m33.elf.dir/D_/IMX93/PROJECT/mcimx93evk_freertos_hello/SRC/01_DEV/M2_BSP/rpmsg/m33_rpmsg.c.obj
                0x0ffe37c8                M33_RPMSG_CreateEndpoint
 .text.M33_RPMSG_AllocTxBuffer
                0x0ffe3884       0x54 CMakeFiles/payexp_m33.elf.dir/D_/IMX93/PROJECT/mcimx93evk_freertos_hello/SRC/01_DEV/M2_BSP/rpmsg/m33_rpmsg.c.obj
                0x0ffe3884                M33_RPMSG_AllocTxBuffer
 .text.M33_RPMSG_SendNoCopy
                0x0ffe38d8       0x58 CMakeFiles/payexp_m33.elf.dir/D_/IMX93/PROJECT/mcimx93evk_freertos_hello/SRC/01_DEV/M2_BSP/rpmsg/m33_rpmsg.c.obj
                0x0ffe38d8                M33_RPMSG_SendNoCopy
 .text.M33_RPMSG_ReceiveNoCopy
                0x0ffe3930       0x64 CMakeFiles/payexp_m33.elf.dir/D_/IMX93/PROJECT/mcimx93evk_freertos_hello/SRC/01_DEV/M2_BSP/rpmsg/m33_rpmsg.c.obj
                0x0ffe3930                M33_RPMSG_ReceiveNoCopy
 .text.M33_RPMSG_ReleaseRxBuffer
                0x0ffe3994       0x40 CMakeFiles/payexp_m33.elf.dir/D_/IMX93/PROJECT/mcimx93evk_freertos_hello/SRC/01_DEV/M2_BSP/rpmsg/m33_rpmsg.c.obj
                0x0ffe3994                M33_RPMSG_ReleaseRxBuffer
 .text.M33_RPMSG_DestroyEndpoint
                0x0ffe39d4       0x54 CMakeFiles/payexp_m33.elf.dir/D_/IMX93/PROJECT/mcimx93evk_freertos_hello/SRC/01_DEV/M2_BSP/rpmsg/m33_rpmsg.c.obj
                0x0ffe39d4                M33_RPMSG_DestroyEndpoint
 .text.M33_RPMSG_Deinit
                0x0ffe3a28       0x28 CMakeFiles/payexp_m33.elf.dir/D_/IMX93/PROJECT/mcimx93evk_freertos_hello/SRC/01_DEV/M2_BSP/rpmsg/m33_rpmsg.c.obj
                0x0ffe3a28                M33_RPMSG_Deinit
 .text.CLOCK_SetRootClock
                0x0ffe3a50       0x7c CMakeFiles/payexp_m33.elf.dir/D_/IMX93/PROJECT/mcimx93evk_freertos_hello/SRC/01_DEV/M2_BSP/bsp_core/bsp_core.c.obj
 .text.CLOCK_ControlGate
                0x0ffe3acc       0x68 CMakeFiles/payexp_m33.elf.dir/D_/IMX93/PROJECT/mcimx93evk_freertos_hello/SRC/01_DEV/M2_BSP/bsp_core/bsp_core.c.obj
 .text.CLOCK_EnableClock
                0x0ffe3b34       0x1c CMakeFiles/payexp_m33.elf.dir/D_/IMX93/PROJECT/mcimx93evk_freertos_hello/SRC/01_DEV/M2_BSP/bsp_core/bsp_core.c.obj
 .text.bsp_core_init
                0x0ffe3b50       0x34 CMakeFiles/payexp_m33.elf.dir/D_/IMX93/PROJECT/mcimx93evk_freertos_hello/SRC/01_DEV/M2_BSP/bsp_core/bsp_core.c.obj
                0x0ffe3b50                bsp_core_init
 .text.bsp_core_init_io_expander_i2c
                0x0ffe3b84       0x5c CMakeFiles/payexp_m33.elf.dir/D_/IMX93/PROJECT/mcimx93evk_freertos_hello/SRC/01_DEV/M2_BSP/bsp_core/bsp_core.c.obj
 .text.bsp_core_init_tec_cs_gpio
                0x0ffe3be0       0x70 CMakeFiles/payexp_m33.elf.dir/D_/IMX93/PROJECT/mcimx93evk_freertos_hello/SRC/01_DEV/M2_BSP/bsp_core/bsp_core.c.obj
 .text.bsp_core_init_onboard_adc_spi
                0x0ffe3c50       0xc0 CMakeFiles/payexp_m33.elf.dir/D_/IMX93/PROJECT/mcimx93evk_freertos_hello/SRC/01_DEV/M2_BSP/bsp_core/bsp_core.c.obj
 .text.bsp_core_init_onboard_adc_cs_gpio
                0x0ffe3d10       0x7c CMakeFiles/payexp_m33.elf.dir/D_/IMX93/PROJECT/mcimx93evk_freertos_hello/SRC/01_DEV/M2_BSP/bsp_core/bsp_core.c.obj
 .text.bsp_core_init_laser_dac_gpio
                0x0ffe3d8c       0x60 CMakeFiles/payexp_m33.elf.dir/D_/IMX93/PROJECT/mcimx93evk_freertos_hello/SRC/01_DEV/M2_BSP/bsp_core/bsp_core.c.obj
 .text.bsp_core_init_laser_switch_gpio
                0x0ffe3dec       0x58 CMakeFiles/payexp_m33.elf.dir/D_/IMX93/PROJECT/mcimx93evk_freertos_hello/SRC/01_DEV/M2_BSP/bsp_core/bsp_core.c.obj
 .text.bsp_core_init_photo_adc_spi
                0x0ffe3e44       0xc0 CMakeFiles/payexp_m33.elf.dir/D_/IMX93/PROJECT/mcimx93evk_freertos_hello/SRC/01_DEV/M2_BSP/bsp_core/bsp_core.c.obj
 .text.bsp_core_init_photo_adc_cs_gpio
                0x0ffe3f04       0x68 CMakeFiles/payexp_m33.elf.dir/D_/IMX93/PROJECT/mcimx93evk_freertos_hello/SRC/01_DEV/M2_BSP/bsp_core/bsp_core.c.obj
 .text.bsp_core_init_photo_switch_gpio
                0x0ffe3f6c       0x54 CMakeFiles/payexp_m33.elf.dir/D_/IMX93/PROJECT/mcimx93evk_freertos_hello/SRC/01_DEV/M2_BSP/bsp_core/bsp_core.c.obj
 .text.bsp_core_init_tim
                0x0ffe3fc0       0x2a CMakeFiles/payexp_m33.elf.dir/D_/IMX93/PROJECT/mcimx93evk_freertos_hello/SRC/01_DEV/M2_BSP/bsp_core/bsp_core.c.obj
 .text._tiny_delay
                0x0ffe3fea       0x24 CMakeFiles/payexp_m33.elf.dir/D_/IMX93/PROJECT/mcimx93evk_freertos_hello/SRC/01_DEV/M2_BSP/bsp_core/bsp_core.c.obj
 .text._wait_bits_cleared
                0x0ffe400e       0x38 CMakeFiles/payexp_m33.elf.dir/D_/IMX93/PROJECT/mcimx93evk_freertos_hello/SRC/01_DEV/M2_BSP/bsp_core/bsp_core.c.obj
 .text._wait_status_equals
                0x0ffe4046       0x3c CMakeFiles/payexp_m33.elf.dir/D_/IMX93/PROJECT/mcimx93evk_freertos_hello/SRC/01_DEV/M2_BSP/bsp_core/bsp_core.c.obj
 *fill*         0x0ffe4082        0x2 
 .text.bsp_core_init_laser_adc
                0x0ffe4084      0x184 CMakeFiles/payexp_m33.elf.dir/D_/IMX93/PROJECT/mcimx93evk_freertos_hello/SRC/01_DEV/M2_BSP/bsp_core/bsp_core.c.obj
 .text.__NVIC_EnableIRQ
                0x0ffe4208       0x3c CMakeFiles/payexp_m33.elf.dir/D_/IMX93/PROJECT/mcimx93evk_freertos_hello/SRC/01_DEV/M2_BSP/bsp_peripheral/bsp_debug_console/bsp_debug_console.c.obj
 .text.EnableIRQ
                0x0ffe4244       0x32 CMakeFiles/payexp_m33.elf.dir/D_/IMX93/PROJECT/mcimx93evk_freertos_hello/SRC/01_DEV/M2_BSP/bsp_peripheral/bsp_debug_console/bsp_debug_console.c.obj
 .text.LPUART_ReadByte
                0x0ffe4276       0x6e CMakeFiles/payexp_m33.elf.dir/D_/IMX93/PROJECT/mcimx93evk_freertos_hello/SRC/01_DEV/M2_BSP/bsp_peripheral/bsp_debug_console/bsp_debug_console.c.obj
 .text.bsp_debug_console_init
                0x0ffe42e4       0x70 CMakeFiles/payexp_m33.elf.dir/D_/IMX93/PROJECT/mcimx93evk_freertos_hello/SRC/01_DEV/M2_BSP/bsp_peripheral/bsp_debug_console/bsp_debug_console.c.obj
                0x0ffe42e4                bsp_debug_console_init
 .text.LPUART2_IRQHandler
                0x0ffe4354       0xac CMakeFiles/payexp_m33.elf.dir/D_/IMX93/PROJECT/mcimx93evk_freertos_hello/SRC/01_DEV/M2_BSP/bsp_peripheral/bsp_debug_console/bsp_debug_console.c.obj
                0x0ffe4354                LPUART2_IRQHandler
 .text.bsp_expander_init
                0x0ffe4400       0x8c CMakeFiles/payexp_m33.elf.dir/D_/IMX93/PROJECT/mcimx93evk_freertos_hello/SRC/01_DEV/M2_BSP/bsp_peripheral/bsp_expander/bsp_expander.c.obj
                0x0ffe4400                bsp_expander_init
 .text.bsp_expander_ctrl
                0x0ffe448c       0x5c CMakeFiles/payexp_m33.elf.dir/D_/IMX93/PROJECT/mcimx93evk_freertos_hello/SRC/01_DEV/M2_BSP/bsp_peripheral/bsp_expander/bsp_expander.c.obj
                0x0ffe448c                bsp_expander_ctrl
 .text.bsp_heater_enable
                0x0ffe44e8       0x10 CMakeFiles/payexp_m33.elf.dir/D_/IMX93/PROJECT/mcimx93evk_freertos_hello/SRC/01_DEV/M2_BSP/bsp_peripheral/bsp_heater/bsp_heater.c.obj
                0x0ffe44e8                bsp_heater_enable
 .text.bsp_heater_init
                0x0ffe44f8       0x4c CMakeFiles/payexp_m33.elf.dir/D_/IMX93/PROJECT/mcimx93evk_freertos_hello/SRC/01_DEV/M2_BSP/bsp_peripheral/bsp_heater/bsp_heater.c.obj
                0x0ffe44f8                bsp_heater_init
 .text.bsp_laser_init
                0x0ffe4544       0x50 CMakeFiles/payexp_m33.elf.dir/D_/IMX93/PROJECT/mcimx93evk_freertos_hello/SRC/01_DEV/M2_BSP/bsp_peripheral/bsp_laser/bsp_laser.c.obj
                0x0ffe4544                bsp_laser_init
 .text.bsp_onboard_adc_init
                0x0ffe4594       0xb8 CMakeFiles/payexp_m33.elf.dir/D_/IMX93/PROJECT/mcimx93evk_freertos_hello/SRC/01_DEV/M2_BSP/bsp_peripheral/bsp_onboard_adc/bsp_onboard_adc.c.obj
                0x0ffe4594                bsp_onboard_adc_init
 .text.bsp_onboard_adc_update_raw
                0x0ffe464c       0x7c CMakeFiles/payexp_m33.elf.dir/D_/IMX93/PROJECT/mcimx93evk_freertos_hello/SRC/01_DEV/M2_BSP/bsp_peripheral/bsp_onboard_adc/bsp_onboard_adc.c.obj
                0x0ffe464c                bsp_onboard_adc_update_raw
 .text.bsp_onboard_adc_update_volt
                0x0ffe46c8       0x74 CMakeFiles/payexp_m33.elf.dir/D_/IMX93/PROJECT/mcimx93evk_freertos_hello/SRC/01_DEV/M2_BSP/bsp_peripheral/bsp_onboard_adc/bsp_onboard_adc.c.obj
                0x0ffe46c8                bsp_onboard_adc_update_volt
 .text.bsp_convert_TEC
                0x0ffe473c        0xe CMakeFiles/payexp_m33.elf.dir/D_/IMX93/PROJECT/mcimx93evk_freertos_hello/SRC/01_DEV/M2_BSP/bsp_peripheral/bsp_onboard_adc/bsp_onboard_adc.c.obj
                0x0ffe473c                bsp_convert_TEC
 *fill*         0x0ffe474a        0x2 
 .text.bsp_convert_NTC
                0x0ffe474c       0x70 CMakeFiles/payexp_m33.elf.dir/D_/IMX93/PROJECT/mcimx93evk_freertos_hello/SRC/01_DEV/M2_BSP/bsp_peripheral/bsp_onboard_adc/bsp_onboard_adc.c.obj
                0x0ffe474c                bsp_convert_NTC
 *fill*         0x0ffe47bc        0x4 
 .text.bsp_convert_eFUSE_Current
                0x0ffe47c0       0xc4 CMakeFiles/payexp_m33.elf.dir/D_/IMX93/PROJECT/mcimx93evk_freertos_hello/SRC/01_DEV/M2_BSP/bsp_peripheral/bsp_onboard_adc/bsp_onboard_adc.c.obj
                0x0ffe47c0                bsp_convert_eFUSE_Current
 .text.bsp_convert_onboard_temp
                0x0ffe4884       0x2c CMakeFiles/payexp_m33.elf.dir/D_/IMX93/PROJECT/mcimx93evk_freertos_hello/SRC/01_DEV/M2_BSP/bsp_peripheral/bsp_onboard_adc/bsp_onboard_adc.c.obj
                0x0ffe4884                bsp_convert_onboard_temp
 .text.bsp_onboard_adc_config
                0x0ffe48b0       0xc4 CMakeFiles/payexp_m33.elf.dir/D_/IMX93/PROJECT/mcimx93evk_freertos_hello/SRC/01_DEV/M2_BSP/bsp_peripheral/bsp_onboard_adc/bsp_onboard_adc.c.obj
 .text.bsp_onboard_adc_get_vin_mv
                0x0ffe4974       0x80 CMakeFiles/payexp_m33.elf.dir/D_/IMX93/PROJECT/mcimx93evk_freertos_hello/SRC/01_DEV/M2_BSP/bsp_peripheral/bsp_onboard_adc/bsp_onboard_adc.c.obj
 .text.spi_io_onboard_adc_config
                0x0ffe49f4       0xe4 CMakeFiles/payexp_m33.elf.dir/D_/IMX93/PROJECT/mcimx93evk_freertos_hello/SRC/01_DEV/M2_BSP/bsp_peripheral/bsp_onboard_adc/bsp_onboard_adc.c.obj
 .text.bsp_photo_init
                0x0ffe4ad8       0x24 CMakeFiles/payexp_m33.elf.dir/D_/IMX93/PROJECT/mcimx93evk_freertos_hello/SRC/01_DEV/M2_BSP/bsp_peripheral/bsp_photo/bsp_photo.c.obj
                0x0ffe4ad8                bsp_photo_init
 .text.TPM2_IRQHandler
                0x0ffe4afc       0x54 CMakeFiles/payexp_m33.elf.dir/D_/IMX93/PROJECT/mcimx93evk_freertos_hello/SRC/01_DEV/M2_BSP/bsp_peripheral/bsp_photo/bsp_photo.c.obj
                0x0ffe4afc                TPM2_IRQHandler
 .text.LPSPI5_IRQHandler
                0x0ffe4b50       0x94 CMakeFiles/payexp_m33.elf.dir/D_/IMX93/PROJECT/mcimx93evk_freertos_hello/SRC/01_DEV/M2_BSP/bsp_peripheral/bsp_photo/bsp_photo.c.obj
                0x0ffe4b50                LPSPI5_IRQHandler
 .text.LPSPI6_DriverIRQHandler
                0x0ffe4be4       0x64 CMakeFiles/payexp_m33.elf.dir/D_/IMX93/PROJECT/mcimx93evk_freertos_hello/SRC/01_DEV/M2_BSP/bsp_peripheral/bsp_spi_sensor/bsp_spi_sensor.c.obj
                0x0ffe4be4                LPSPI6_DriverIRQHandler
 .text.delay_init
                0x0ffe4c48       0x48 CMakeFiles/payexp_m33.elf.dir/D_/IMX93/PROJECT/mcimx93evk_freertos_hello/SRC/01_DEV/M3_Devices/components/delay/nxp/nxp_delay.c.obj
                0x0ffe4c48                delay_init
 .text.delay_cycles_now
                0x0ffe4c90       0x18 CMakeFiles/payexp_m33.elf.dir/D_/IMX93/PROJECT/mcimx93evk_freertos_hello/SRC/01_DEV/M3_Devices/components/delay/nxp/nxp_delay.c.obj
                0x0ffe4c90                delay_cycles_now
 .text.delay_time_before
                0x0ffe4ca8       0x20 CMakeFiles/payexp_m33.elf.dir/D_/IMX93/PROJECT/mcimx93evk_freertos_hello/SRC/01_DEV/M3_Devices/components/delay/nxp/nxp_delay.c.obj
                0x0ffe4ca8                delay_time_before
 .text.delay_us
                0x0ffe4cc8       0x78 CMakeFiles/payexp_m33.elf.dir/D_/IMX93/PROJECT/mcimx93evk_freertos_hello/SRC/01_DEV/M3_Devices/components/delay/nxp/nxp_delay.c.obj
                0x0ffe4cc8                delay_us
 .text.delay_wait_flag_set_timeout
                0x0ffe4d40       0x9c CMakeFiles/payexp_m33.elf.dir/D_/IMX93/PROJECT/mcimx93evk_freertos_hello/SRC/01_DEV/M3_Devices/components/delay/nxp/nxp_delay.c.obj
                0x0ffe4d40                delay_wait_flag_set_timeout
 .text.delay_wait_flag_clr_timeout
                0x0ffe4ddc       0x9c CMakeFiles/payexp_m33.elf.dir/D_/IMX93/PROJECT/mcimx93evk_freertos_hello/SRC/01_DEV/M3_Devices/components/delay/nxp/nxp_delay.c.obj
                0x0ffe4ddc                delay_wait_flag_clr_timeout
 .text.do_set   0x0ffe4e78       0x64 CMakeFiles/payexp_m33.elf.dir/D_/IMX93/PROJECT/mcimx93evk_freertos_hello/SRC/01_DEV/M3_Devices/components/dio/nxp/do.c.obj
                0x0ffe4e78                do_set
 .text.do_reset
                0x0ffe4edc       0x64 CMakeFiles/payexp_m33.elf.dir/D_/IMX93/PROJECT/mcimx93evk_freertos_hello/SRC/01_DEV/M3_Devices/components/dio/nxp/do.c.obj
                0x0ffe4edc                do_reset
 .text.spi_io_init
                0x0ffe4f40       0x1c CMakeFiles/payexp_m33.elf.dir/D_/IMX93/PROJECT/mcimx93evk_freertos_hello/SRC/01_DEV/M3_Devices/components/spi/spi_io.c.obj
                0x0ffe4f40                spi_io_init
 .text.spi_io_read_sync
                0x0ffe4f5c       0xe0 CMakeFiles/payexp_m33.elf.dir/D_/IMX93/PROJECT/mcimx93evk_freertos_hello/SRC/01_DEV/M3_Devices/components/spi/nxp/spi_io_nxp.c.obj
                0x0ffe4f5c                spi_io_read_sync
 .text.spi_io_write_sync
                0x0ffe503c       0xe0 CMakeFiles/payexp_m33.elf.dir/D_/IMX93/PROJECT/mcimx93evk_freertos_hello/SRC/01_DEV/M3_Devices/components/spi/nxp/spi_io_nxp.c.obj
                0x0ffe503c                spi_io_write_sync
 .text.spi_io_transfer_sync
                0x0ffe511c       0xf0 CMakeFiles/payexp_m33.elf.dir/D_/IMX93/PROJECT/mcimx93evk_freertos_hello/SRC/01_DEV/M3_Devices/components/spi/nxp/spi_io_nxp.c.obj
                0x0ffe511c                spi_io_transfer_sync
 .text.i2c_io_init
                0x0ffe520c       0x1c CMakeFiles/payexp_m33.elf.dir/D_/IMX93/PROJECT/mcimx93evk_freertos_hello/SRC/01_DEV/M3_Devices/components/i2c/i2c_io.c.obj
                0x0ffe520c                i2c_io_init
 .text.i2c_io_send
                0x0ffe5228      0x174 CMakeFiles/payexp_m33.elf.dir/D_/IMX93/PROJECT/mcimx93evk_freertos_hello/SRC/01_DEV/M3_Devices/components/i2c/nxp/nxp_i2c_io.c.obj
                0x0ffe5228                i2c_io_send
 .text.i2c_io_recv
                0x0ffe539c      0x1bc CMakeFiles/payexp_m33.elf.dir/D_/IMX93/PROJECT/mcimx93evk_freertos_hello/SRC/01_DEV/M3_Devices/components/i2c/nxp/nxp_i2c_io.c.obj
                0x0ffe539c                i2c_io_recv
 .text.ntc_convert_from_volt
                0x0ffe5558      0x128 CMakeFiles/payexp_m33.elf.dir/D_/IMX93/PROJECT/mcimx93evk_freertos_hello/SRC/01_DEV/M3_Devices/components/ntc/ntc.c.obj
                0x0ffe5558                ntc_convert_from_volt
 .text.__NVIC_EnableIRQ
                0x0ffe5680       0x3c CMakeFiles/payexp_m33.elf.dir/D_/IMX93/PROJECT/mcimx93evk_freertos_hello/SRC/01_DEV/M3_Devices/components/sp_uart/port/NXP/sp_uart_port.c.obj
 .text.__NVIC_DisableIRQ
                0x0ffe56bc       0x48 CMakeFiles/payexp_m33.elf.dir/D_/IMX93/PROJECT/mcimx93evk_freertos_hello/SRC/01_DEV/M3_Devices/components/sp_uart/port/NXP/sp_uart_port.c.obj
 .text.LPUART_WriteByte
                0x0ffe5704       0x1e CMakeFiles/payexp_m33.elf.dir/D_/IMX93/PROJECT/mcimx93evk_freertos_hello/SRC/01_DEV/M3_Devices/components/sp_uart/port/NXP/sp_uart_port.c.obj
 .text.SP_UART_Init
                0x0ffe5722       0x50 CMakeFiles/payexp_m33.elf.dir/D_/IMX93/PROJECT/mcimx93evk_freertos_hello/SRC/01_DEV/M3_Devices/components/sp_uart/port/NXP/sp_uart_port.c.obj
                0x0ffe5722                SP_UART_Init
 .text.SP_UART_Prime_Transmit
                0x0ffe5772       0x5c CMakeFiles/payexp_m33.elf.dir/D_/IMX93/PROJECT/mcimx93evk_freertos_hello/SRC/01_DEV/M3_Devices/components/sp_uart/port/NXP/sp_uart_port.c.obj
                0x0ffe5772                SP_UART_Prime_Transmit
 .text.ad4114_init
                0x0ffe57ce       0x9a CMakeFiles/payexp_m33.elf.dir/D_/IMX93/PROJECT/mcimx93evk_freertos_hello/SRC/01_DEV/M3_Devices/devices/AD4114/ad4114.c.obj
                0x0ffe57ce                ad4114_init
 .text.ad4114_sw_reset
                0x0ffe5868       0x68 CMakeFiles/payexp_m33.elf.dir/D_/IMX93/PROJECT/mcimx93evk_freertos_hello/SRC/01_DEV/M3_Devices/devices/AD4114/ad4114.c.obj
                0x0ffe5868                ad4114_sw_reset
 .text.ad4114_set_ifmode
                0x0ffe58d0       0x3a CMakeFiles/payexp_m33.elf.dir/D_/IMX93/PROJECT/mcimx93evk_freertos_hello/SRC/01_DEV/M3_Devices/devices/AD4114/ad4114.c.obj
                0x0ffe58d0                ad4114_set_ifmode
 .text.ad4114_set_adcmode
                0x0ffe590a       0x3a CMakeFiles/payexp_m33.elf.dir/D_/IMX93/PROJECT/mcimx93evk_freertos_hello/SRC/01_DEV/M3_Devices/devices/AD4114/ad4114.c.obj
                0x0ffe590a                ad4114_set_adcmode
 .text.ad4114_config_channel
                0x0ffe5944       0x82 CMakeFiles/payexp_m33.elf.dir/D_/IMX93/PROJECT/mcimx93evk_freertos_hello/SRC/01_DEV/M3_Devices/devices/AD4114/ad4114.c.obj
                0x0ffe5944                ad4114_config_channel
 .text.wait_rdy_low
                0x0ffe59c6       0x5a CMakeFiles/payexp_m33.elf.dir/D_/IMX93/PROJECT/mcimx93evk_freertos_hello/SRC/01_DEV/M3_Devices/devices/AD4114/ad4114.c.obj
 .text.ad4114_read_data_wait
                0x0ffe5a20       0x8e CMakeFiles/payexp_m33.elf.dir/D_/IMX93/PROJECT/mcimx93evk_freertos_hello/SRC/01_DEV/M3_Devices/devices/AD4114/ad4114.c.obj
                0x0ffe5a20                ad4114_read_data_wait
 .text.ad4114_channels_enable_mask
                0x0ffe5aae       0x8a CMakeFiles/payexp_m33.elf.dir/D_/IMX93/PROJECT/mcimx93evk_freertos_hello/SRC/01_DEV/M3_Devices/devices/AD4114/ad4114.c.obj
                0x0ffe5aae                ad4114_channels_enable_mask
 .text.ad4114_channels_disable_mask
                0x0ffe5b38       0x86 CMakeFiles/payexp_m33.elf.dir/D_/IMX93/PROJECT/mcimx93evk_freertos_hello/SRC/01_DEV/M3_Devices/devices/AD4114/ad4114.c.obj
                0x0ffe5b38                ad4114_channels_disable_mask
 .text.ad4114_setup_write
                0x0ffe5bbe       0x3a CMakeFiles/payexp_m33.elf.dir/D_/IMX93/PROJECT/mcimx93evk_freertos_hello/SRC/01_DEV/M3_Devices/devices/AD4114/ad4114.c.obj
                0x0ffe5bbe                ad4114_setup_write
 .text.ad4114_gain_write
                0x0ffe5bf8       0x3c CMakeFiles/payexp_m33.elf.dir/D_/IMX93/PROJECT/mcimx93evk_freertos_hello/SRC/01_DEV/M3_Devices/devices/AD4114/ad4114.c.obj
                0x0ffe5bf8                ad4114_gain_write
 .text.ad4114_set_mode_continuous
                0x0ffe5c34       0x54 CMakeFiles/payexp_m33.elf.dir/D_/IMX93/PROJECT/mcimx93evk_freertos_hello/SRC/01_DEV/M3_Devices/devices/AD4114/ad4114.c.obj
                0x0ffe5c34                ad4114_set_mode_continuous
 .text.ad4114_read_all
                0x0ffe5c88      0x2ae CMakeFiles/payexp_m33.elf.dir/D_/IMX93/PROJECT/mcimx93evk_freertos_hello/SRC/01_DEV/M3_Devices/devices/AD4114/ad4114.c.obj
                0x0ffe5c88                ad4114_read_all
 .text.cs_active
                0x0ffe5f36       0x1a CMakeFiles/payexp_m33.elf.dir/D_/IMX93/PROJECT/mcimx93evk_freertos_hello/SRC/01_DEV/M3_Devices/devices/AD4114/ad4114.c.obj
 .text.cs_idle  0x0ffe5f50       0x1a CMakeFiles/payexp_m33.elf.dir/D_/IMX93/PROJECT/mcimx93evk_freertos_hello/SRC/01_DEV/M3_Devices/devices/AD4114/ad4114.c.obj
 .text.wr_frame
                0x0ffe5f6a       0x8c CMakeFiles/payexp_m33.elf.dir/D_/IMX93/PROJECT/mcimx93evk_freertos_hello/SRC/01_DEV/M3_Devices/devices/AD4114/ad4114.c.obj
 .text.rd_frame
                0x0ffe5ff6       0x94 CMakeFiles/payexp_m33.elf.dir/D_/IMX93/PROJECT/mcimx93evk_freertos_hello/SRC/01_DEV/M3_Devices/devices/AD4114/ad4114.c.obj
 .text.ad4114_write16
                0x0ffe608a       0x42 CMakeFiles/payexp_m33.elf.dir/D_/IMX93/PROJECT/mcimx93evk_freertos_hello/SRC/01_DEV/M3_Devices/devices/AD4114/ad4114.c.obj
 .text.ad4114_write24
                0x0ffe60cc       0x46 CMakeFiles/payexp_m33.elf.dir/D_/IMX93/PROJECT/mcimx93evk_freertos_hello/SRC/01_DEV/M3_Devices/devices/AD4114/ad4114.c.obj
 .text.ad4114_read8
                0x0ffe6112       0x34 CMakeFiles/payexp_m33.elf.dir/D_/IMX93/PROJECT/mcimx93evk_freertos_hello/SRC/01_DEV/M3_Devices/devices/AD4114/ad4114.c.obj
 .text.ad4114_read16
                0x0ffe6146       0x58 CMakeFiles/payexp_m33.elf.dir/D_/IMX93/PROJECT/mcimx93evk_freertos_hello/SRC/01_DEV/M3_Devices/devices/AD4114/ad4114.c.obj
 .text.ad4114_read24
                0x0ffe619e       0x54 CMakeFiles/payexp_m33.elf.dir/D_/IMX93/PROJECT/mcimx93evk_freertos_hello/SRC/01_DEV/M3_Devices/devices/AD4114/ad4114.c.obj
 .text.adg1414_chain_write
                0x0ffe61f2       0x8e CMakeFiles/payexp_m33.elf.dir/D_/IMX93/PROJECT/mcimx93evk_freertos_hello/SRC/01_DEV/M3_Devices/devices/ADG1414BR/adg1414.c.obj
 .text.adg1414_chain_init
                0x0ffe6280       0x74 CMakeFiles/payexp_m33.elf.dir/D_/IMX93/PROJECT/mcimx93evk_freertos_hello/SRC/01_DEV/M3_Devices/devices/ADG1414BR/adg1414.c.obj
                0x0ffe6280                adg1414_chain_init
 .text.mcp4902_latch_pulse
                0x0ffe62f4       0x24 CMakeFiles/payexp_m33.elf.dir/D_/IMX93/PROJECT/mcimx93evk_freertos_hello/SRC/01_DEV/M3_Devices/devices/MCP4902/mcp4902.c.obj
 .text.mcp4902_write_frame
                0x0ffe6318       0x54 CMakeFiles/payexp_m33.elf.dir/D_/IMX93/PROJECT/mcimx93evk_freertos_hello/SRC/01_DEV/M3_Devices/devices/MCP4902/mcp4902.c.obj
 .text.mcp4902_build_frame
                0x0ffe636c       0x6e CMakeFiles/payexp_m33.elf.dir/D_/IMX93/PROJECT/mcimx93evk_freertos_hello/SRC/01_DEV/M3_Devices/devices/MCP4902/mcp4902.c.obj
 .text.mcp4902_dev_init
                0x0ffe63da       0xa2 CMakeFiles/payexp_m33.elf.dir/D_/IMX93/PROJECT/mcimx93evk_freertos_hello/SRC/01_DEV/M3_Devices/devices/MCP4902/mcp4902.c.obj
                0x0ffe63da                mcp4902_dev_init
 .text.mcp4902_shutdown
                0x0ffe647c       0x40 CMakeFiles/payexp_m33.elf.dir/D_/IMX93/PROJECT/mcimx93evk_freertos_hello/SRC/01_DEV/M3_Devices/devices/MCP4902/mcp4902.c.obj
                0x0ffe647c                mcp4902_shutdown
 .text.mcp4902_flush
                0x0ffe64bc       0x60 CMakeFiles/payexp_m33.elf.dir/D_/IMX93/PROJECT/mcimx93evk_freertos_hello/SRC/01_DEV/M3_Devices/devices/MCP4902/mcp4902.c.obj
                0x0ffe64bc                mcp4902_flush
 .text.pca9685_delay_ms
                0x0ffe651c       0x14 CMakeFiles/payexp_m33.elf.dir/D_/IMX93/PROJECT/mcimx93evk_freertos_hello/SRC/01_DEV/M3_Devices/devices/pca9685/pca9685.c.obj
                0x0ffe651c                pca9685_delay_ms
 .text.wr8      0x0ffe6530       0x54 CMakeFiles/payexp_m33.elf.dir/D_/IMX93/PROJECT/mcimx93evk_freertos_hello/SRC/01_DEV/M3_Devices/devices/pca9685/pca9685.c.obj
 .text.rd8      0x0ffe6584       0x6e CMakeFiles/payexp_m33.elf.dir/D_/IMX93/PROJECT/mcimx93evk_freertos_hello/SRC/01_DEV/M3_Devices/devices/pca9685/pca9685.c.obj
 .text.wr4      0x0ffe65f2       0x7a CMakeFiles/payexp_m33.elf.dir/D_/IMX93/PROJECT/mcimx93evk_freertos_hello/SRC/01_DEV/M3_Devices/devices/pca9685/pca9685.c.obj
 .text.pca9685_init_min
                0x0ffe666c       0xde CMakeFiles/payexp_m33.elf.dir/D_/IMX93/PROJECT/mcimx93evk_freertos_hello/SRC/01_DEV/M3_Devices/devices/pca9685/pca9685.c.obj
                0x0ffe666c                pca9685_init_min
 *fill*         0x0ffe674a        0x2 
 .text.pca9685_set_freq_hz
                0x0ffe674c      0x124 CMakeFiles/payexp_m33.elf.dir/D_/IMX93/PROJECT/mcimx93evk_freertos_hello/SRC/01_DEV/M3_Devices/devices/pca9685/pca9685.c.obj
                0x0ffe674c                pca9685_set_freq_hz
 .text.pca9685_set_duty_permille
                0x0ffe6870      0x260 CMakeFiles/payexp_m33.elf.dir/D_/IMX93/PROJECT/mcimx93evk_freertos_hello/SRC/01_DEV/M3_Devices/devices/pca9685/pca9685.c.obj
                0x0ffe6870                pca9685_set_duty_permille
 .text.write_reg16
                0x0ffe6ad0       0x4e CMakeFiles/payexp_m33.elf.dir/D_/IMX93/PROJECT/mcimx93evk_freertos_hello/SRC/01_DEV/M3_Devices/devices/tca6416/tca6416.c.obj
 .text.read_reg16
                0x0ffe6b1e       0x76 CMakeFiles/payexp_m33.elf.dir/D_/IMX93/PROJECT/mcimx93evk_freertos_hello/SRC/01_DEV/M3_Devices/devices/tca6416/tca6416.c.obj
 .text.tca6416a_init
                0x0ffe6b94       0xbc CMakeFiles/payexp_m33.elf.dir/D_/IMX93/PROJECT/mcimx93evk_freertos_hello/SRC/01_DEV/M3_Devices/devices/tca6416/tca6416.c.obj
                0x0ffe6b94                tca6416a_init
 .text.tca6416a_write_outputs
                0x0ffe6c50       0x3e CMakeFiles/payexp_m33.elf.dir/D_/IMX93/PROJECT/mcimx93evk_freertos_hello/SRC/01_DEV/M3_Devices/devices/tca6416/tca6416.c.obj
                0x0ffe6c50                tca6416a_write_outputs
 .text.tca6416a_write_modes
                0x0ffe6c8e       0x40 CMakeFiles/payexp_m33.elf.dir/D_/IMX93/PROJECT/mcimx93evk_freertos_hello/SRC/01_DEV/M3_Devices/devices/tca6416/tca6416.c.obj
                0x0ffe6c8e                tca6416a_write_modes
 .text.tca6416a_pin_write
                0x0ffe6cce       0x68 CMakeFiles/payexp_m33.elf.dir/D_/IMX93/PROJECT/mcimx93evk_freertos_hello/SRC/01_DEV/M3_Devices/devices/tca6416/tca6416.c.obj
                0x0ffe6cce                tca6416a_pin_write
 .text.osDefineTime
                0x0ffe6d36       0x16 CMakeFiles/payexp_m33.elf.dir/D_/IMX93/PROJECT/mcimx93evk_freertos_hello/SRC/01_DEV/M4_Middlewares/os/freertos/osDelay.c.obj
                0x0ffe6d36                osDefineTime
 .text.osTaskGetTickCount
                0x0ffe6d4c        0xe CMakeFiles/payexp_m33.elf.dir/D_/IMX93/PROJECT/mcimx93evk_freertos_hello/SRC/01_DEV/M4_Middlewares/os/freertos/osDelay.c.obj
                0x0ffe6d4c                osTaskGetTickCount
 .text.osTaskDelayUntil
                0x0ffe6d5a       0x22 CMakeFiles/payexp_m33.elf.dir/D_/IMX93/PROJECT/mcimx93evk_freertos_hello/SRC/01_DEV/M4_Middlewares/os/freertos/osDelay.c.obj
                0x0ffe6d5a                osTaskDelayUntil
 .text.osSemaphoreCreate
                0x0ffe6d7c       0x2a CMakeFiles/payexp_m33.elf.dir/D_/IMX93/PROJECT/mcimx93evk_freertos_hello/SRC/01_DEV/M4_Middlewares/os/freertos/osSemphr.c.obj
                0x0ffe6d7c                osSemaphoreCreate
 .text.osSemaphoreTake
                0x0ffe6da6       0x30 CMakeFiles/payexp_m33.elf.dir/D_/IMX93/PROJECT/mcimx93evk_freertos_hello/SRC/01_DEV/M4_Middlewares/os/freertos/osSemphr.c.obj
                0x0ffe6da6                osSemaphoreTake
 .text.osSemaphoreGiven
                0x0ffe6dd6       0x2a CMakeFiles/payexp_m33.elf.dir/D_/IMX93/PROJECT/mcimx93evk_freertos_hello/SRC/01_DEV/M4_Middlewares/os/freertos/osSemphr.c.obj
                0x0ffe6dd6                osSemaphoreGiven
 .text.ring_char_buffer_init
                0x0ffe6e00       0x48 CMakeFiles/payexp_m33.elf.dir/D_/IMX93/PROJECT/mcimx93evk_freertos_hello/SRC/01_DEV/M4_Middlewares/ring_char_buffer/ring_char_buffer.c.obj
                0x0ffe6e00                ring_char_buffer_init
 .text.ring_char_buffer_push
                0x0ffe6e48       0x56 CMakeFiles/payexp_m33.elf.dir/D_/IMX93/PROJECT/mcimx93evk_freertos_hello/SRC/01_DEV/M4_Middlewares/ring_char_buffer/ring_char_buffer.c.obj
                0x0ffe6e48                ring_char_buffer_push
 .text.ring_char_buffer_pop
                0x0ffe6e9e       0x5e CMakeFiles/payexp_m33.elf.dir/D_/IMX93/PROJECT/mcimx93evk_freertos_hello/SRC/01_DEV/M4_Middlewares/ring_char_buffer/ring_char_buffer.c.obj
                0x0ffe6e9e                ring_char_buffer_pop
 .text.ring_char_buffer_is_empty
                0x0ffe6efc       0x38 CMakeFiles/payexp_m33.elf.dir/D_/IMX93/PROJECT/mcimx93evk_freertos_hello/SRC/01_DEV/M4_Middlewares/ring_char_buffer/ring_char_buffer.c.obj
                0x0ffe6efc                ring_char_buffer_is_empty
 .text.ring_char_buffer_is_full
                0x0ffe6f34       0x4e CMakeFiles/payexp_m33.elf.dir/D_/IMX93/PROJECT/mcimx93evk_freertos_hello/SRC/01_DEV/M4_Middlewares/ring_char_buffer/ring_char_buffer.c.obj
                0x0ffe6f34                ring_char_buffer_is_full
 .text.ring_char_buffer_advance_index
                0x0ffe6f82       0x2e CMakeFiles/payexp_m33.elf.dir/D_/IMX93/PROJECT/mcimx93evk_freertos_hello/SRC/01_DEV/M4_Middlewares/ring_char_buffer/ring_char_buffer.c.obj
 .text.UpdateCRC16_XMODEM
                0x0ffe6fb0       0x66 CMakeFiles/payexp_m33.elf.dir/D_/IMX93/PROJECT/mcimx93evk_freertos_hello/SRC/01_DEV/M5_Utils/CRC/crc16_xmodem.c.obj
 *fill*         0x0ffe7016        0x2 
 .text.CRC16_XMODEM_Init
                0x0ffe7018       0x40 CMakeFiles/payexp_m33.elf.dir/D_/IMX93/PROJECT/mcimx93evk_freertos_hello/SRC/01_DEV/M5_Utils/CRC/crc16_xmodem.c.obj
                0x0ffe7018                CRC16_XMODEM_Init
 .text.CRC16_XMODEM_Begin
                0x0ffe7058       0x54 CMakeFiles/payexp_m33.elf.dir/D_/IMX93/PROJECT/mcimx93evk_freertos_hello/SRC/01_DEV/M5_Utils/CRC/crc16_xmodem.c.obj
                0x0ffe7058                CRC16_XMODEM_Begin
 .text.CRC16_XMODEM_UpdateByte
                0x0ffe70ac       0x54 CMakeFiles/payexp_m33.elf.dir/D_/IMX93/PROJECT/mcimx93evk_freertos_hello/SRC/01_DEV/M5_Utils/CRC/crc16_xmodem.c.obj
                0x0ffe70ac                CRC16_XMODEM_UpdateByte
 .text.CRC16_XMODEM_Finish
                0x0ffe7100       0x58 CMakeFiles/payexp_m33.elf.dir/D_/IMX93/PROJECT/mcimx93evk_freertos_hello/SRC/01_DEV/M5_Utils/CRC/crc16_xmodem.c.obj
                0x0ffe7100                CRC16_XMODEM_Finish
 .text.isLeapYear
                0x0ffe7158       0x60 CMakeFiles/payexp_m33.elf.dir/D_/IMX93/PROJECT/mcimx93evk_freertos_hello/SRC/01_DEV/M5_Utils/DateTime/date_time.c.obj
 .text.getMaxDays
                0x0ffe71b8       0x3c CMakeFiles/payexp_m33.elf.dir/D_/IMX93/PROJECT/mcimx93evk_freertos_hello/SRC/01_DEV/M5_Utils/DateTime/date_time.c.obj
 .text.Utils_SoftTime_Update
                0x0ffe71f4      0x118 CMakeFiles/payexp_m33.elf.dir/D_/IMX93/PROJECT/mcimx93evk_freertos_hello/SRC/01_DEV/M5_Utils/DateTime/date_time.c.obj
                0x0ffe71f4                Utils_SoftTime_Update
 .text.Utils_SoftTime_Init
                0x0ffe730c       0x54 CMakeFiles/payexp_m33.elf.dir/D_/IMX93/PROJECT/mcimx93evk_freertos_hello/SRC/01_DEV/M5_Utils/DateTime/date_time.c.obj
                0x0ffe730c                Utils_SoftTime_Init
 .text.Utils_GetRTC
                0x0ffe7360       0x2c CMakeFiles/payexp_m33.elf.dir/D_/IMX93/PROJECT/mcimx93evk_freertos_hello/SRC/01_DEV/M5_Utils/DateTime/date_time.c.obj
                0x0ffe7360                Utils_GetRTC
 .text.Utils_GetWorkingTime
                0x0ffe738c       0x58 CMakeFiles/payexp_m33.elf.dir/D_/IMX93/PROJECT/mcimx93evk_freertos_hello/SRC/01_DEV/M5_Utils/DateTime/date_time.c.obj
                0x0ffe738c                Utils_GetWorkingTime
 .text.HAL_UartGetStatus
                0x0ffe73e4       0x28 CMakeFiles/payexp_m33.elf.dir/D_/PROJECT/XpressoSDK/SDK_2_14_0_MIMX9352xxxxK/components/uart/fsl_adapter_lpuart.c.obj
 .text.HAL_UartInitCommon
                0x0ffe740c       0xe0 CMakeFiles/payexp_m33.elf.dir/D_/PROJECT/XpressoSDK/SDK_2_14_0_MIMX9352xxxxK/components/uart/fsl_adapter_lpuart.c.obj
 .text.HAL_UartInit
                0x0ffe74ec       0xac CMakeFiles/payexp_m33.elf.dir/D_/PROJECT/XpressoSDK/SDK_2_14_0_MIMX9352xxxxK/components/uart/fsl_adapter_lpuart.c.obj
                0x0ffe74ec                HAL_UartInit
 .text.HAL_UartSendBlocking
                0x0ffe7598       0x84 CMakeFiles/payexp_m33.elf.dir/D_/PROJECT/XpressoSDK/SDK_2_14_0_MIMX9352xxxxK/components/uart/fsl_adapter_lpuart.c.obj
                0x0ffe7598                HAL_UartSendBlocking
 .text.DisableGlobalIRQ
                0x0ffe761c       0x22 CMakeFiles/payexp_m33.elf.dir/D_/PROJECT/XpressoSDK/SDK_2_14_0_MIMX9352xxxxK/components/serial_manager/fsl_component_serial_manager.c.obj
 .text.EnableGlobalIRQ
                0x0ffe763e       0x20 CMakeFiles/payexp_m33.elf.dir/D_/PROJECT/XpressoSDK/SDK_2_14_0_MIMX9352xxxxK/components/serial_manager/fsl_component_serial_manager.c.obj
 .text.SerialManager_StartWriting
                0x0ffe765e       0x38 CMakeFiles/payexp_m33.elf.dir/D_/PROJECT/XpressoSDK/SDK_2_14_0_MIMX9352xxxxK/components/serial_manager/fsl_component_serial_manager.c.obj
 .text.SerialManager_Write
                0x0ffe7696       0x44 CMakeFiles/payexp_m33.elf.dir/D_/PROJECT/XpressoSDK/SDK_2_14_0_MIMX9352xxxxK/components/serial_manager/fsl_component_serial_manager.c.obj
 .text.SerialManager_Init
                0x0ffe76da       0x60 CMakeFiles/payexp_m33.elf.dir/D_/PROJECT/XpressoSDK/SDK_2_14_0_MIMX9352xxxxK/components/serial_manager/fsl_component_serial_manager.c.obj
                0x0ffe76da                SerialManager_Init
 .text.SerialManager_OpenWriteHandle
                0x0ffe773a       0x50 CMakeFiles/payexp_m33.elf.dir/D_/PROJECT/XpressoSDK/SDK_2_14_0_MIMX9352xxxxK/components/serial_manager/fsl_component_serial_manager.c.obj
                0x0ffe773a                SerialManager_OpenWriteHandle
 .text.SerialManager_OpenReadHandle
                0x0ffe778a       0x60 CMakeFiles/payexp_m33.elf.dir/D_/PROJECT/XpressoSDK/SDK_2_14_0_MIMX9352xxxxK/components/serial_manager/fsl_component_serial_manager.c.obj
                0x0ffe778a                SerialManager_OpenReadHandle
 .text.SerialManager_WriteBlocking
                0x0ffe77ea       0x20 CMakeFiles/payexp_m33.elf.dir/D_/PROJECT/XpressoSDK/SDK_2_14_0_MIMX9352xxxxK/components/serial_manager/fsl_component_serial_manager.c.obj
                0x0ffe77ea                SerialManager_WriteBlocking