D:/anh_khoa/document/project/nxp_mcux/workspace/space_liin_tech/satelite_exp_imx93/00_sdk/SDK_2_14_0_MIMX9352xxxxK/devices/MIMX9352/drivers/fsl_iomuxc.h:700:20:IOMUXC_SetPinMux	24	static
D:/anh_khoa/document/project/nxp_mcux/workspace/space_liin_tech/satelite_exp_imx93/00_sdk/SDK_2_14_0_MIMX9352xxxxK/devices/MIMX9352/drivers/fsl_iomuxc.h:728:20:IOMUXC_SetPinConfig	24	static
D:/anh_khoa/document/project/baobuibk-SpaceLiin_Satellite_M33_FW_1.1.0/SRC/01_DEV/M2_BSP/bsp_board/bsp.c:23:6:BSP_Init	8	static
D:/anh_khoa/document/project/baobuibk-SpaceLiin_Satellite_M33_FW_1.1.0/SRC/01_DEV/M2_BSP/bsp_board/bsp.c:32:13:EXP_InitPins	16	static
