Archive member included to satisfy reference by file (symbol)

C:/Users/Admin/.mcuxpressotools/arm-gnu-toolchain-14.2.rel1-mingw-w64-x86_64-arm-none-eabi/bin/../lib/gcc/arm-none-eabi/14.2.1/thumb/v8-m.main+fp/hard\libgcc.a(_aeabi_uldivmod.o)
                              CMakeFiles/freertos_hello.elf.dir/D_/PROJECT/XpressoSDK/SDK_2_14_0_MIMX9352xxxxK/devices/MIMX9352/drivers/fsl_common_arm.c.obj (__aeabi_uldivmod)
C:/Users/Admin/.mcuxpressotools/arm-gnu-toolchain-14.2.rel1-mingw-w64-x86_64-arm-none-eabi/bin/../lib/gcc/arm-none-eabi/14.2.1/thumb/v8-m.main+fp/hard\libgcc.a(_udivmoddi4.o)
                              C:/Users/Admin/.mcuxpressotools/arm-gnu-toolchain-14.2.rel1-mingw-w64-x86_64-arm-none-eabi/bin/../lib/gcc/arm-none-eabi/14.2.1/thumb/v8-m.main+fp/hard\libgcc.a(_aeabi_uldivmod.o) (__udivmoddi4)
C:/Users/Admin/.mcuxpressotools/arm-gnu-toolchain-14.2.rel1-mingw-w64-x86_64-arm-none-eabi/bin/../lib/gcc/arm-none-eabi/14.2.1/thumb/v8-m.main+fp/hard\libgcc.a(_dvmd_tls.o)
                              C:/Users/Admin/.mcuxpressotools/arm-gnu-toolchain-14.2.rel1-mingw-w64-x86_64-arm-none-eabi/bin/../lib/gcc/arm-none-eabi/14.2.1/thumb/v8-m.main+fp/hard\libgcc.a(_aeabi_uldivmod.o) (__aeabi_ldiv0)
C:/Users/Admin/.mcuxpressotools/arm-gnu-toolchain-14.2.rel1-mingw-w64-x86_64-arm-none-eabi/bin/../lib/gcc/arm-none-eabi/14.2.1/thumb/v8-m.main+fp/hard\libc_nano.a(libc_a-exit.o)
                              C:/Users/Admin/.mcuxpressotools/arm-gnu-toolchain-14.2.rel1-mingw-w64-x86_64-arm-none-eabi/bin/../lib/gcc/arm-none-eabi/14.2.1/thumb/v8-m.main+fp/hard/crt0.o (exit)
C:/Users/Admin/.mcuxpressotools/arm-gnu-toolchain-14.2.rel1-mingw-w64-x86_64-arm-none-eabi/bin/../lib/gcc/arm-none-eabi/14.2.1/thumb/v8-m.main+fp/hard\libc_nano.a(libc_a-malloc.o)
                              CMakeFiles/freertos_hello.elf.dir/D_/PROJECT/XpressoSDK/SDK_2_14_0_MIMX9352xxxxK/devices/MIMX9352/drivers/fsl_common.c.obj (malloc)
C:/Users/Admin/.mcuxpressotools/arm-gnu-toolchain-14.2.rel1-mingw-w64-x86_64-arm-none-eabi/bin/../lib/gcc/arm-none-eabi/14.2.1/thumb/v8-m.main+fp/hard\libc_nano.a(libc_a-mallocr.o)
                              C:/Users/Admin/.mcuxpressotools/arm-gnu-toolchain-14.2.rel1-mingw-w64-x86_64-arm-none-eabi/bin/../lib/gcc/arm-none-eabi/14.2.1/thumb/v8-m.main+fp/hard\libc_nano.a(libc_a-malloc.o) (_malloc_r)
C:/Users/Admin/.mcuxpressotools/arm-gnu-toolchain-14.2.rel1-mingw-w64-x86_64-arm-none-eabi/bin/../lib/gcc/arm-none-eabi/14.2.1/thumb/v8-m.main+fp/hard\libc_nano.a(libc_a-mlock.o)
                              C:/Users/Admin/.mcuxpressotools/arm-gnu-toolchain-14.2.rel1-mingw-w64-x86_64-arm-none-eabi/bin/../lib/gcc/arm-none-eabi/14.2.1/thumb/v8-m.main+fp/hard\libc_nano.a(libc_a-mallocr.o) (__malloc_lock)
C:/Users/Admin/.mcuxpressotools/arm-gnu-toolchain-14.2.rel1-mingw-w64-x86_64-arm-none-eabi/bin/../lib/gcc/arm-none-eabi/14.2.1/thumb/v8-m.main+fp/hard\libc_nano.a(libc_a-strtoul.o)
                              CMakeFiles/freertos_hello.elf.dir/D_/PROJECT/XpressoSDK/SDK_2_14_0_MIMX9352xxxxK/devices/MIMX9352/utilities/str/fsl_str.c.obj (strtoul)
C:/Users/Admin/.mcuxpressotools/arm-gnu-toolchain-14.2.rel1-mingw-w64-x86_64-arm-none-eabi/bin/../lib/gcc/arm-none-eabi/14.2.1/thumb/v8-m.main+fp/hard\libc_nano.a(libc_a-ctype_.o)
                              C:/Users/Admin/.mcuxpressotools/arm-gnu-toolchain-14.2.rel1-mingw-w64-x86_64-arm-none-eabi/bin/../lib/gcc/arm-none-eabi/14.2.1/thumb/v8-m.main+fp/hard\libc_nano.a(libc_a-strtoul.o) (_ctype_)
C:/Users/Admin/.mcuxpressotools/arm-gnu-toolchain-14.2.rel1-mingw-w64-x86_64-arm-none-eabi/bin/../lib/gcc/arm-none-eabi/14.2.1/thumb/v8-m.main+fp/hard\libc_nano.a(libc_a-findfp.o)
                              C:/Users/Admin/.mcuxpressotools/arm-gnu-toolchain-14.2.rel1-mingw-w64-x86_64-arm-none-eabi/bin/../lib/gcc/arm-none-eabi/14.2.1/thumb/v8-m.main+fp/hard\libc_nano.a(libc_a-exit.o) (__stdio_exit_handler)
C:/Users/Admin/.mcuxpressotools/arm-gnu-toolchain-14.2.rel1-mingw-w64-x86_64-arm-none-eabi/bin/../lib/gcc/arm-none-eabi/14.2.1/thumb/v8-m.main+fp/hard\libc_nano.a(libc_a-fwalk.o)
                              C:/Users/Admin/.mcuxpressotools/arm-gnu-toolchain-14.2.rel1-mingw-w64-x86_64-arm-none-eabi/bin/../lib/gcc/arm-none-eabi/14.2.1/thumb/v8-m.main+fp/hard\libc_nano.a(libc_a-findfp.o) (_fwalk_sglue)
C:/Users/Admin/.mcuxpressotools/arm-gnu-toolchain-14.2.rel1-mingw-w64-x86_64-arm-none-eabi/bin/../lib/gcc/arm-none-eabi/14.2.1/thumb/v8-m.main+fp/hard\libc_nano.a(libc_a-stdio.o)
                              C:/Users/Admin/.mcuxpressotools/arm-gnu-toolchain-14.2.rel1-mingw-w64-x86_64-arm-none-eabi/bin/../lib/gcc/arm-none-eabi/14.2.1/thumb/v8-m.main+fp/hard\libc_nano.a(libc_a-findfp.o) (__sread)
C:/Users/Admin/.mcuxpressotools/arm-gnu-toolchain-14.2.rel1-mingw-w64-x86_64-arm-none-eabi/bin/../lib/gcc/arm-none-eabi/14.2.1/thumb/v8-m.main+fp/hard\libc_nano.a(libc_a-memset.o)
[...]
Memory Configuration

Name             Origin             Length             Attributes
m_interrupts     0x0ffe0000         0x00000478         xr
m_text           0x0ffe0478         0x0001fb88         xr
m_m33_suspend_ram 0x20000000         0x00002000         rw
m_a55_suspend_ram 0x20002000         0x00001000         rw
m_data           0x20003000         0x0001c000         rw
m_rsc_tbl        0x2001f000         0x00001000         rw
*default*        0x00000000         0xffffffff

Linker script and memory map

LOAD C:/Users/Admin/.mcuxpressotools/arm-gnu-toolchain-14.2.rel1-mingw-w64-x86_64-arm-none-eabi/bin/../lib/gcc/arm-none-eabi/14.2.1/thumb/v8-m.main+fp/hard/crti.o
LOAD C:/Users/Admin/.mcuxpressotools/arm-gnu-toolchain-14.2.rel1-mingw-w64-x86_64-arm-none-eabi/bin/../lib/gcc/arm-none-eabi/14.2.1/thumb/v8-m.main+fp/hard/crtbegin.o
LOAD C:/Users/Admin/.mcuxpressotools/arm-gnu-toolchain-14.2.rel1-mingw-w64-x86_64-arm-none-eabi/bin/../lib/gcc/arm-none-eabi/14.2.1/thumb/v8-m.main+fp/hard/crt0.o
LOAD CMakeFiles/freertos_hello.elf.dir/D_/IMX93/PROJECT/mcimx93evk_freertos_hello/pin_mux.c.obj
LOAD CMakeFiles/freertos_hello.elf.dir/D_/IMX93/PROJECT/mcimx93evk_freertos_hello/freertos_hello.c.obj
LOAD CMakeFiles/freertos_hello.elf.dir/D_/IMX93/PROJECT/mcimx93evk_freertos_hello/board.c.obj
LOAD CMakeFiles/freertos_hello.elf.dir/D_/IMX93/PROJECT/mcimx93evk_freertos_hello/clock_config.c.obj
LOAD CMakeFiles/freertos_hello.elf.dir/D_/PROJECT/XpressoSDK/SDK_2_14_0_MIMX9352xxxxK/components/lists/fsl_component_generic_list.c.obj
LOAD CMakeFiles/freertos_hello.elf.dir/D_/PROJECT/XpressoSDK/SDK_2_14_0_MIMX9352xxxxK/components/uart/fsl_adapter_lpuart.c.obj
LOAD CMakeFiles/freertos_hello.elf.dir/D_/PROJECT/XpressoSDK/SDK_2_14_0_MIMX9352xxxxK/components/serial_manager/fsl_component_serial_manager.c.obj
LOAD CMakeFiles/freertos_hello.elf.dir/D_/PROJECT/XpressoSDK/SDK_2_14_0_MIMX9352xxxxK/components/serial_manager/fsl_component_serial_port_uart.c.obj
LOAD CMakeFiles/freertos_hello.elf.dir/D_/PROJECT/XpressoSDK/SDK_2_14_0_MIMX9352xxxxK/devices/MIMX9352/system_MIMX9352_cm33.c.obj
LOAD CMakeFiles/freertos_hello.elf.dir/D_/PROJECT/XpressoSDK/SDK_2_14_0_MIMX9352xxxxK/devices/MIMX9352/gcc/startup_MIMX9352_cm33.S.obj
LOAD CMakeFiles/freertos_hello.elf.dir/D_/PROJECT/XpressoSDK/SDK_2_14_0_MIMX9352xxxxK/devices/MIMX9352/drivers/fsl_cache.c.obj
LOAD CMakeFiles/freertos_hello.elf.dir/D_/PROJECT/XpressoSDK/SDK_2_14_0_MIMX9352xxxxK/devices/MIMX9352/drivers/fsl_clock.c.obj
LOAD CMakeFiles/freertos_hello.elf.dir/D_/PROJECT/XpressoSDK/SDK_2_14_0_MIMX9352xxxxK/devices/MIMX9352/drivers/fsl_common.c.obj
LOAD CMakeFiles/freertos_hello.elf.dir/D_/PROJECT/XpressoSDK/SDK_2_14_0_MIMX9352xxxxK/devices/MIMX9352/drivers/fsl_common_arm.c.obj
LOAD CMakeFiles/freertos_hello.elf.dir/D_/PROJECT/XpressoSDK/SDK_2_14_0_MIMX9352xxxxK/devices/MIMX9352/drivers/fsl_lpuart.c.obj
LOAD CMakeFiles/freertos_hello.elf.dir/D_/PROJECT/XpressoSDK/SDK_2_14_0_MIMX9352xxxxK/devices/MIMX9352/drivers/fsl_rgpio.c.obj
LOAD CMakeFiles/freertos_hello.elf.dir/D_/PROJECT/XpressoSDK/SDK_2_14_0_MIMX9352xxxxK/devices/MIMX9352/drivers/fsl_sentinel.c.obj
LOAD CMakeFiles/freertos_hello.elf.dir/D_/PROJECT/XpressoSDK/SDK_2_14_0_MIMX9352xxxxK/rtos/freertos/freertos-kernel/croutine.c.obj
LOAD CMakeFiles/freertos_hello.elf.dir/D_/PROJECT/XpressoSDK/SDK_2_14_0_MIMX9352xxxxK/rtos/freertos/freertos-kernel/event_groups.c.obj
LOAD CMakeFiles/freertos_hello.elf.dir/D_/PROJECT/XpressoSDK/SDK_2_14_0_MIMX9352xxxxK/rtos/freertos/freertos-kernel/list.c.obj
LOAD CMakeFiles/freertos_hello.elf.dir/D_/PROJECT/XpressoSDK/SDK_2_14_0_MIMX9352xxxxK/rtos/freertos/freertos-kernel/queue.c.obj
LOAD CMakeFiles/freertos_hello.elf.dir/D_/PROJECT/XpressoSDK/SDK_2_14_0_MIMX9352xxxxK/rtos/freertos/freertos-kernel/stream_buffer.c.obj
LOAD CMakeFiles/freertos_hello.elf.dir/D_/PROJECT/XpressoSDK/SDK_2_14_0_MIMX9352xxxxK/rtos/freertos/freertos-kernel/tasks.c.obj
LOAD CMakeFiles/freertos_hello.elf.dir/D_/PROJECT/XpressoSDK/SDK_2_14_0_MIMX9352xxxxK/rtos/freertos/freertos-kernel/timers.c.obj
LOAD CMakeFiles/freertos_hello.elf.dir/D_/PROJECT/XpressoSDK/SDK_2_14_0_MIMX9352xxxxK/rtos/freertos/freertos-kernel/portable/GCC/ARM_CM33_NTZ/non_secure/port.c.obj
LOAD CMakeFiles/freertos_hello.elf.dir/D_/PROJECT/XpressoSDK/SDK_2_14_0_MIMX9352xxxxK/rtos/freertos/freertos-kernel/portable/GCC/ARM_CM33_NTZ/non_secure/portasm.c.obj
LOAD CMakeFiles/freertos_hello.elf.dir/D_/PROJECT/XpressoSDK/SDK_2_14_0_MIMX9352xxxxK/rtos/freertos/freertos-kernel/portable/MemMang/heap_4.c.obj
LOAD CMakeFiles/freertos_hello.elf.dir/D_/PROJECT/XpressoSDK/SDK_2_14_0_MIMX9352xxxxK/devices/MIMX9352/utilities/fsl_sbrk.c.obj
LOAD CMakeFiles/freertos_hello.elf.dir/D_/PROJECT/XpressoSDK/SDK_2_14_0_MIMX9352xxxxK/devices/MIMX9352/utilities/fsl_memcpy.S.obj
LOAD CMakeFiles/freertos_hello.elf.dir/D_/PROJECT/XpressoSDK/SDK_2_14_0_MIMX9352xxxxK/devices/MIMX9352/utilities/fsl_assert.c.obj
LOAD CMakeFiles/freertos_hello.elf.dir/D_/PROJECT/XpressoSDK/SDK_2_14_0_MIMX9352xxxxK/devices/MIMX9352/utilities/str/fsl_str.c.obj
LOAD CMakeFiles/freertos_hello.elf.dir/D_/PROJECT/XpressoSDK/SDK_2_14_0_MIMX9352xxxxK/devices/MIMX9352/utilities/debug_console/fsl_debug_console.c.obj
START GROUP
LOAD C:/Users/Admin/.mcuxpressotools/arm-gnu-toolchain-14.2.rel1-mingw-w64-x86_64-arm-none-eabi/bin/../lib/gcc/arm-none-eabi/14.2.1/thumb/v8-m.main+fp/hard\libgcc.a
LOAD C:/Users/Admin/.mcuxpressotools/arm-gnu-toolchain-14.2.rel1-mingw-w64-x86_64-arm-none-eabi/bin/../lib/gcc/arm-none-eabi/14.2.1/thumb/v8-m.main+fp/hard\libc_nano.a
LOAD C:/Users/Admin/.mcuxpressotools/arm-gnu-toolchain-14.2.rel1-mingw-w64-x86_64-arm-none-eabi/bin/../lib/gcc/arm-none-eabi/14.2.1/thumb/v8-m.main+fp/hard\libm.a
LOAD C:/Users/Admin/.mcuxpressotools/arm-gnu-toolchain-14.2.rel1-mingw-w64-x86_64-arm-none-eabi/bin/../lib/gcc/arm-none-eabi/14.2.1/../../../../arm-none-eabi/lib/thumb/v8-m.main+fp/hard\libcr_newlib_nohost.a
END GROUP
START GROUP
LOAD C:/Users/Admin/.mcuxpressotools/arm-gnu-toolchain-14.2.rel1-mingw-w64-x86_64-arm-none-eabi/bin/../lib/gcc/arm-none-eabi/14.2.1/thumb/v8-m.main+fp/hard\libgcc.a
LOAD C:/Users/Admin/.mcuxpressotools/arm-gnu-toolchain-14.2.rel1-mingw-w64-x86_64-arm-none-eabi/bin/../lib/gcc/arm-none-eabi/14.2.1/thumb/v8-m.main+fp/hard\libg_nano.a
LOAD C:/Users/Admin/.mcuxpressotools/arm-gnu-toolchain-14.2.rel1-mingw-w64-x86_64-arm-none-eabi/bin/../lib/gcc/arm-none-eabi/14.2.1/thumb/v8-m.main+fp/hard\libc_nano.a
END GROUP
START GROUP
LOAD C:/Users/Admin/.mcuxpressotools/arm-gnu-toolchain-14.2.rel1-mingw-w64-x86_64-arm-none-eabi/bin/../lib/gcc/arm-none-eabi/14.2.1/thumb/v8-m.main+fp/hard\libgcc.a
LOAD C:/Users/Admin/.mcuxpressotools/arm-gnu-toolchain-14.2.rel1-mingw-w64-x86_64-arm-none-eabi/bin/../lib/gcc/arm-none-eabi/14.2.1/thumb/v8-m.main+fp/hard\libc_nano.a
LOAD C:/Users/Admin/.mcuxpressotools/arm-gnu-toolchain-14.2.rel1-mingw-w64-x86_64-arm-none-eabi/bin/../lib/gcc/arm-none-eabi/14.2.1/thumb/v8-m.main+fp/hard\libnosys.a
END GROUP
START GROUP
LOAD C:/Users/Admin/.mcuxpressotools/arm-gnu-toolchain-14.2.rel1-mingw-w64-x86_64-arm-none-eabi/bin/../lib/gcc/arm-none-eabi/14.2.1/thumb/v8-m.main+fp/hard\libgcc.a
LOAD C:/Users/Admin/.mcuxpressotools/arm-gnu-toolchain-14.2.rel1-mingw-w64-x86_64-arm-none-eabi/bin/../lib/gcc/arm-none-eabi/14.2.1/thumb/v8-m.main+fp/hard\libc_nano.a
LOAD C:/Users/Admin/.mcuxpressotools/arm-gnu-toolchain-14.2.rel1-mingw-w64-x86_64-arm-none-eabi/bin/../lib/gcc/arm-none-eabi/14.2.1/thumb/v8-m.main+fp/hard\libnosys.a
END GROUP
LOAD C:/Users/Admin/.mcuxpressotools/arm-gnu-toolchain-14.2.rel1-mingw-w64-x86_64-arm-none-eabi/bin/../lib/gcc/arm-none-eabi/14.2.1/thumb/v8-m.main+fp/hard/crtend.o
LOAD C:/Users/Admin/.mcuxpressotools/arm-gnu-toolchain-14.2.rel1-mingw-w64-x86_64-arm-none-eabi/bin/../lib/gcc/arm-none-eabi/14.2.1/thumb/v8-m.main+fp/hard/crtn.o
                0x00000400                        HEAP_SIZE = DEFINED (__heap_size__)?__heap_size__:0x400
                0x00000400                        STACK_SIZE = DEFINED (__stack_size__)?__stack_size__:0x400
                0x00000000                        M_VECTOR_RAM_SIZE = DEFINED (__ram_vector_table__)?0x478:0x0

.interrupts     0x0ffe0000      0x474
                0x0ffe0000                        __VECTOR_TABLE = .
                0x0ffe0000                        __Vectors = .
                0x0ffe0000                        . = ALIGN (0x4)
 *(.isr_vector)
 .isr_vector    0x0ffe0000      0x474 CMakeFiles/freertos_hello.elf.dir/D_/PROJECT/XpressoSDK/SDK_2_14_0_MIMX9352xxxxK/devices/MIMX9352/gcc/startup_MIMX9352_cm33.S.obj
                0x0ffe0000                __isr_vector
                0x0ffe0474                        . = ALIGN (0x4)

.resource_table
                0x0ffe0478        0x0
                0x0ffe0478                        . = ALIGN (0x8)
 *(.resource_table)
                0x0ffe0478                        . = ALIGN (0x8)

.text           0x0ffe0480     0x48b4
                0x0ffe0480                        . = ALIGN (0x4)
 *(.text)
 .text          0x0ffe0480       0x7c C:/Users/Admin/.mcuxpressotools/arm-gnu-toolchain-14.2.rel1-mingw-w64-x86_64-arm-none-eabi/bin/../lib/gcc/arm-none-eabi/14.2.1/thumb/v8-m.main+fp/hard/crt0.o
                0x0ffe0480                _stack_init
                0x0ffe0488                _start
                0x0ffe0488                _mainCRTStartup
 .text          0x0ffe04fc      0x4ac CMakeFiles/freertos_hello.elf.dir/D_/PROJECT/XpressoSDK/SDK_2_14_0_MIMX9352xxxxK/devices/MIMX9352/gcc/startup_MIMX9352_cm33.S.obj
                0x0ffe04fc                Reset_Handler
                0x0ffe0574                LPI2C8_DriverIRQHandler
                0x0ffe0574                Reserved237_IRQHandler
                0x0ffe0574                DMA4_14_15_DriverIRQHandler
                0x0ffe0574                Reserved16_IRQHandler
                0x0ffe0574                MU2_A_IRQHandler
                0x0ffe0574                Reserved179_IRQHandler
                0x0ffe0574                LPSPI2_DriverIRQHandler
                0x0ffe0574                DMA4_20_21_DriverIRQHandler
                0x0ffe0574                Reserved219_IRQHandler
                0x0ffe0574                DebugMon_Handler
                0x0ffe0574                Reserved178_IRQHandler
                0x0ffe0574                Reserved220_IRQHandler
                0x0ffe0574                LPI2C7_DriverIRQHandler
                0x0ffe0574                Reserved88_IRQHandler
                0x0ffe0574                Reserved281_IRQHandler
                0x0ffe0574                Reserved243_IRQHandler
                0x0ffe0574                Reserved65_IRQHandler
                0x0ffe0574                Reserved229_IRQHandler
                0x0ffe0574                FlexSPI1_DriverIRQHandler
                0x0ffe0574                Reserved49_IRQHandler
                0x0ffe0574                CAN1_DriverIRQHandler
                0x0ffe0574                LPTMR1_IRQHandler
                0x0ffe0574                WDOG3_IRQHandler
                0x0ffe0574                Reserved76_IRQHandler
                0x0ffe0574                Reserved248_IRQHandler
                0x0ffe0574                Reserved64_IRQHandler
                0x0ffe0574                LPSPI4_DriverIRQHandler
                0x0ffe0574                Reserved60_IRQHandler
                0x0ffe0574                Reserved236_IRQHandler
                0x0ffe0574                Reserved234_IRQHandler
                0x0ffe0574                Reserved225_IRQHandler
                0x0ffe0574                CSI_IRQHandler
                0x0ffe0574                LPI2C5_DriverIRQHandler
                0x0ffe0574                Reserved50_IRQHandler
                0x0ffe0574                TRDC_IRQHandler
                0x0ffe0574                Reserved183_IRQHandler
                0x0ffe0574                DMA4_40_41_DriverIRQHandler
                0x0ffe0574                LPIT2_IRQHandler
                0x0ffe0574                LPI2C2_DriverIRQHandler
                0x0ffe0574                PDM_HWVAD_EVENT_DriverIRQHandler
                0x0ffe0574                Reserved19_IRQHandler
                0x0ffe0574                DMA4_0_1_DriverIRQHandler
                0x0ffe0574                Reserved74_IRQHandler
                0x0ffe0574                Reserved89_IRQHandler
                0x0ffe0574                Reserved201_IRQHandler
                0x0ffe0574                Reserved59_IRQHandler
                0x0ffe0574                LPSPI3_DriverIRQHandler
                0x0ffe0574                LPTMR2_IRQHandler
                0x0ffe0574                PDM_HWVAD_ERROR_DriverIRQHandler
                0x0ffe0574                Reserved272_IRQHandler
                0x0ffe0574                DMA4_46_47_DriverIRQHandler
                0x0ffe0574                BusFault_Handler
                0x0ffe0574                Reserved263_IRQHandler
                0x0ffe0574                DMA4_58_59_DriverIRQHandler
                0x0ffe0574                DMA4_16_17_DriverIRQHandler
                0x0ffe0574                TPM5_IRQHandler
                0x0ffe0574                MU1_A_IRQHandler
                0x0ffe0574                ENET_1588_DriverIRQHandler
                0x0ffe0574                LPI2C3_DriverIRQHandler
                0x0ffe0574                Reserved247_IRQHandler
                0x0ffe0574                DMA4_52_53_DriverIRQHandler
                0x0ffe0574                I3C1_DriverIRQHandler
                0x0ffe0574                Reserved63_IRQHandler
                0x0ffe0574                WDOG5_IRQHandler
                0x0ffe0574                DMA4_42_43_DriverIRQHandler
                0x0ffe0574                Reserved44_IRQHandler
                0x0ffe0574                CAN1_ERROR_DriverIRQHandler
                0x0ffe0574                Reserved42_IRQHandler
                0x0ffe0574                LPIT1_IRQHandler
                0x0ffe0574                Reserved22_IRQHandler
                0x0ffe0574                Reserved192_IRQHandler
                0x0ffe0574                Reserved51_IRQHandler
                0x0ffe0574                Reserved75_IRQHandler
                0x0ffe0574                Reserved238_IRQHandler
                0x0ffe0574                Reserved280_IRQHandler
                0x0ffe0574                uSDHC2_DriverIRQHandler
                0x0ffe0574                Reserved268_IRQHandler
                0x0ffe0574                DMA4_10_11_DriverIRQHandler
                0x0ffe0574                DMA4_34_35_DriverIRQHandler
                0x0ffe0574                Reserved176_IRQHandler
                0x0ffe0574                Reserved233_IRQHandler
                0x0ffe0574                Reserved224_IRQHandler
                0x0ffe0574                FLEXIO2_DriverIRQHandler
                0x0ffe0574                DMA4_22_23_DriverIRQHandler
                0x0ffe0574                UsageFault_Handler
                0x0ffe0574                WDOG1_IRQHandler
                0x0ffe0574                uSDHC1_DriverIRQHandler
                0x0ffe0574                Reserved265_IRQHandler
                0x0ffe0574                Reserved106_IRQHandler
                0x0ffe0574                Reserved235_IRQHandler
                0x0ffe0574                Reserved57_IRQHandler
                0x0ffe0574                TPM1_IRQHandler
                0x0ffe0574                Reserved257_IRQHandler
                0x0ffe0574                TEMPMON_IRQHandler
                0x0ffe0574                DMA4_30_31_DriverIRQHandler
                0x0ffe0574                DefaultISR
                0x0ffe0574                Reserved250_IRQHandler
                0x0ffe0574                Reserved73_IRQHandler
                0x0ffe0574                Reserved58_IRQHandler
                0x0ffe0574                DMA4_38_39_DriverIRQHandler
                0x0ffe0574                Reserved264_IRQHandler
                0x0ffe0574                Reserved261_IRQHandler
                0x0ffe0574                Reserved284_IRQHandler
                0x0ffe0574                I3C2_DriverIRQHandler
                0x0ffe0574                LPI2C4_DriverIRQHandler
                0x0ffe0574                DMA4_4_5_DriverIRQHandler
                0x0ffe0574                Reserved230_IRQHandler
                0x0ffe0574                Reserved279_IRQHandler
                0x0ffe0574                Reserved45_IRQHandler
                0x0ffe0574                Reserved182_IRQHandler
                0x0ffe0574                DMA4_50_51_DriverIRQHandler
                0x0ffe0574                Reserved180_IRQHandler
                0x0ffe0574                Reserved240_IRQHandler
                0x0ffe0574                Reserved267_IRQHandler
                0x0ffe0574                Reserved239_IRQHandler
                0x0ffe0574                MU1_B_IRQHandler
                0x0ffe0574                Reserved177_IRQHandler
                0x0ffe0574                WDOG4_IRQHandler
                0x0ffe0574                Reserved283_IRQHandler
                0x0ffe0574                DMA4_28_29_DriverIRQHandler
                0x0ffe0574                Reserved228_IRQHandler
                0x0ffe0574                Reserved266_IRQHandler
                0x0ffe0574                DMA4_ERROR_DriverIRQHandler
                0x0ffe0574                Reserved23_IRQHandler
                0x0ffe0574                Reserved253_IRQHandler
                0x0ffe0574                DMA4_6_7_DriverIRQHandler
                0x0ffe0574                ENET_MAC0_Rx_Tx_Done2_DriverIRQHandler
                0x0ffe0574                Reserved274_IRQHandler
                0x0ffe0574                Reserved270_IRQHandler
                0x0ffe0574                LPI2C6_DriverIRQHandler
                0x0ffe0574                DMA4_56_57_DriverIRQHandler
                0x0ffe0574                LPSPI5_DriverIRQHandler
                0x0ffe0574                TPM2_IRQHandler
                0x0ffe0574                FLEXIO1_DriverIRQHandler
                0x0ffe0574                Reserved232_IRQHandler
                0x0ffe0574                ENET_DriverIRQHandler
                0x0ffe0574                Reserved43_IRQHandler
                0x0ffe0574                TPM4_IRQHandler
                0x0ffe0574                DMA4_36_37_DriverIRQHandler
                0x0ffe0574                Reserved21_IRQHandler
                0x0ffe0574                ENET_QOS_DriverIRQHandler
                0x0ffe0574                Reserved18_IRQHandler
                0x0ffe0574                DMA4_26_27_DriverIRQHandler
                0x0ffe0574                SAI1_DriverIRQHandler
                0x0ffe0574                Reserved278_IRQHandler
                0x0ffe0574                Reserved246_IRQHandler
                0x0ffe0574                Reserved277_IRQHandler
                0x0ffe0574                DMA3_DriverIRQHandler
                0x0ffe0574                TPM3_IRQHandler
                0x0ffe0574                Reserved241_IRQHandler
                0x0ffe0574                Reserved27_IRQHandler
                0x0ffe0574                WDOG2_IRQHandler
                0x0ffe0574                Reserved273_IRQHandler
                0x0ffe0574                Reserved202_IRQHandler
                0x0ffe0574                Reserved62_IRQHandler
                0x0ffe0574                Reserved275_IRQHandler
                0x0ffe0574                Reserved256_IRQHandler
                0x0ffe0574                Reserved46_IRQHandler
                0x0ffe0574                Reserved252_IRQHandler
                0x0ffe0574                Reserved206_IRQHandler
                0x0ffe0574                Reserved251_IRQHandler
                0x0ffe0574                DMA4_18_19_DriverIRQHandler
                0x0ffe0574                DSI_IRQHandler
                0x0ffe0574                Reserved245_IRQHandler
                0x0ffe0574                Reserved181_IRQHandler
                0x0ffe0574                Reserved26_IRQHandler
                0x0ffe0574                Reserved108_IRQHandler
                0x0ffe0574                Reserved72_IRQHandler
                0x0ffe0574                DMA4_12_13_DriverIRQHandler
                0x0ffe0574                LPSPI1_DriverIRQHandler
                0x0ffe0574                Reserved259_IRQHandler
                0x0ffe0574                Reserved194_IRQHandler
                0x0ffe0574                SecureFault_Handler
                0x0ffe0574                DMA4_8_9_DriverIRQHandler
                0x0ffe0574                LPSPI7_DriverIRQHandler
                0x0ffe0574                PDM_ERROR_DriverIRQHandler
                0x0ffe0574                Reserved66_IRQHandler
                0x0ffe0574                Reserved20_IRQHandler
                0x0ffe0574                Reserved100_IRQHandler
                0x0ffe0574                Reserved249_IRQHandler
                0x0ffe0574                Reserved107_IRQHandler
                0x0ffe0574                Reserved184_IRQHandler
                0x0ffe0574                Reserved142_IRQHandler
                0x0ffe0574                LPSPI8_DriverIRQHandler
                0x0ffe0574                Reserved98_IRQHandler
                0x0ffe0574                Reserved17_IRQHandler
                0x0ffe0574                DMA4_48_49_DriverIRQHandler
                0x0ffe0574                Reserved189_IRQHandler
                0x0ffe0574                Reserved47_IRQHandler
                0x0ffe0574                Reserved271_IRQHandler
                0x0ffe0574                Reserved258_IRQHandler
                0x0ffe0574                Reserved262_IRQHandler
                0x0ffe0574                CAN2_DriverIRQHandler
                0x0ffe0574                DMA4_62_63_DriverIRQHandler
                0x0ffe0574                CAN2_ERROR_DriverIRQHandler
                0x0ffe0574                LPI2C1_DriverIRQHandler
                0x0ffe0574                DMA4_44_45_DriverIRQHandler
                0x0ffe0574                ENET_MAC0_Rx_Tx_Done1_DriverIRQHandler
                0x0ffe0574                Reserved190_IRQHandler
                0x0ffe0574                Reserved231_IRQHandler
                0x0ffe0574                Reserved276_IRQHandler
                0x0ffe0574                Reserved282_IRQHandler
                0x0ffe0574                Reserved260_IRQHandler
                0x0ffe0574                Reserved105_IRQHandler
                0x0ffe0574                DMA4_2_3_DriverIRQHandler
                0x0ffe0574                Reserved255_IRQHandler
                0x0ffe0574                Reserved269_IRQHandler
                0x0ffe0574                DMA4_24_25_DriverIRQHandler
                0x0ffe0574                Reserved104_IRQHandler
                0x0ffe0574                Reserved203_IRQHandler
                0x0ffe0574                ISI_IRQHandler
                0x0ffe0574                Reserved101_IRQHandler
                0x0ffe0574                Reserved223_IRQHandler
                0x0ffe0574                DMA4_32_33_DriverIRQHandler
                0x0ffe0574                Reserved204_IRQHandler
                0x0ffe0574                Reserved244_IRQHandler
                0x0ffe0574                uSDHC3_DriverIRQHandler
                0x0ffe0574                Reserved109_IRQHandler
                0x0ffe0574                Reserved41_IRQHandler
                0x0ffe0574                Reserved254_IRQHandler
                0x0ffe0574                DMA4_60_61_DriverIRQHandler
                0x0ffe0574                MemManage_Handler
                0x0ffe0574                Reserved90_IRQHandler
                0x0ffe0574                SAI2_DriverIRQHandler
                0x0ffe0574                LPSPI6_DriverIRQHandler
                0x0ffe0574                Reserved242_IRQHandler
                0x0ffe0574                Reserved205_IRQHandler
                0x0ffe0574                TPM6_IRQHandler
                0x0ffe0574                Reserved48_IRQHandler
                0x0ffe0574                PDM_EVENT_DriverIRQHandler
                0x0ffe0574                SAI3_DriverIRQHandler
                0x0ffe0574                MU2_B_IRQHandler
                0x0ffe0574                ENET_QOS_PMT_IRQHandler
                0x0ffe0574                Reserved185_IRQHandler
                0x0ffe0574                Reserved222_IRQHandler
                0x0ffe0574                DMA4_54_55_DriverIRQHandler
                0x0ffe0578                NMI_Handler
                0x0ffe057c                HardFault_Handler
                0x0ffe058c                CAN1_IRQHandler
                0x0ffe0590                CAN1_ERROR_IRQHandler
                0x0ffe0594                I3C1_IRQHandler
                0x0ffe0598                LPI2C1_IRQHandler
                0x0ffe059c                LPI2C2_IRQHandler
                0x0ffe05a0                LPSPI1_IRQHandler
                0x0ffe05a4                LPSPI2_IRQHandler
                0x0ffe05a8                LPUART1_IRQHandler
                0x0ffe05ac                LPUART2_IRQHandler
                0x0ffe05b0                SAI1_IRQHandler
                0x0ffe05b4                CAN2_IRQHandler
                0x0ffe05b8                CAN2_ERROR_IRQHandler
                0x0ffe05bc                FLEXIO1_IRQHandler
                0x0ffe05c0                FLEXIO2_IRQHandler
                0x0ffe05c4                FlexSPI1_IRQHandler
                0x0ffe05c8                I3C2_IRQHandler
                0x0ffe05cc                LPI2C3_IRQHandler
                0x0ffe05d0                LPI2C4_IRQHandler
                0x0ffe05d4                LPSPI3_IRQHandler
                0x0ffe05d8                LPSPI4_IRQHandler
                0x0ffe05dc                LPUART3_IRQHandler
                0x0ffe05e0                LPUART4_IRQHandler
                0x0ffe05e4                LPUART5_IRQHandler
                0x0ffe05e8                LPUART6_IRQHandler
                0x0ffe05ec                uSDHC1_IRQHandler
                0x0ffe05f0                uSDHC2_IRQHandler
                0x0ffe05f4                DMA3_ERROR_IRQHandler
                0x0ffe05fc                DMA3_0_IRQHandler
                0x0ffe0608                DMA3_1_IRQHandler
                0x0ffe0614                DMA3_2_IRQHandler
                0x0ffe0620                DMA3_3_IRQHandler
                0x0ffe062c                DMA3_4_IRQHandler
                0x0ffe0638                DMA3_5_IRQHandler
                0x0ffe0644                DMA3_6_IRQHandler
                0x0ffe0650                DMA3_7_IRQHandler
                0x0ffe065c                DMA3_8_IRQHandler
                0x0ffe0668                DMA3_9_IRQHandler
                0x0ffe0674                DMA3_10_IRQHandler
                0x0ffe0680                DMA3_11_IRQHandler
                0x0ffe068c                DMA3_12_IRQHandler
                0x0ffe0698                DMA3_13_IRQHandler
                0x0ffe06a4                DMA3_14_IRQHandler
                0x0ffe06b0                DMA3_15_IRQHandler
                0x0ffe06bc                DMA3_16_IRQHandler
                0x0ffe06c8                DMA3_17_IRQHandler
                0x0ffe06d4                DMA3_18_IRQHandler
                0x0ffe06e0                DMA3_19_IRQHandler
                0x0ffe06ec                DMA3_20_IRQHandler
                0x0ffe06f8                DMA3_21_IRQHandler
                0x0ffe0704                DMA3_22_IRQHandler
                0x0ffe0710                DMA3_23_IRQHandler
                0x0ffe071c                DMA3_24_IRQHandler
                0x0ffe0728                DMA3_25_IRQHandler
                0x0ffe0734                DMA3_26_IRQHandler
                0x0ffe0740                DMA3_27_IRQHandler
                0x0ffe074c                DMA3_28_IRQHandler
                0x0ffe0758                DMA3_29_IRQHandler
                0x0ffe0764                DMA3_30_IRQHandler
                0x0ffe0770                DMA4_ERROR_IRQHandler
                0x0ffe0774                DMA4_0_1_IRQHandler
                0x0ffe0778                DMA4_2_3_IRQHandler
                0x0ffe077c                DMA4_4_5_IRQHandler
                0x0ffe0780                DMA4_6_7_IRQHandler
                0x0ffe0784                DMA4_8_9_IRQHandler
                0x0ffe0788                DMA4_10_11_IRQHandler
                0x0ffe078c                DMA4_12_13_IRQHandler
                0x0ffe0790                DMA4_14_15_IRQHandler
                0x0ffe0794                DMA4_16_17_IRQHandler
                0x0ffe0798                DMA4_18_19_IRQHandler
                0x0ffe079c                DMA4_20_21_IRQHandler
                0x0ffe07a0                DMA4_22_23_IRQHandler
                0x0ffe07a4                DMA4_24_25_IRQHandler
                0x0ffe07a8                DMA4_26_27_IRQHandler
                0x0ffe07ac                DMA4_28_29_IRQHandler
                0x0ffe07b0                DMA4_30_31_IRQHandler
                0x0ffe07b4                DMA4_32_33_IRQHandler
                0x0ffe07b8                DMA4_34_35_IRQHandler
                0x0ffe07bc                DMA4_36_37_IRQHandler
                0x0ffe07c0                DMA4_38_39_IRQHandler
                0x0ffe07c4                DMA4_40_41_IRQHandler
                0x0ffe07c8                DMA4_42_43_IRQHandler
                0x0ffe07cc                DMA4_44_45_IRQHandler
                0x0ffe07d0                DMA4_46_47_IRQHandler
                0x0ffe07d4                DMA4_48_49_IRQHandler
                0x0ffe07d8                DMA4_50_51_IRQHandler
                0x0ffe07dc                DMA4_52_53_IRQHandler
                0x0ffe07e0                DMA4_54_55_IRQHandler
                0x0ffe07e4                DMA4_56_57_IRQHandler
                0x0ffe07e8                DMA4_58_59_IRQHandler
                0x0ffe07ec                DMA4_60_61_IRQHandler
                0x0ffe07f0                DMA4_62_63_IRQHandler
                0x0ffe07f4                SAI2_IRQHandler
                0x0ffe07f8                SAI3_IRQHandler
                0x0ffe07fc                ENET_MAC0_Rx_Tx_Done1_IRQHandler
                0x0ffe0800                ENET_MAC0_Rx_Tx_Done2_IRQHandler
                0x0ffe0804                ENET_IRQHandler
                0x0ffe0808                ENET_1588_IRQHandler
                0x0ffe080c                ENET_QOS_IRQHandler
                0x0ffe0810                LPSPI5_IRQHandler
                0x0ffe0814                LPSPI6_IRQHandler
                0x0ffe0818                LPSPI7_IRQHandler
                0x0ffe081c                LPSPI8_IRQHandler
                0x0ffe0820                LPI2C5_IRQHandler
                0x0ffe0824                LPI2C6_IRQHandler
                0x0ffe0828                LPI2C7_IRQHandler
                0x0ffe082c                LPI2C8_IRQHandler
                0x0ffe0830                PDM_HWVAD_ERROR_IRQHandler
                0x0ffe0834                PDM_HWVAD_EVENT_IRQHandler
                0x0ffe0838                PDM_ERROR_IRQHandler
                0x0ffe083c                PDM_EVENT_IRQHandler
                0x0ffe0840                uSDHC3_IRQHandler
                0x0ffe0844                LPUART7_IRQHandler
                0x0ffe0848                LPUART8_IRQHandler
 .text          0x0ffe09a8       0xa0 CMakeFiles/freertos_hello.elf.dir/D_/PROJECT/XpressoSDK/SDK_2_14_0_MIMX9352xxxxK/devices/MIMX9352/utilities/fsl_memcpy.S.obj
                0x0ffe09a8                memcpy
 .text          0x0ffe0a48       0x10 C:/Users/Admin/.mcuxpressotools/arm-gnu-toolchain-14.2.rel1-mingw-w64-x86_64-arm-none-eabi/bin/../lib/gcc/arm-none-eabi/14.2.1/thumb/v8-m.main+fp/hard\libc_nano.a(libc_a-strlen.o)
                0x0ffe0a48                strlen
 *(.text*)
 .text.deregister_tm_clones
                0x0ffe0a58       0x1c C:/Users/Admin/.mcuxpressotools/arm-gnu-toolchain-14.2.rel1-mingw-w64-x86_64-arm-none-eabi/bin/../lib/gcc/arm-none-eabi/14.2.1/thumb/v8-m.main+fp/hard/crtbegin.o
 .text.register_tm_clones
                0x0ffe0a74       0x28 C:/Users/Admin/.mcuxpressotools/arm-gnu-toolchain-14.2.rel1-mingw-w64-x86_64-arm-none-eabi/bin/../lib/gcc/arm-none-eabi/14.2.1/thumb/v8-m.main+fp/hard/crtbegin.o
 .text.__do_global_dtors_aux
                0x0ffe0a9c       0x28 C:/Users/Admin/.mcuxpressotools/arm-gnu-toolchain-14.2.rel1-mingw-w64-x86_64-arm-none-eabi/bin/../lib/gcc/arm-none-eabi/14.2.1/thumb/v8-m.main+fp/hard/crtbegin.o
 .text.frame_dummy
                0x0ffe0ac4       0x24 C:/Users/Admin/.mcuxpressotools/arm-gnu-toolchain-14.2.rel1-mingw-w64-x86_64-arm-none-eabi/bin/../lib/gcc/arm-none-eabi/14.2.1/thumb/v8-m.main+fp/hard/crtbegin.o
 .text.IOMUXC_SetPinMux
                0x0ffe0ae8       0x40 CMakeFiles/freertos_hello.elf.dir/D_/IMX93/PROJECT/mcimx93evk_freertos_hello/pin_mux.c.obj
 .text.IOMUXC_SetPinConfig
                0x0ffe0b28       0x26 CMakeFiles/freertos_hello.elf.dir/D_/IMX93/PROJECT/mcimx93evk_freertos_hello/pin_mux.c.obj
 .text.BOARD_InitBootPins
                0x0ffe0b4e        0xc CMakeFiles/freertos_hello.elf.dir/D_/IMX93/PROJECT/mcimx93evk_freertos_hello/pin_mux.c.obj
                0x0ffe0b4e                BOARD_InitBootPins
 *fill*         0x0ffe0b5a        0x2 
 .text.BOARD_InitPins
                0x0ffe0b5c       0x70 CMakeFiles/freertos_hello.elf.dir/D_/IMX93/PROJECT/mcimx93evk_freertos_hello/pin_mux.c.obj
                0x0ffe0b5c                BOARD_InitPins
 .text.main     0x0ffe0bcc       0x4c CMakeFiles/freertos_hello.elf.dir/D_/IMX93/PROJECT/mcimx93evk_freertos_hello/freertos_hello.c.obj
                0x0ffe0bcc                main
 .text.hello_task
                0x0ffe0c18       0x1c CMakeFiles/freertos_hello.elf.dir/D_/IMX93/PROJECT/mcimx93evk_freertos_hello/freertos_hello.c.obj
 .text.CLOCK_SetRootClock
                0x0ffe0c34       0x7c CMakeFiles/freertos_hello.elf.dir/D_/IMX93/PROJECT/mcimx93evk_freertos_hello/board.c.obj
 .text.CLOCK_ControlGate
                0x0ffe0cb0       0x68 CMakeFiles/freertos_hello.elf.dir/D_/IMX93/PROJECT/mcimx93evk_freertos_hello/board.c.obj
 .text.CLOCK_EnableClock
                0x0ffe0d18       0x1c CMakeFiles/freertos_hello.elf.dir/D_/IMX93/PROJECT/mcimx93evk_freertos_hello/board.c.obj
 .text.BOARD_InitDebugConsole
                0x0ffe0d34       0x3e CMakeFiles/freertos_hello.elf.dir/D_/IMX93/PROJECT/mcimx93evk_freertos_hello/board.c.obj
                0x0ffe0d34                BOARD_InitDebugConsole
 *fill*         0x0ffe0d72        0x2 
 .text.CLOCK_PllInit
                0x0ffe0d74       0x94 CMakeFiles/freertos_hello.elf.dir/D_/IMX93/PROJECT/mcimx93evk_freertos_hello/clock_config.c.obj
 .text.BOARD_InitClock
                0x0ffe0e08       0x74 CMakeFiles/freertos_hello.elf.dir/D_/IMX93/PROJECT/mcimx93evk_freertos_hello/clock_config.c.obj
 .text.BOARD_BootClockRUN
                0x0ffe0e7c       0x1c CMakeFiles/freertos_hello.elf.dir/D_/IMX93/PROJECT/mcimx93evk_freertos_hello/clock_config.c.obj
                0x0ffe0e7c                BOARD_BootClockRUN
 .text.HAL_UartGetStatus
                0x0ffe0e98       0x28 CMakeFiles/freertos_hello.elf.dir/D_/PROJECT/XpressoSDK/SDK_2_14_0_MIMX9352xxxxK/components/uart/fsl_adapter_lpuart.c.obj
 .text.HAL_UartInitCommon
                0x0ffe0ec0       0xe0 CMakeFiles/freertos_hello.elf.dir/D_/PROJECT/XpressoSDK/SDK_2_14_0_MIMX9352xxxxK/components/uart/fsl_adapter_lpuart.c.obj
 .text.HAL_UartInit
                0x0ffe0fa0       0xac CMakeFiles/freertos_hello.elf.dir/D_/PROJECT/XpressoSDK/SDK_2_14_0_MIMX9352xxxxK/components/uart/fsl_adapter_lpuart.c.obj
                0x0ffe0fa0                HAL_UartInit
 .text.HAL_UartSendBlocking
                0x0ffe104c       0x84 CMakeFiles/freertos_hello.elf.dir/D_/PROJECT/XpressoSDK/SDK_2_14_0_MIMX9352xxxxK/components/uart/fsl_adapter_lpuart.c.obj
                0x0ffe104c                HAL_UartSendBlocking
 .text.DisableGlobalIRQ
                0x0ffe10d0       0x22 CMakeFiles/freertos_hello.elf.dir/D_/PROJECT/XpressoSDK/SDK_2_14_0_MIMX9352xxxxK/components/serial_manager/fsl_component_serial_manager.c.obj
 .text.EnableGlobalIRQ
                0x0ffe10f2       0x20 CMakeFiles/freertos_hello.elf.dir/D_/PROJECT/XpressoSDK/SDK_2_14_0_MIMX9352xxxxK/components/serial_manager/fsl_component_serial_manager.c.obj
 .text.SerialManager_StartWriting
                0x0ffe1112       0x38 CMakeFiles/freertos_hello.elf.dir/D_/PROJECT/XpressoSDK/SDK_2_14_0_MIMX9352xxxxK/components/serial_manager/fsl_component_serial_manager.c.obj
 .text.SerialManager_Write
                0x0ffe114a       0x44 CMakeFiles/freertos_hello.elf.dir/D_/PROJECT/XpressoSDK/SDK_2_14_0_MIMX9352xxxxK/components/serial_manager/fsl_component_serial_manager.c.obj
 .text.SerialManager_Init
                0x0ffe118e       0x60 CMakeFiles/freertos_hello.elf.dir/D_/PROJECT/XpressoSDK/SDK_2_14_0_MIMX9352xxxxK/components/serial_manager/fsl_component_serial_manager.c.obj
                0x0ffe118e                SerialManager_Init
 .text.SerialManager_OpenWriteHandle
                0x0ffe11ee       0x50 CMakeFiles/freertos_hello.elf.dir/D_/PROJECT/XpressoSDK/SDK_2_14_0_MIMX9352xxxxK/components/serial_manager/fsl_component_serial_manager.c.obj
                0x0ffe11ee                SerialManager_OpenWriteHandle
 .text.SerialManager_OpenReadHandle
                0x0ffe123e       0x60 CMakeFiles/freertos_hello.elf.dir/D_/PROJECT/XpressoSDK/SDK_2_14_0_MIMX9352xxxxK/components/serial_manager/fsl_component_serial_manager.c.obj
                0x0ffe123e                SerialManager_OpenReadHandle
 .text.SerialManager_WriteBlocking
                0x0ffe129e       0x20 CMakeFiles/freertos_hello.elf.dir/D_/PROJECT/XpressoSDK/SDK_2_14_0_MIMX9352xxxxK/components/serial_manager/fsl_component_serial_manager.c.obj
                0x0ffe129e                SerialManager_WriteBlocking
 .text.Serial_UartInit
                0x0ffe12be       0x3e CMakeFiles/freertos_hello.elf.dir/D_/PROJECT/XpressoSDK/SDK_2_14_0_MIMX9352xxxxK/components/serial_manager/fsl_component_serial_port_uart.c.obj
                0x0ffe12be                Serial_UartInit
 .text.Serial_UartWrite
                0x0ffe12fc       0x38 CMakeFiles/freertos_hello.elf.dir/D_/PROJECT/XpressoSDK/SDK_2_14_0_MIMX9352xxxxK/components/serial_manager/fsl_component_serial_port_uart.c.obj
                0x0ffe12fc                Serial_UartWrite
 .text.SystemInit
                0x0ffe1334       0x20 CMakeFiles/freertos_hello.elf.dir/D_/PROJECT/XpressoSDK/SDK_2_14_0_MIMX9352xxxxK/devices/MIMX9352/system_MIMX9352_cm33.c.obj
                0x0ffe1334                SystemInit
 .text.SystemInitHook
                0x0ffe1354        0xe CMakeFiles/freertos_hello.elf.dir/D_/PROJECT/XpressoSDK/SDK_2_14_0_MIMX9352xxxxK/devices/MIMX9352/system_MIMX9352_cm33.c.obj
                0x0ffe1354                SystemInitHook
 *fill*         0x0ffe1362        0x2 
 .text.CLOCK_GetRootClockMux
                0x0ffe1364       0x2c CMakeFiles/freertos_hello.elf.dir/D_/PROJECT/XpressoSDK/SDK_2_14_0_MIMX9352xxxxK/devices/MIMX9352/drivers/fsl_clock.c.obj
 .text.CLOCK_GetRootClockSource
                0x0ffe1390       0x2c CMakeFiles/freertos_hello.elf.dir/D_/PROJECT/XpressoSDK/SDK_2_14_0_MIMX9352xxxxK/devices/MIMX9352/drivers/fsl_clock.c.obj
 .text.CLOCK_GetRootClockDiv
                0x0ffe13bc       0x28 CMakeFiles/freertos_hello.elf.dir/D_/PROJECT/XpressoSDK/SDK_2_14_0_MIMX9352xxxxK/devices/MIMX9352/drivers/fsl_clock.c.obj
 .text.CLOCK_GetIpFreq
                0x0ffe13e4       0x64 CMakeFiles/freertos_hello.elf.dir/D_/PROJECT/XpressoSDK/SDK_2_14_0_MIMX9352xxxxK/devices/MIMX9352/drivers/fsl_clock.c.obj
                0x0ffe13e4                CLOCK_GetIpFreq
 .text.CLOCK_ControlGate
                0x0ffe1448       0x68 CMakeFiles/freertos_hello.elf.dir/D_/PROJECT/XpressoSDK/SDK_2_14_0_MIMX9352xxxxK/devices/MIMX9352/drivers/fsl_lpuart.c.obj
 .text.CLOCK_EnableClock
                0x0ffe14b0       0x1c CMakeFiles/freertos_hello.elf.dir/D_/PROJECT/XpressoSDK/SDK_2_14_0_MIMX9352xxxxK/devices/MIMX9352/drivers/fsl_lpuart.c.obj
 .text.LPUART_SoftwareReset
                0x0ffe14cc       0x2c CMakeFiles/freertos_hello.elf.dir/D_/PROJECT/XpressoSDK/SDK_2_14_0_MIMX9352xxxxK/devices/MIMX9352/drivers/fsl_lpuart.c.obj
 .text.LPUART_GetInstance
                0x0ffe14f8       0x58 CMakeFiles/freertos_hello.elf.dir/D_/PROJECT/XpressoSDK/SDK_2_14_0_MIMX9352xxxxK/devices/MIMX9352/drivers/fsl_lpuart.c.obj
                0x0ffe14f8                LPUART_GetInstance
 .text.LPUART_Init
                0x0ffe1550      0x348 CMakeFiles/freertos_hello.elf.dir/D_/PROJECT/XpressoSDK/SDK_2_14_0_MIMX9352xxxxK/devices/MIMX9352/drivers/fsl_lpuart.c.obj
                0x0ffe1550                LPUART_Init
 .text.LPUART_GetDefaultConfig
                0x0ffe1898       0x98 CMakeFiles/freertos_hello.elf.dir/D_/PROJECT/XpressoSDK/SDK_2_14_0_MIMX9352xxxxK/devices/MIMX9352/drivers/fsl_lpuart.c.obj
                0x0ffe1898                LPUART_GetDefaultConfig
 .text.LPUART_WriteBlocking
                0x0ffe1930       0x78 CMakeFiles/freertos_hello.elf.dir/D_/PROJECT/XpressoSDK/SDK_2_14_0_MIMX9352xxxxK/devices/MIMX9352/drivers/fsl_lpuart.c.obj
                0x0ffe1930                LPUART_WriteBlocking
 .text.LPUART1_DriverIRQHandler
                0x0ffe19a8       0x24 CMakeFiles/freertos_hello.elf.dir/D_/PROJECT/XpressoSDK/SDK_2_14_0_MIMX9352xxxxK/devices/MIMX9352/drivers/fsl_lpuart.c.obj
                0x0ffe19a8                LPUART1_DriverIRQHandler
 .text.LPUART2_DriverIRQHandler
                0x0ffe19cc       0x24 CMakeFiles/freertos_hello.elf.dir/D_/PROJECT/XpressoSDK/SDK_2_14_0_MIMX9352xxxxK/devices/MIMX9352/drivers/fsl_lpuart.c.obj
                0x0ffe19cc                LPUART2_DriverIRQHandler
 .text.LPUART3_DriverIRQHandler
                0x0ffe19f0       0x24 CMakeFiles/freertos_hello.elf.dir/D_/PROJECT/XpressoSDK/SDK_2_14_0_MIMX9352xxxxK/devices/MIMX9352/drivers/fsl_lpuart.c.obj
                0x0ffe19f0                LPUART3_DriverIRQHandler
 .text.LPUART4_DriverIRQHandler
                0x0ffe1a14       0x24 CMakeFiles/freertos_hello.elf.dir/D_/PROJECT/XpressoSDK/SDK_2_14_0_MIMX9352xxxxK/devices/MIMX9352/drivers/fsl_lpuart.c.obj
                0x0ffe1a14                LPUART4_DriverIRQHandler
 .text.LPUART5_DriverIRQHandler
                0x0ffe1a38       0x24 CMakeFiles/freertos_hello.elf.dir/D_/PROJECT/XpressoSDK/SDK_2_14_0_MIMX9352xxxxK/devices/MIMX9352/drivers/fsl_lpuart.c.obj
                0x0ffe1a38                LPUART5_DriverIRQHandler
 .text.LPUART6_DriverIRQHandler
                0x0ffe1a5c       0x24 CMakeFiles/freertos_hello.elf.dir/D_/PROJECT/XpressoSDK/SDK_2_14_0_MIMX9352xxxxK/devices/MIMX9352/drivers/fsl_lpuart.c.obj
                0x0ffe1a5c                LPUART6_DriverIRQHandler
 .text.LPUART7_DriverIRQHandler
                0x0ffe1a80       0x24 CMakeFiles/freertos_hello.elf.dir/D_/PROJECT/XpressoSDK/SDK_2_14_0_MIMX9352xxxxK/devices/MIMX9352/drivers/fsl_lpuart.c.obj
                0x0ffe1a80                LPUART7_DriverIRQHandler
 .text.LPUART8_DriverIRQHandler
                0x0ffe1aa4       0x24 CMakeFiles/freertos_hello.elf.dir/D_/PROJECT/XpressoSDK/SDK_2_14_0_MIMX9352xxxxK/devices/MIMX9352/drivers/fsl_lpuart.c.obj
                0x0ffe1aa4                LPUART8_DriverIRQHandler
 .text.vListInitialise
                0x0ffe1ac8       0x40 CMakeFiles/freertos_hello.elf.dir/D_/PROJECT/XpressoSDK/SDK_2_14_0_MIMX9352xxxxK/rtos/freertos/freertos-kernel/list.c.obj
                0x0ffe1ac8                vListInitialise
 .text.vListInitialiseItem
                0x0ffe1b08       0x1a CMakeFiles/freertos_hello.elf.dir/D_/PROJECT/XpressoSDK/SDK_2_14_0_MIMX9352xxxxK/rtos/freertos/freertos-kernel/list.c.obj
                0x0ffe1b08                vListInitialiseItem
 .text.vListInsertEnd
                0x0ffe1b22       0x48 CMakeFiles/freertos_hello.elf.dir/D_/PROJECT/XpressoSDK/SDK_2_14_0_MIMX9352xxxxK/rtos/freertos/freertos-kernel/list.c.obj
                0x0ffe1b22                vListInsertEnd
 .text.vListInsert
                0x0ffe1b6a       0x72 CMakeFiles/freertos_hello.elf.dir/D_/PROJECT/XpressoSDK/SDK_2_14_0_MIMX9352xxxxK/rtos/freertos/freertos-kernel/list.c.obj
                0x0ffe1b6a                vListInsert
 .text.uxListRemove
                0x0ffe1bdc       0x54 CMakeFiles/freertos_hello.elf.dir/D_/PROJECT/XpressoSDK/SDK_2_14_0_MIMX9352xxxxK/rtos/freertos/freertos-kernel/list.c.obj
                0x0ffe1bdc                uxListRemove
 .text.xQueueGenericReset
                0x0ffe1c30       0xf2 CMakeFiles/freertos_hello.elf.dir/D_/PROJECT/XpressoSDK/SDK_2_14_0_MIMX9352xxxxK/rtos/freertos/freertos-kernel/queue.c.obj
                0x0ffe1c30                xQueueGenericReset
 .text.xQueueGenericCreate
                0x0ffe1d22       0x8e CMakeFiles/freertos_hello.elf.dir/D_/PROJECT/XpressoSDK/SDK_2_14_0_MIMX9352xxxxK/rtos/freertos/freertos-kernel/queue.c.obj
                0x0ffe1d22                xQueueGenericCreate
 .text.prvInitialiseNewQueue
                0x0ffe1db0       0x46 CMakeFiles/freertos_hello.elf.dir/D_/PROJECT/XpressoSDK/SDK_2_14_0_MIMX9352xxxxK/rtos/freertos/freertos-kernel/queue.c.obj
 .text.xQueueReceive
                0x0ffe1df6      0x178 CMakeFiles/freertos_hello.elf.dir/D_/PROJECT/XpressoSDK/SDK_2_14_0_MIMX9352xxxxK/rtos/freertos/freertos-kernel/queue.c.obj
                0x0ffe1df6                xQueueReceive
 .text.prvCopyDataFromQueue
                0x0ffe1f6e       0x4c CMakeFiles/freertos_hello.elf.dir/D_/PROJECT/XpressoSDK/SDK_2_14_0_MIMX9352xxxxK/rtos/freertos/freertos-kernel/queue.c.obj
 .text.prvUnlockQueue
                0x0ffe1fba       0xa4 CMakeFiles/freertos_hello.elf.dir/D_/PROJECT/XpressoSDK/SDK_2_14_0_MIMX9352xxxxK/rtos/freertos/freertos-kernel/queue.c.obj
 .text.prvIsQueueEmpty
                0x0ffe205e       0x2c CMakeFiles/freertos_hello.elf.dir/D_/PROJECT/XpressoSDK/SDK_2_14_0_MIMX9352xxxxK/rtos/freertos/freertos-kernel/queue.c.obj
 *fill*         0x0ffe208a        0x2 
 .text.vQueueAddToRegistry
                0x0ffe208c       0x8c CMakeFiles/freertos_hello.elf.dir/D_/PROJECT/XpressoSDK/SDK_2_14_0_MIMX9352xxxxK/rtos/freertos/freertos-kernel/queue.c.obj
                0x0ffe208c                vQueueAddToRegistry
 .text.vQueueWaitForMessageRestricted
                0x0ffe2118       0x68 CMakeFiles/freertos_hello.elf.dir/D_/PROJECT/XpressoSDK/SDK_2_14_0_MIMX9352xxxxK/rtos/freertos/freertos-kernel/queue.c.obj
                0x0ffe2118                vQueueWaitForMessageRestricted
 .text.xTaskCreate
                0x0ffe2180       0x8a CMakeFiles/freertos_hello.elf.dir/D_/PROJECT/XpressoSDK/SDK_2_14_0_MIMX9352xxxxK/rtos/freertos/freertos-kernel/tasks.c.obj
                0x0ffe2180                xTaskCreate
 .text.prvInitialiseNewTask
                0x0ffe220a      0x10a CMakeFiles/freertos_hello.elf.dir/D_/PROJECT/XpressoSDK/SDK_2_14_0_MIMX9352xxxxK/rtos/freertos/freertos-kernel/tasks.c.obj
 .text.prvAddNewTaskToReadyList
                0x0ffe2314      0x120 CMakeFiles/freertos_hello.elf.dir/D_/PROJECT/XpressoSDK/SDK_2_14_0_MIMX9352xxxxK/rtos/freertos/freertos-kernel/tasks.c.obj
 .text.vTaskSuspend
                0x0ffe2434       0xe8 CMakeFiles/freertos_hello.elf.dir/D_/PROJECT/XpressoSDK/SDK_2_14_0_MIMX9352xxxxK/rtos/freertos/freertos-kernel/tasks.c.obj
                0x0ffe2434                vTaskSuspend
 .text.vTaskStartScheduler
                0x0ffe251c       0x84 CMakeFiles/freertos_hello.elf.dir/D_/PROJECT/XpressoSDK/SDK_2_14_0_MIMX9352xxxxK/rtos/freertos/freertos-kernel/tasks.c.obj
                0x0ffe251c                vTaskStartScheduler
 .text.vTaskSuspendAll
                0x0ffe25a0       0x1c CMakeFiles/freertos_hello.elf.dir/D_/PROJECT/XpressoSDK/SDK_2_14_0_MIMX9352xxxxK/rtos/freertos/freertos-kernel/tasks.c.obj
                0x0ffe25a0                vTaskSuspendAll
 .text.xTaskResumeAll
                0x0ffe25bc      0x1dc CMakeFiles/freertos_hello.elf.dir/D_/PROJECT/XpressoSDK/SDK_2_14_0_MIMX9352xxxxK/rtos/freertos/freertos-kernel/tasks.c.obj
                0x0ffe25bc                xTaskResumeAll
 .text.xTaskGetTickCount
                0x0ffe2798       0x20 CMakeFiles/freertos_hello.elf.dir/D_/PROJECT/XpressoSDK/SDK_2_14_0_MIMX9352xxxxK/rtos/freertos/freertos-kernel/tasks.c.obj
                0x0ffe2798                xTaskGetTickCount
 .text.xTaskIncrementTick
                0x0ffe27b8      0x204 CMakeFiles/freertos_hello.elf.dir/D_/PROJECT/XpressoSDK/SDK_2_14_0_MIMX9352xxxxK/rtos/freertos/freertos-kernel/tasks.c.obj
                0x0ffe27b8                xTaskIncrementTick
 .text.vTaskSwitchContext
                0x0ffe29bc       0xa8 CMakeFiles/freertos_hello.elf.dir/D_/PROJECT/XpressoSDK/SDK_2_14_0_MIMX9352xxxxK/rtos/freertos/freertos-kernel/tasks.c.obj
                0x0ffe29bc                vTaskSwitchContext
 .text.vTaskPlaceOnEventList
                0x0ffe2a64       0x3c CMakeFiles/freertos_hello.elf.dir/D_/PROJECT/XpressoSDK/SDK_2_14_0_MIMX9352xxxxK/rtos/freertos/freertos-kernel/tasks.c.obj
                0x0ffe2a64                vTaskPlaceOnEventList
 .text.vTaskPlaceOnEventListRestricted
                0x0ffe2aa0       0x7c CMakeFiles/freertos_hello.elf.dir/D_/PROJECT/XpressoSDK/SDK_2_14_0_MIMX9352xxxxK/rtos/freertos/freertos-kernel/tasks.c.obj
                0x0ffe2aa0                vTaskPlaceOnEventListRestricted
 .text.xTaskRemoveFromEventList
                0x0ffe2b1c      0x19c CMakeFiles/freertos_hello.elf.dir/D_/PROJECT/XpressoSDK/SDK_2_14_0_MIMX9352xxxxK/rtos/freertos/freertos-kernel/tasks.c.obj
                0x0ffe2b1c                xTaskRemoveFromEventList
 .text.vTaskInternalSetTimeOutState
                0x0ffe2cb8       0x2c CMakeFiles/freertos_hello.elf.dir/D_/PROJECT/XpressoSDK/SDK_2_14_0_MIMX9352xxxxK/rtos/freertos/freertos-kernel/tasks.c.obj
                0x0ffe2cb8                vTaskInternalSetTimeOutState
 .text.xTaskCheckForTimeOut
                0x0ffe2ce4       0xb0 CMakeFiles/freertos_hello.elf.dir/D_/PROJECT/XpressoSDK/SDK_2_14_0_MIMX9352xxxxK/rtos/freertos/freertos-kernel/tasks.c.obj
                0x0ffe2ce4                xTaskCheckForTimeOut
 .text.vTaskMissedYield
                0x0ffe2d94       0x18 CMakeFiles/freertos_hello.elf.dir/D_/PROJECT/XpressoSDK/SDK_2_14_0_MIMX9352xxxxK/rtos/freertos/freertos-kernel/tasks.c.obj
                0x0ffe2d94                vTaskMissedYield
 .text.prvIdleTask
                0x0ffe2dac       0x20 CMakeFiles/freertos_hello.elf.dir/D_/PROJECT/XpressoSDK/SDK_2_14_0_MIMX9352xxxxK/rtos/freertos/freertos-kernel/tasks.c.obj
 .text.prvInitialiseTaskLists
                0x0ffe2dcc       0x80 CMakeFiles/freertos_hello.elf.dir/D_/PROJECT/XpressoSDK/SDK_2_14_0_MIMX9352xxxxK/rtos/freertos/freertos-kernel/tasks.c.obj
 .text.prvCheckTasksWaitingTermination
                0x0ffe2e4c       0x5c CMakeFiles/freertos_hello.elf.dir/D_/PROJECT/XpressoSDK/SDK_2_14_0_MIMX9352xxxxK/rtos/freertos/freertos-kernel/tasks.c.obj
 .text.prvDeleteTCB
                0x0ffe2ea8       0x20 CMakeFiles/freertos_hello.elf.dir/D_/PROJECT/XpressoSDK/SDK_2_14_0_MIMX9352xxxxK/rtos/freertos/freertos-kernel/tasks.c.obj
 .text.prvResetNextTaskUnblockTime
                0x0ffe2ec8       0x38 CMakeFiles/freertos_hello.elf.dir/D_/PROJECT/XpressoSDK/SDK_2_14_0_MIMX9352xxxxK/rtos/freertos/freertos-kernel/tasks.c.obj
 .text.xTaskGetSchedulerState
                0x0ffe2f00       0x3c CMakeFiles/freertos_hello.elf.dir/D_/PROJECT/XpressoSDK/SDK_2_14_0_MIMX9352xxxxK/rtos/freertos/freertos-kernel/tasks.c.obj
                0x0ffe2f00                xTaskGetSchedulerState
 .text.prvAddCurrentTaskToDelayedList
                0x0ffe2f3c       0xdc CMakeFiles/freertos_hello.elf.dir/D_/PROJECT/XpressoSDK/SDK_2_14_0_MIMX9352xxxxK/rtos/freertos/freertos-kernel/tasks.c.obj
 .text.xTimerCreateTimerTask
                0x0ffe3018       0x54 CMakeFiles/freertos_hello.elf.dir/D_/PROJECT/XpressoSDK/SDK_2_14_0_MIMX9352xxxxK/rtos/freertos/freertos-kernel/timers.c.obj
                0x0ffe3018                xTimerCreateTimerTask
 .text.prvReloadTimer
                0x0ffe306c       0x42 CMakeFiles/freertos_hello.elf.dir/D_/PROJECT/XpressoSDK/SDK_2_14_0_MIMX9352xxxxK/rtos/freertos/freertos-kernel/timers.c.obj
 *fill*         0x0ffe30ae        0x2 
 .text.prvProcessExpiredTimer
                0x0ffe30b0       0x60 CMakeFiles/freertos_hello.elf.dir/D_/PROJECT/XpressoSDK/SDK_2_14_0_MIMX9352xxxxK/rtos/freertos/freertos-kernel/timers.c.obj
 .text.prvTimerTask
                0x0ffe3110       0x26 CMakeFiles/freertos_hello.elf.dir/D_/PROJECT/XpressoSDK/SDK_2_14_0_MIMX9352xxxxK/rtos/freertos/freertos-kernel/timers.c.obj
 *fill*         0x0ffe3136        0x2 
 .text.prvProcessTimerOrBlockTask
                0x0ffe3138       0x8c CMakeFiles/freertos_hello.elf.dir/D_/PROJECT/XpressoSDK/SDK_2_14_0_MIMX9352xxxxK/rtos/freertos/freertos-kernel/timers.c.obj
 .text.prvGetNextExpireTime
                0x0ffe31c4       0x48 CMakeFiles/freertos_hello.elf.dir/D_/PROJECT/XpressoSDK/SDK_2_14_0_MIMX9352xxxxK/rtos/freertos/freertos-kernel/timers.c.obj
 .text.prvSampleTimeNow
                0x0ffe320c       0x40 CMakeFiles/freertos_hello.elf.dir/D_/PROJECT/XpressoSDK/SDK_2_14_0_MIMX9352xxxxK/rtos/freertos/freertos-kernel/timers.c.obj
 .text.prvInsertTimerInActiveList
                0x0ffe324c       0x84 CMakeFiles/freertos_hello.elf.dir/D_/PROJECT/XpressoSDK/SDK_2_14_0_MIMX9352xxxxK/rtos/freertos/freertos-kernel/timers.c.obj
 .text.prvProcessReceivedCommands
                0x0ffe32d0      0x19c CMakeFiles/freertos_hello.elf.dir/D_/PROJECT/XpressoSDK/SDK_2_14_0_MIMX9352xxxxK/rtos/freertos/freertos-kernel/timers.c.obj
 .text.prvSwitchTimerLists
                0x0ffe346c       0x4c CMakeFiles/freertos_hello.elf.dir/D_/PROJECT/XpressoSDK/SDK_2_14_0_MIMX9352xxxxK/rtos/freertos/freertos-kernel/timers.c.obj
 .text.prvCheckForValidListAndQueue
                0x0ffe34b8       0x6c CMakeFiles/freertos_hello.elf.dir/D_/PROJECT/XpressoSDK/SDK_2_14_0_MIMX9352xxxxK/rtos/freertos/freertos-kernel/timers.c.obj
 .text.vPortSetupTimerInterrupt
                0x0ffe3524       0x48 CMakeFiles/freertos_hello.elf.dir/D_/PROJECT/XpressoSDK/SDK_2_14_0_MIMX9352xxxxK/rtos/freertos/freertos-kernel/portable/GCC/ARM_CM33_NTZ/non_secure/port.c.obj
                0x0ffe3524                vPortSetupTimerInterrupt
 .text.prvTaskExitError
                0x0ffe356c       0x38 CMakeFiles/freertos_hello.elf.dir/D_/PROJECT/XpressoSDK/SDK_2_14_0_MIMX9352xxxxK/rtos/freertos/freertos-kernel/portable/GCC/ARM_CM33_NTZ/non_secure/port.c.obj
 .text.prvSetupFPU
                0x0ffe35a4       0x30 CMakeFiles/freertos_hello.elf.dir/D_/PROJECT/XpressoSDK/SDK_2_14_0_MIMX9352xxxxK/rtos/freertos/freertos-kernel/portable/GCC/ARM_CM33_NTZ/non_secure/port.c.obj
 .text.vPortYield
                0x0ffe35d4       0x24 CMakeFiles/freertos_hello.elf.dir/D_/PROJECT/XpressoSDK/SDK_2_14_0_MIMX9352xxxxK/rtos/freertos/freertos-kernel/portable/GCC/ARM_CM33_NTZ/non_secure/port.c.obj
                0x0ffe35d4                vPortYield
 .text.vPortEnterCritical
                0x0ffe35f8       0x24 CMakeFiles/freertos_hello.elf.dir/D_/PROJECT/XpressoSDK/SDK_2_14_0_MIMX9352xxxxK/rtos/freertos/freertos-kernel/portable/GCC/ARM_CM33_NTZ/non_secure/port.c.obj
                0x0ffe35f8                vPortEnterCritical
 .text.vPortExitCritical
                0x0ffe361c       0x34 CMakeFiles/freertos_hello.elf.dir/D_/PROJECT/XpressoSDK/SDK_2_14_0_MIMX9352xxxxK/rtos/freertos/freertos-kernel/portable/GCC/ARM_CM33_NTZ/non_secure/port.c.obj
                0x0ffe361c                vPortExitCritical
 .text.SysTick_Handler
                0x0ffe3650       0x30 CMakeFiles/freertos_hello.elf.dir/D_/PROJECT/XpressoSDK/SDK_2_14_0_MIMX9352xxxxK/rtos/freertos/freertos-kernel/portable/GCC/ARM_CM33_NTZ/non_secure/port.c.obj
                0x0ffe3650                SysTick_Handler
 .text.vPortSVCHandler_C
                0x0ffe3680       0x36 CMakeFiles/freertos_hello.elf.dir/D_/PROJECT/XpressoSDK/SDK_2_14_0_MIMX9352xxxxK/rtos/freertos/freertos-kernel/portable/GCC/ARM_CM33_NTZ/non_secure/port.c.obj
                0x0ffe3680                vPortSVCHandler_C
 *fill*         0x0ffe36b6        0x2 
 .text.pxPortInitialiseStack
                0x0ffe36b8      0x114 CMakeFiles/freertos_hello.elf.dir/D_/PROJECT/XpressoSDK/SDK_2_14_0_MIMX9352xxxxK/rtos/freertos/freertos-kernel/portable/GCC/ARM_CM33_NTZ/non_secure/port.c.obj
                0x0ffe36b8                pxPortInitialiseStack
 .text.xPortStartScheduler
                0x0ffe37cc       0x40 CMakeFiles/freertos_hello.elf.dir/D_/PROJECT/XpressoSDK/SDK_2_14_0_MIMX9352xxxxK/rtos/freertos/freertos-kernel/portable/GCC/ARM_CM33_NTZ/non_secure/port.c.obj
                0x0ffe37cc                xPortStartScheduler
 *fill*         0x0ffe380c        0x4 
 .text.vRestoreContextOfFirstTask
                0x0ffe3810       0x38 CMakeFiles/freertos_hello.elf.dir/D_/PROJECT/XpressoSDK/SDK_2_14_0_MIMX9352xxxxK/rtos/freertos/freertos-kernel/portable/GCC/ARM_CM33_NTZ/non_secure/portasm.c.obj
                0x0ffe3810                vRestoreContextOfFirstTask
 *fill*         0x0ffe3848        0x8 
 .text.vStartFirstTask
                0x0ffe3850       0x28 CMakeFiles/freertos_hello.elf.dir/D_/PROJECT/XpressoSDK/SDK_2_14_0_MIMX9352xxxxK/rtos/freertos/freertos-kernel/portable/GCC/ARM_CM33_NTZ/non_secure/portasm.c.obj
                0x0ffe3850                vStartFirstTask
 .text.ulSetInterruptMask
                0x0ffe3878       0x1a CMakeFiles/freertos_hello.elf.dir/D_/PROJECT/XpressoSDK/SDK_2_14_0_MIMX9352xxxxK/rtos/freertos/freertos-kernel/portable/GCC/ARM_CM33_NTZ/non_secure/portasm.c.obj
                0x0ffe3878                ulSetInterruptMask
 .text.vClearInterruptMask
                0x0ffe3892       0x10 CMakeFiles/freertos_hello.elf.dir/D_/PROJECT/XpressoSDK/SDK_2_14_0_MIMX9352xxxxK/rtos/freertos/freertos-kernel/portable/GCC/ARM_CM33_NTZ/non_secure/portasm.c.obj
                0x0ffe3892                vClearInterruptMask
 *fill*         0x0ffe38a2        0xe 
 .text.PendSV_Handler
                0x0ffe38b0       0x68 CMakeFiles/freertos_hello.elf.dir/D_/PROJECT/XpressoSDK/SDK_2_14_0_MIMX9352xxxxK/rtos/freertos/freertos-kernel/portable/GCC/ARM_CM33_NTZ/non_secure/portasm.c.obj
                0x0ffe38b0                PendSV_Handler
 *fill*         0x0ffe3918        0x8 
 .text.SVC_Handler
                0x0ffe3920       0x28 CMakeFiles/freertos_hello.elf.dir/D_/PROJECT/XpressoSDK/SDK_2_14_0_MIMX9352xxxxK/rtos/freertos/freertos-kernel/portable/GCC/ARM_CM33_NTZ/non_secure/portasm.c.obj
                0x0ffe3920                SVC_Handler
 .text.pvPortMalloc
                0x0ffe3948      0x158 CMakeFiles/freertos_hello.elf.dir/D_/PROJECT/XpressoSDK/SDK_2_14_0_MIMX9352xxxxK/rtos/freertos/freertos-kernel/portable/MemMang/heap_4.c.obj
                0x0ffe3948                pvPortMalloc
 .text.vPortFree
                0x0ffe3aa0       0x94 CMakeFiles/freertos_hello.elf.dir/D_/PROJECT/XpressoSDK/SDK_2_14_0_MIMX9352xxxxK/rtos/freertos/freertos-kernel/portable/MemMang/heap_4.c.obj
                0x0ffe3aa0                vPortFree
 .text.prvHeapInit
                0x0ffe3b34       0xb8 CMakeFiles/freertos_hello.elf.dir/D_/PROJECT/XpressoSDK/SDK_2_14_0_MIMX9352xxxxK/rtos/freertos/freertos-kernel/portable/MemMang/heap_4.c.obj
 .text.prvInsertBlockIntoFreeList
                0x0ffe3bec       0xb4 CMakeFiles/freertos_hello.elf.dir/D_/PROJECT/XpressoSDK/SDK_2_14_0_MIMX9352xxxxK/rtos/freertos/freertos-kernel/portable/MemMang/heap_4.c.obj
 .text.__assert_func
                0x0ffe3ca0       0x28 CMakeFiles/freertos_hello.elf.dir/D_/PROJECT/XpressoSDK/SDK_2_14_0_MIMX9352xxxxK/devices/MIMX9352/utilities/fsl_assert.c.obj
                0x0ffe3ca0                __assert_func
 .text.PrintGetWidth
                0x0ffe3cc8       0x6a CMakeFiles/freertos_hello.elf.dir/D_/PROJECT/XpressoSDK/SDK_2_14_0_MIMX9352xxxxK/devices/MIMX9352/utilities/str/fsl_str.c.obj
 .text.PrintGetPrecision
                0x0ffe3d32       0x8c CMakeFiles/freertos_hello.elf.dir/D_/PROJECT/XpressoSDK/SDK_2_14_0_MIMX9352xxxxK/devices/MIMX9352/utilities/str/fsl_str.c.obj
 .text.PrintIsobpu
                0x0ffe3dbe       0x38 CMakeFiles/freertos_hello.elf.dir/D_/PROJECT/XpressoSDK/SDK_2_14_0_MIMX9352xxxxK/devices/MIMX9352/utilities/str/fsl_str.c.obj
 .text.PrintIsdi
                0x0ffe3df6       0x2c CMakeFiles/freertos_hello.elf.dir/D_/PROJECT/XpressoSDK/SDK_2_14_0_MIMX9352xxxxK/devices/MIMX9352/utilities/str/fsl_str.c.obj
 .text.PrintOutputdifFobpu
                0x0ffe3e22       0x44 CMakeFiles/freertos_hello.elf.dir/D_/PROJECT/XpressoSDK/SDK_2_14_0_MIMX9352xxxxK/devices/MIMX9352/utilities/str/fsl_str.c.obj
 .text.PrintOutputxX
                0x0ffe3e66       0x44 CMakeFiles/freertos_hello.elf.dir/D_/PROJECT/XpressoSDK/SDK_2_14_0_MIMX9352xxxxK/devices/MIMX9352/utilities/str/fsl_str.c.obj
 .text.PrintIsfF
                0x0ffe3eaa       0x2c CMakeFiles/freertos_hello.elf.dir/D_/PROJECT/XpressoSDK/SDK_2_14_0_MIMX9352xxxxK/devices/MIMX9352/utilities/str/fsl_str.c.obj
 .text.PrintIsxX
                0x0ffe3ed6       0x2c CMakeFiles/freertos_hello.elf.dir/D_/PROJECT/XpressoSDK/SDK_2_14_0_MIMX9352xxxxK/devices/MIMX9352/utilities/str/fsl_str.c.obj
 .text.PrintFilterLengthFlag
                0x0ffe3f02       0x3e CMakeFiles/freertos_hello.elf.dir/D_/PROJECT/XpressoSDK/SDK_2_14_0_MIMX9352xxxxK/devices/MIMX9352/utilities/str/fsl_str.c.obj
 .text.PrintGetRadixFromobpu
                0x0ffe3f40       0x40 CMakeFiles/freertos_hello.elf.dir/D_/PROJECT/XpressoSDK/SDK_2_14_0_MIMX9352xxxxK/devices/MIMX9352/utilities/str/fsl_str.c.obj
 .text.ConvertRadixNumToString
                0x0ffe3f80       0xc2 CMakeFiles/freertos_hello.elf.dir/D_/PROJECT/XpressoSDK/SDK_2_14_0_MIMX9352xxxxK/devices/MIMX9352/utilities/str/fsl_str.c.obj
 .text.StrFormatPrintf
                0x0ffe4042      0x2ac CMakeFiles/freertos_hello.elf.dir/D_/PROJECT/XpressoSDK/SDK_2_14_0_MIMX9352xxxxK/devices/MIMX9352/utilities/str/fsl_str.c.obj
                0x0ffe4042                StrFormatPrintf
 *fill*         0x0ffe42ee        0x2 
 .text.DbgConsole_SendDataReliable
                0x0ffe42f0       0x54 CMakeFiles/freertos_hello.elf.dir/D_/PROJECT/XpressoSDK/SDK_2_14_0_MIMX9352xxxxK/devices/MIMX9352/utilities/debug_console/fsl_debug_console.c.obj
                0x0ffe42f0                DbgConsole_SendDataReliable
 .text.DbgConsole_PrintCallback
                0x0ffe4344       0x66 CMakeFiles/freertos_hello.elf.dir/D_/PROJECT/XpressoSDK/SDK_2_14_0_MIMX9352xxxxK/devices/MIMX9352/utilities/debug_console/fsl_debug_console.c.obj
 *fill*         0x0ffe43aa        0x2 
 .text.DbgConsole_Init
                0x0ffe43ac      0x138 CMakeFiles/freertos_hello.elf.dir/D_/PROJECT/XpressoSDK/SDK_2_14_0_MIMX9352xxxxK/devices/MIMX9352/utilities/debug_console/fsl_debug_console.c.obj
                0x0ffe43ac                DbgConsole_Init
 .text.DbgConsole_Printf
                0x0ffe44e4       0x2c CMakeFiles/freertos_hello.elf.dir/D_/PROJECT/XpressoSDK/SDK_2_14_0_MIMX9352xxxxK/devices/MIMX9352/utilities/debug_console/fsl_debug_console.c.obj
                0x0ffe44e4                DbgConsole_Printf
 .text.DbgConsole_Vprintf
                0x0ffe4510       0x68 CMakeFiles/freertos_hello.elf.dir/D_/PROJECT/XpressoSDK/SDK_2_14_0_MIMX9352xxxxK/devices/MIMX9352/utilities/debug_console/fsl_debug_console.c.obj
                0x0ffe4510                DbgConsole_Vprintf
 .text.exit     0x0ffe4578       0x24 C:/Users/Admin/.mcuxpressotools/arm-gnu-toolchain-14.2.rel1-mingw-w64-x86_64-arm-none-eabi/bin/../lib/gcc/arm-none-eabi/14.2.1/thumb/v8-m.main+fp/hard\libc_nano.a(libc_a-exit.o)
                0x0ffe4578                exit
 .text.memset   0x0ffe459c       0x10 C:/Users/Admin/.mcuxpressotools/arm-gnu-toolchain-14.2.rel1-mingw-w64-x86_64-arm-none-eabi/bin/../lib/gcc/arm-none-eabi/14.2.1/thumb/v8-m.main+fp/hard\libc_nano.a(libc_a-memset.o)
                0x0ffe459c                memset
 .text.__libc_init_array
                0x0ffe45ac       0x48 C:/Users/Admin/.mcuxpressotools/arm-gnu-toolchain-14.2.rel1-mingw-w64-x86_64-arm-none-eabi/bin/../lib/gcc/arm-none-eabi/14.2.1/thumb/v8-m.main+fp/hard\libc_nano.a(libc_a-init.o)
                0x0ffe45ac                __libc_init_array
 .text._exit    0x0ffe45f4        0x2 C:/Users/Admin/.mcuxpressotools/arm-gnu-toolchain-14.2.rel1-mingw-w64-x86_64-arm-none-eabi/bin/../lib/gcc/arm-none-eabi/14.2.1/../../../../arm-none-eabi/lib/thumb/v8-m.main+fp/hard\libcr_newlib_nohost.a(_exit.o)
                0x0ffe45f4                _exit
                0x0ffe45f6                        __quickcodeaccess_start__ = .
                0x0ffe4600                        . = ALIGN (0x20)
 *fill*         0x0ffe45f6        0xa 
 *(CodeQuickAccess)
                0x0ffe4600                        . = ALIGN (0x20)
                0x0ffe4600                        __quickcodeaccess_end__ = .
 *(.rodata)
 .rodata        0x0ffe4600       0x37 CMakeFiles/freertos_hello.elf.dir/D_/IMX93/PROJECT/mcimx93evk_freertos_hello/freertos_hello.c.obj
 *fill*         0x0ffe4637        0x1 
 .rodata        0x0ffe4638       0x5c CMakeFiles/freertos_hello.elf.dir/D_/IMX93/PROJECT/mcimx93evk_freertos_hello/board.c.obj
 .rodata        0x0ffe4694      0x10c CMakeFiles/freertos_hello.elf.dir/D_/PROJECT/XpressoSDK/SDK_2_14_0_MIMX9352xxxxK/components/uart/fsl_adapter_lpuart.c.obj
 .rodata        0x0ffe47a0       0x68 CMakeFiles/freertos_hello.elf.dir/D_/PROJECT/XpressoSDK/SDK_2_14_0_MIMX9352xxxxK/devices/MIMX9352/drivers/fsl_clock.c.obj
 .rodata        0x0ffe4808      0x20e CMakeFiles/freertos_hello.elf.dir/D_/PROJECT/XpressoSDK/SDK_2_14_0_MIMX9352xxxxK/devices/MIMX9352/drivers/fsl_lpuart.c.obj
 *fill*         0x0ffe4a16        0x2 
 .rodata        0x0ffe4a18       0x30 CMakeFiles/freertos_hello.elf.dir/D_/PROJECT/XpressoSDK/SDK_2_14_0_MIMX9352xxxxK/rtos/freertos/freertos-kernel/tasks.c.obj
                0x0ffe4a2c                portArch_Name
                0x0ffe4a30                FreeRTOSDebugConfig
 .rodata        0x0ffe4a48        0xd CMakeFiles/freertos_hello.elf.dir/D_/PROJECT/XpressoSDK/SDK_2_14_0_MIMX9352xxxxK/rtos/freertos/freertos-kernel/timers.c.obj
 *fill*         0x0ffe4a55        0x3 
 .rodata        0x0ffe4a58       0x3e CMakeFiles/freertos_hello.elf.dir/D_/PROJECT/XpressoSDK/SDK_2_14_0_MIMX9352xxxxK/devices/MIMX9352/utilities/fsl_assert.c.obj
 *(.rodata*)
 *fill*         0x0ffe4a96        0x2 
 .rodata.__func__.0
                0x0ffe4a98       0x13 CMakeFiles/freertos_hello.elf.dir/D_/IMX93/PROJECT/mcimx93evk_freertos_hello/board.c.obj
 *fill*         0x0ffe4aab        0x1 
 .rodata.g_audioPllCfg
                0x0ffe4aac       0x14 CMakeFiles/freertos_hello.elf.dir/D_/IMX93/PROJECT/mcimx93evk_freertos_hello/clock_config.c.obj
                0x0ffe4aac                g_audioPllCfg
 .rodata.s_LpuartAdapterBase
                0x0ffe4ac0       0x24 CMakeFiles/freertos_hello.elf.dir/D_/PROJECT/XpressoSDK/SDK_2_14_0_MIMX9352xxxxK/components/uart/fsl_adapter_lpuart.c.obj
 .rodata.__func__.4
                0x0ffe4ae4        0xd CMakeFiles/freertos_hello.elf.dir/D_/PROJECT/XpressoSDK/SDK_2_14_0_MIMX9352xxxxK/components/uart/fsl_adapter_lpuart.c.obj
 *fill*         0x0ffe4af1        0x3 
 .rodata.__func__.1
                0x0ffe4af4       0x15 CMakeFiles/freertos_hello.elf.dir/D_/PROJECT/XpressoSDK/SDK_2_14_0_MIMX9352xxxxK/components/uart/fsl_adapter_lpuart.c.obj
 *fill*         0x0ffe4b09        0x3 
 .rodata.s_clockSourceName
                0x0ffe4b0c      0x17c CMakeFiles/freertos_hello.elf.dir/D_/PROJECT/XpressoSDK/SDK_2_14_0_MIMX9352xxxxK/devices/MIMX9352/drivers/fsl_clock.c.obj
 .rodata.__func__.0
                0x0ffe4c88       0x10 CMakeFiles/freertos_hello.elf.dir/D_/PROJECT/XpressoSDK/SDK_2_14_0_MIMX9352xxxxK/devices/MIMX9352/drivers/fsl_clock.c.obj
 .rodata.s_lpuartBases
                0x0ffe4c98       0x24 CMakeFiles/freertos_hello.elf.dir/D_/PROJECT/XpressoSDK/SDK_2_14_0_MIMX9352xxxxK/devices/MIMX9352/drivers/fsl_lpuart.c.obj
 .rodata.s_lpuartClock
                0x0ffe4cbc        0x9 CMakeFiles/freertos_hello.elf.dir/D_/PROJECT/XpressoSDK/SDK_2_14_0_MIMX9352xxxxK/devices/MIMX9352/drivers/fsl_lpuart.c.obj
 *fill*         0x0ffe4cc5        0x3 
 .rodata.__func__.21
                0x0ffe4cc8       0x13 CMakeFiles/freertos_hello.elf.dir/D_/PROJECT/XpressoSDK/SDK_2_14_0_MIMX9352xxxxK/devices/MIMX9352/drivers/fsl_lpuart.c.obj
 *fill*         0x0ffe4cdb        0x1 
 .rodata.__func__.16
                0x0ffe4cdc        0xc CMakeFiles/freertos_hello.elf.dir/D_/PROJECT/XpressoSDK/SDK_2_14_0_MIMX9352xxxxK/devices/MIMX9352/drivers/fsl_lpuart.c.obj
 .rodata.__func__.15
                0x0ffe4ce8       0x18 CMakeFiles/freertos_hello.elf.dir/D_/PROJECT/XpressoSDK/SDK_2_14_0_MIMX9352xxxxK/devices/MIMX9352/drivers/fsl_lpuart.c.obj
 .rodata.__func__.11
                0x0ffe4d00       0x15 CMakeFiles/freertos_hello.elf.dir/D_/PROJECT/XpressoSDK/SDK_2_14_0_MIMX9352xxxxK/devices/MIMX9352/drivers/fsl_lpuart.c.obj
 *fill*         0x0ffe4d15        0x3 
 .rodata.uxTopUsedPriority
                0x0ffe4d18        0x4 CMakeFiles/freertos_hello.elf.dir/D_/PROJECT/XpressoSDK/SDK_2_14_0_MIMX9352xxxxK/rtos/freertos/freertos-kernel/tasks.c.obj
                0x0ffe4d18                uxTopUsedPriority
 *(.glue_7)
 .glue_7        0x0ffe4d1c        0x0 linker stubs
 *(.glue_7t)
 .glue_7t       0x0ffe4d1c        0x0 linker stubs
 *(.eh_frame)
 .eh_frame      0x0ffe4d1c        0x0 C:/Users/Admin/.mcuxpressotools/arm-gnu-toolchain-14.2.rel1-mingw-w64-x86_64-arm-none-eabi/bin/../lib/gcc/arm-none-eabi/14.2.1/thumb/v8-m.main+fp/hard/crtbegin.o
 *(.init)
 .init          0x0ffe4d1c        0x4 C:/Users/Admin/.mcuxpressotools/arm-gnu-toolchain-14.2.rel1-mingw-w64-x86_64-arm-none-eabi/bin/../lib/gcc/arm-none-eabi/14.2.1/thumb/v8-m.main+fp/hard/crti.o
                0x0ffe4d1c                _init
 .init          0x0ffe4d20        0x8 C:/Users/Admin/.mcuxpressotools/arm-gnu-toolchain-14.2.rel1-mingw-w64-x86_64-arm-none-eabi/bin/../lib/gcc/arm-none-eabi/14.2.1/thumb/v8-m.main+fp/hard/crtn.o
 *(.fini)
 .fini          0x0ffe4d28        0x4 C:/Users/Admin/.mcuxpressotools/arm-gnu-toolchain-14.2.rel1-mingw-w64-x86_64-arm-none-eabi/bin/../lib/gcc/arm-none-eabi/14.2.1/thumb/v8-m.main+fp/hard/crti.o
                0x0ffe4d28                _fini
 .fini          0x0ffe4d2c        0x8 C:/Users/Admin/.mcuxpressotools/arm-gnu-toolchain-14.2.rel1-mingw-w64-x86_64-arm-none-eabi/bin/../lib/gcc/arm-none-eabi/14.2.1/thumb/v8-m.main+fp/hard/crtn.o
                0x0ffe4d34                        . = ALIGN (0x4)

.vfp11_veneer   0x0ffe4d34        0x0
 .vfp11_veneer  0x0ffe4d34        0x0 linker stubs

.v4_bx          0x0ffe4d34        0x0
 .v4_bx         0x0ffe4d34        0x0 linker stubs

.iplt           0x0ffe4d34        0x0
 .iplt          0x0ffe4d34        0x0 C:/Users/Admin/.mcuxpressotools/arm-gnu-toolchain-14.2.rel1-mingw-w64-x86_64-arm-none-eabi/bin/../lib/gcc/arm-none-eabi/14.2.1/thumb/v8-m.main+fp/hard/crtbegin.o

.ARM.extab
 *(.ARM.extab* .gnu.linkonce.armextab.*)

.ARM            0x0ffe4d34        0x8
                0x0ffe4d34                        __exidx_start = .
 *(.ARM.exidx*)
 .ARM.exidx     0x0ffe4d34        0x8 C:/Users/Admin/.mcuxpressotools/arm-gnu-toolchain-14.2.rel1-mingw-w64-x86_64-arm-none-eabi/bin/../lib/gcc/arm-none-eabi/14.2.1/thumb/v8-m.main+fp/hard/crt0.o
                                 0x10 (size before relaxing)
 .ARM.exidx     0x0ffe4d3c        0x0 C:/Users/Admin/.mcuxpressotools/arm-gnu-toolchain-14.2.rel1-mingw-w64-x86_64-arm-none-eabi/bin/../lib/gcc/arm-none-eabi/14.2.1/thumb/v8-m.main+fp/hard\libc_nano.a(libc_a-strlen.o)
                                  0x8 (size before relaxing)
                0x0ffe4d3c                        __exidx_end = .

.rel.dyn        0x0ffe4d3c        0x0
 .rel.iplt      0x0ffe4d3c        0x0 C:/Users/Admin/.mcuxpressotools/arm-gnu-toolchain-14.2.rel1-mingw-w64-x86_64-arm-none-eabi/bin/../lib/gcc/arm-none-eabi/14.2.1/thumb/v8-m.main+fp/hard/crtbegin.o

.ctors          0x0ffe4d3c        0x0
                0x0ffe4d3c                        __CTOR_LIST__ = .
 *crtbegin.o(.ctors)
 *crtbegin?.o(.ctors)
 *(EXCLUDE_FILE(*crtend.o *crtend?.o) .ctors)
 *(SORT_BY_NAME(.ctors.*))
 *(.ctors)
                0x0ffe4d3c                        __CTOR_END__ = .

.dtors          0x0ffe4d3c        0x0
                0x0ffe4d3c                        __DTOR_LIST__ = .
 *crtbegin.o(.dtors)
 *crtbegin?.o(.dtors)
 *(EXCLUDE_FILE(*crtend.o *crtend?.o) .dtors)
 *(SORT_BY_NAME(.dtors.*))
 *(.dtors)
                0x0ffe4d3c                        __DTOR_END__ = .

.preinit_array  0x0ffe4d3c        0x0
                0x0ffe4d3c                        PROVIDE (__preinit_array_start = .)
 *(.preinit_array*)
                0x0ffe4d3c                        PROVIDE (__preinit_array_end = .)

.init_array     0x0ffe4d3c        0x4
                0x0ffe4d3c                        PROVIDE (__init_array_start = .)
 *(SORT_BY_NAME(.init_array.*))
 *(.init_array*)
 .init_array    0x0ffe4d3c        0x4 C:/Users/Admin/.mcuxpressotools/arm-gnu-toolchain-14.2.rel1-mingw-w64-x86_64-arm-none-eabi/bin/../lib/gcc/arm-none-eabi/14.2.1/thumb/v8-m.main+fp/hard/crtbegin.o
                0x0ffe4d40                        PROVIDE (__init_array_end = .)

.fini_array     0x0ffe4d40        0x4
                [!provide]                        PROVIDE (__fini_array_start = .)
 *(SORT_BY_NAME(.fini_array.*))
 *(.fini_array*)
 .fini_array    0x0ffe4d40        0x4 C:/Users/Admin/.mcuxpressotools/arm-gnu-toolchain-14.2.rel1-mingw-w64-x86_64-arm-none-eabi/bin/../lib/gcc/arm-none-eabi/14.2.1/thumb/v8-m.main+fp/hard/crtbegin.o
                [!provide]                        PROVIDE (__fini_array_end = .)
                0x0ffe4d44                        __etext = .
                0x0ffe4d44                        __DATA_ROM = .

.interrupts_ram
                0x20003000        0x0
                0x20003000                        . = ALIGN (0x4)
                0x20003000                        __VECTOR_RAM__ = .
                0x20003000                        __interrupts_ram_start__ = .
 *(.m_interrupts_ram)
                0x20003000                        . = (. + M_VECTOR_RAM_SIZE)
                0x20003000                        . = ALIGN (0x4)
                0x20003000                        __interrupts_ram_end__ = .
                0x0ffe0000                        __VECTOR_RAM = DEFINED (__ram_vector_table__)?__VECTOR_RAM__:ORIGIN (m_interrupts)
                0x00000000                        __RAM_VECTOR_TABLE_SIZE_BYTES = DEFINED (__ram_vector_table__)?(__interrupts_ram_end__ - __interrupts_ram_start__):0x0

.data           0x20003000        0x8 load address 0x0ffe4d44
                0x20003000                        . = ALIGN (0x4)
                0x20003000                        __DATA_RAM = .
                0x20003000                        __data_start__ = .
                0x20003000                        __quickdataaccess_start__ = .
                0x20003000                        . = ALIGN (0x20)
 *(DataQuickAccess)
                0x20003000                        . = ALIGN (0x20)
                0x20003000                        __quickdataaccess_end__ = .
 *(.data)
 *(.data*)
 .data.SystemCoreClock
                0x20003000        0x4 CMakeFiles/freertos_hello.elf.dir/D_/PROJECT/XpressoSDK/SDK_2_14_0_MIMX9352xxxxK/devices/MIMX9352/system_MIMX9352_cm33.c.obj
                0x20003000                SystemCoreClock
 .data.ulCriticalNesting
                0x20003004        0x4 CMakeFiles/freertos_hello.elf.dir/D_/PROJECT/XpressoSDK/SDK_2_14_0_MIMX9352xxxxK/rtos/freertos/freertos-kernel/portable/GCC/ARM_CM33_NTZ/non_secure/port.c.obj
 *(.jcr*)
                0x20003008                        . = ALIGN (0x4)
                0x20003008                        __data_end__ = .
                0x0ffe4d4c                        __DATA_END = (__DATA_ROM + (__data_end__ - __data_start__))
                0x10000000                        text_end = (ORIGIN (m_text) + LENGTH (m_text))
                0x00000001                        ASSERT ((__DATA_END <= text_end), region m_text overflowed with text and data)

.tm_clone_table
                0x20003008        0x0 load address 0x0ffe4d4c
 .tm_clone_table
                0x20003008        0x0 C:/Users/Admin/.mcuxpressotools/arm-gnu-toolchain-14.2.rel1-mingw-w64-x86_64-arm-none-eabi/bin/../lib/gcc/arm-none-eabi/14.2.1/thumb/v8-m.main+fp/hard/crtbegin.o
 .tm_clone_table
                0x20003008        0x0 C:/Users/Admin/.mcuxpressotools/arm-gnu-toolchain-14.2.rel1-mingw-w64-x86_64-arm-none-eabi/bin/../lib/gcc/arm-none-eabi/14.2.1/thumb/v8-m.main+fp/hard/crtend.o

.igot.plt       0x20003008        0x0 load address 0x0ffe4d4c
 .igot.plt      0x20003008        0x0 C:/Users/Admin/.mcuxpressotools/arm-gnu-toolchain-14.2.rel1-mingw-w64-x86_64-arm-none-eabi/bin/../lib/gcc/arm-none-eabi/14.2.1/thumb/v8-m.main+fp/hard/crtbegin.o

.bss            0x20003008     0x2a70 load address 0x0ffe4d4c
                0x20003008                        . = ALIGN (0x4)
                0x20003008                        __START_BSS = .
                0x20003008                        __bss_start__ = .
 *(.bss)
 *(.bss*)
 .bss.completed.1
                0x20003008        0x1 C:/Users/Admin/.mcuxpressotools/arm-gnu-toolchain-14.2.rel1-mingw-w64-x86_64-arm-none-eabi/bin/../lib/gcc/arm-none-eabi/14.2.1/thumb/v8-m.main+fp/hard/crtbegin.o
 *fill*         0x20003009        0x3 
 .bss.object.0  0x2000300c       0x18 C:/Users/Admin/.mcuxpressotools/arm-gnu-toolchain-14.2.rel1-mingw-w64-x86_64-arm-none-eabi/bin/../lib/gcc/arm-none-eabi/14.2.1/thumb/v8-m.main+fp/hard/crtbegin.o
 .bss.g_clockSourceFreq
                0x20003024       0x44 CMakeFiles/freertos_hello.elf.dir/D_/PROJECT/XpressoSDK/SDK_2_14_0_MIMX9352xxxxK/devices/MIMX9352/drivers/fsl_clock.c.obj
                0x20003024                g_clockSourceFreq
 .bss.s_lpuartHandle
                0x20003068       0x24 CMakeFiles/freertos_hello.elf.dir/D_/PROJECT/XpressoSDK/SDK_2_14_0_MIMX9352xxxxK/devices/MIMX9352/drivers/fsl_lpuart.c.obj
                0x20003068                s_lpuartHandle
 .bss.s_lpuartIsr
                0x2000308c       0x24 CMakeFiles/freertos_hello.elf.dir/D_/PROJECT/XpressoSDK/SDK_2_14_0_MIMX9352xxxxK/devices/MIMX9352/drivers/fsl_lpuart.c.obj
                0x2000308c                s_lpuartIsr
 .bss.xQueueRegistry
                0x200030b0       0x40 CMakeFiles/freertos_hello.elf.dir/D_/PROJECT/XpressoSDK/SDK_2_14_0_MIMX9352xxxxK/rtos/freertos/freertos-kernel/queue.c.obj
                0x200030b0                xQueueRegistry
 .bss.pxCurrentTCB
                0x200030f0        0x4 CMakeFiles/freertos_hello.elf.dir/D_/PROJECT/XpressoSDK/SDK_2_14_0_MIMX9352xxxxK/rtos/freertos/freertos-kernel/tasks.c.obj
                0x200030f0                pxCurrentTCB
 .bss.pxReadyTasksLists
                0x200030f4       0x64 CMakeFiles/freertos_hello.elf.dir/D_/PROJECT/XpressoSDK/SDK_2_14_0_MIMX9352xxxxK/rtos/freertos/freertos-kernel/tasks.c.obj
 .bss.xDelayedTaskList1
                0x20003158       0x14 CMakeFiles/freertos_hello.elf.dir/D_/PROJECT/XpressoSDK/SDK_2_14_0_MIMX9352xxxxK/rtos/freertos/freertos-kernel/tasks.c.obj
 .bss.xDelayedTaskList2
                0x2000316c       0x14 CMakeFiles/freertos_hello.elf.dir/D_/PROJECT/XpressoSDK/SDK_2_14_0_MIMX9352xxxxK/rtos/freertos/freertos-kernel/tasks.c.obj
 .bss.pxDelayedTaskList
                0x20003180        0x4 CMakeFiles/freertos_hello.elf.dir/D_/PROJECT/XpressoSDK/SDK_2_14_0_MIMX9352xxxxK/rtos/freertos/freertos-kernel/tasks.c.obj
 .bss.pxOverflowDelayedTaskList
                0x20003184        0x4 CMakeFiles/freertos_hello.elf.dir/D_/PROJECT/XpressoSDK/SDK_2_14_0_MIMX9352xxxxK/rtos/freertos/freertos-kernel/tasks.c.obj
 .bss.xPendingReadyList
                0x20003188       0x14 CMakeFiles/freertos_hello.elf.dir/D_/PROJECT/XpressoSDK/SDK_2_14_0_MIMX9352xxxxK/rtos/freertos/freertos-kernel/tasks.c.obj
 .bss.xTasksWaitingTermination
                0x2000319c       0x14 CMakeFiles/freertos_hello.elf.dir/D_/PROJECT/XpressoSDK/SDK_2_14_0_MIMX9352xxxxK/rtos/freertos/freertos-kernel/tasks.c.obj
 .bss.uxDeletedTasksWaitingCleanUp
                0x200031b0        0x4 CMakeFiles/freertos_hello.elf.dir/D_/PROJECT/XpressoSDK/SDK_2_14_0_MIMX9352xxxxK/rtos/freertos/freertos-kernel/tasks.c.obj
 .bss.xSuspendedTaskList
                0x200031b4       0x14 CMakeFiles/freertos_hello.elf.dir/D_/PROJECT/XpressoSDK/SDK_2_14_0_MIMX9352xxxxK/rtos/freertos/freertos-kernel/tasks.c.obj
 .bss.uxCurrentNumberOfTasks
                0x200031c8        0x4 CMakeFiles/freertos_hello.elf.dir/D_/PROJECT/XpressoSDK/SDK_2_14_0_MIMX9352xxxxK/rtos/freertos/freertos-kernel/tasks.c.obj
 .bss.xTickCount
                0x200031cc        0x4 CMakeFiles/freertos_hello.elf.dir/D_/PROJECT/XpressoSDK/SDK_2_14_0_MIMX9352xxxxK/rtos/freertos/freertos-kernel/tasks.c.obj
 .bss.uxTopReadyPriority
                0x200031d0        0x4 CMakeFiles/freertos_hello.elf.dir/D_/PROJECT/XpressoSDK/SDK_2_14_0_MIMX9352xxxxK/rtos/freertos/freertos-kernel/tasks.c.obj
 .bss.xSchedulerRunning
                0x200031d4        0x4 CMakeFiles/freertos_hello.elf.dir/D_/PROJECT/XpressoSDK/SDK_2_14_0_MIMX9352xxxxK/rtos/freertos/freertos-kernel/tasks.c.obj
 .bss.xPendedTicks
                0x200031d8        0x4 CMakeFiles/freertos_hello.elf.dir/D_/PROJECT/XpressoSDK/SDK_2_14_0_MIMX9352xxxxK/rtos/freertos/freertos-kernel/tasks.c.obj
 .bss.xYieldPending
                0x200031dc        0x4 CMakeFiles/freertos_hello.elf.dir/D_/PROJECT/XpressoSDK/SDK_2_14_0_MIMX9352xxxxK/rtos/freertos/freertos-kernel/tasks.c.obj
 .bss.xNumOfOverflows
                0x200031e0        0x4 CMakeFiles/freertos_hello.elf.dir/D_/PROJECT/XpressoSDK/SDK_2_14_0_MIMX9352xxxxK/rtos/freertos/freertos-kernel/tasks.c.obj
 .bss.uxTaskNumber
                0x200031e4        0x4 CMakeFiles/freertos_hello.elf.dir/D_/PROJECT/XpressoSDK/SDK_2_14_0_MIMX9352xxxxK/rtos/freertos/freertos-kernel/tasks.c.obj
 .bss.xNextTaskUnblockTime
                0x200031e8        0x4 CMakeFiles/freertos_hello.elf.dir/D_/PROJECT/XpressoSDK/SDK_2_14_0_MIMX9352xxxxK/rtos/freertos/freertos-kernel/tasks.c.obj
 .bss.xIdleTaskHandle
                0x200031ec        0x4 CMakeFiles/freertos_hello.elf.dir/D_/PROJECT/XpressoSDK/SDK_2_14_0_MIMX9352xxxxK/rtos/freertos/freertos-kernel/tasks.c.obj
 .bss.uxSchedulerSuspended
                0x200031f0        0x4 CMakeFiles/freertos_hello.elf.dir/D_/PROJECT/XpressoSDK/SDK_2_14_0_MIMX9352xxxxK/rtos/freertos/freertos-kernel/tasks.c.obj
 .bss.xActiveTimerList1
                0x200031f4       0x14 CMakeFiles/freertos_hello.elf.dir/D_/PROJECT/XpressoSDK/SDK_2_14_0_MIMX9352xxxxK/rtos/freertos/freertos-kernel/timers.c.obj
 .bss.xActiveTimerList2
                0x20003208       0x14 CMakeFiles/freertos_hello.elf.dir/D_/PROJECT/XpressoSDK/SDK_2_14_0_MIMX9352xxxxK/rtos/freertos/freertos-kernel/timers.c.obj
 .bss.pxCurrentTimerList
                0x2000321c        0x4 CMakeFiles/freertos_hello.elf.dir/D_/PROJECT/XpressoSDK/SDK_2_14_0_MIMX9352xxxxK/rtos/freertos/freertos-kernel/timers.c.obj
 .bss.pxOverflowTimerList
                0x20003220        0x4 CMakeFiles/freertos_hello.elf.dir/D_/PROJECT/XpressoSDK/SDK_2_14_0_MIMX9352xxxxK/rtos/freertos/freertos-kernel/timers.c.obj
 .bss.xTimerQueue
                0x20003224        0x4 CMakeFiles/freertos_hello.elf.dir/D_/PROJECT/XpressoSDK/SDK_2_14_0_MIMX9352xxxxK/rtos/freertos/freertos-kernel/timers.c.obj
 .bss.xTimerTaskHandle
                0x20003228        0x4 CMakeFiles/freertos_hello.elf.dir/D_/PROJECT/XpressoSDK/SDK_2_14_0_MIMX9352xxxxK/rtos/freertos/freertos-kernel/timers.c.obj
 .bss.xLastTime.0
                0x2000322c        0x4 CMakeFiles/freertos_hello.elf.dir/D_/PROJECT/XpressoSDK/SDK_2_14_0_MIMX9352xxxxK/rtos/freertos/freertos-kernel/timers.c.obj
 .bss.ucHeap    0x20003230     0x2800 CMakeFiles/freertos_hello.elf.dir/D_/PROJECT/XpressoSDK/SDK_2_14_0_MIMX9352xxxxK/rtos/freertos/freertos-kernel/portable/MemMang/heap_4.c.obj
 .bss.xStart    0x20005a30        0x8 CMakeFiles/freertos_hello.elf.dir/D_/PROJECT/XpressoSDK/SDK_2_14_0_MIMX9352xxxxK/rtos/freertos/freertos-kernel/portable/MemMang/heap_4.c.obj
 .bss.pxEnd     0x20005a38        0x4 CMakeFiles/freertos_hello.elf.dir/D_/PROJECT/XpressoSDK/SDK_2_14_0_MIMX9352xxxxK/rtos/freertos/freertos-kernel/portable/MemMang/heap_4.c.obj
 .bss.xFreeBytesRemaining
                0x20005a3c        0x4 CMakeFiles/freertos_hello.elf.dir/D_/PROJECT/XpressoSDK/SDK_2_14_0_MIMX9352xxxxK/rtos/freertos/freertos-kernel/portable/MemMang/heap_4.c.obj
 .bss.xMinimumEverFreeBytesRemaining
                0x20005a40        0x4 CMakeFiles/freertos_hello.elf.dir/D_/PROJECT/XpressoSDK/SDK_2_14_0_MIMX9352xxxxK/rtos/freertos/freertos-kernel/portable/MemMang/heap_4.c.obj
 .bss.xNumberOfSuccessfulAllocations
                0x20005a44        0x4 CMakeFiles/freertos_hello.elf.dir/D_/PROJECT/XpressoSDK/SDK_2_14_0_MIMX9352xxxxK/rtos/freertos/freertos-kernel/portable/MemMang/heap_4.c.obj
 .bss.xNumberOfSuccessfulFrees
                0x20005a48        0x4 CMakeFiles/freertos_hello.elf.dir/D_/PROJECT/XpressoSDK/SDK_2_14_0_MIMX9352xxxxK/rtos/freertos/freertos-kernel/portable/MemMang/heap_4.c.obj
 .bss.s_debugConsoleReadWaitSemaphore
                0x20005a4c        0x1 CMakeFiles/freertos_hello.elf.dir/D_/PROJECT/XpressoSDK/SDK_2_14_0_MIMX9352xxxxK/devices/MIMX9352/utilities/debug_console/fsl_debug_console.c.obj
 *fill*         0x20005a4d        0x3 
 .bss.s_debugConsoleState
                0x20005a50       0x20 CMakeFiles/freertos_hello.elf.dir/D_/PROJECT/XpressoSDK/SDK_2_14_0_MIMX9352xxxxK/devices/MIMX9352/utilities/debug_console/fsl_debug_console.c.obj
 .bss.g_serialHandle
                0x20005a70        0x4 CMakeFiles/freertos_hello.elf.dir/D_/PROJECT/XpressoSDK/SDK_2_14_0_MIMX9352xxxxK/devices/MIMX9352/utilities/debug_console/fsl_debug_console.c.obj
                0x20005a70                g_serialHandle
 .bss.__stdio_exit_handler
                0x20005a74        0x4 C:/Users/Admin/.mcuxpressotools/arm-gnu-toolchain-14.2.rel1-mingw-w64-x86_64-arm-none-eabi/bin/../lib/gcc/arm-none-eabi/14.2.1/thumb/v8-m.main+fp/hard\libc_nano.a(libc_a-findfp.o)
                0x20005a74                __stdio_exit_handler
 *(COMMON)
                0x20005a78                        . = ALIGN (0x4)
                0x20005a78                        __bss_end__ = .
                0x20005a78                        __END_BSS = .

.m33_suspend    0x20000000        0x0
 *(M33SuspendRam)
                0x20000000                        . = ALIGN (0x4)

.heap           0x20005a78      0x400 load address 0x0ffe77bc
                0x20005a78                        . = ALIGN (0x8)
                0x20005a78                        __end__ = .
                0x20005a78                        PROVIDE (end = .)
                0x20005a78                        __HeapBase = .
                0x20005e78                        . = (. + HEAP_SIZE)
 *fill*         0x20005a78      0x400 
                0x20005e78                        __HeapLimit = .
                0x20005e78                        __heap_limit = .

.stack          0x20005e78      0x400 load address 0x0ffe7bbc
                0x20005e78                        . = ALIGN (0x8)
                0x20006278                        . = (. + STACK_SIZE)
 *fill*         0x20005e78      0x400 
                0x2001f000                        __StackTop = (ORIGIN (m_data) + LENGTH (m_data))
                0x2001ec00                        __StackLimit = (__StackTop - STACK_SIZE)
                0x2001f000                        PROVIDE (__stack = __StackTop)
                0x2001f000                        __RscTblStart = ORIGIN (m_rsc_tbl)
                0x20020000                        __RscTblEnd = (ORIGIN (m_rsc_tbl) + LENGTH (m_rsc_tbl))

.ARM.attributes
                0x00000000       0x36
 *(.ARM.attributes)
 .ARM.attributes
                0x00000000       0x26 C:/Users/Admin/.mcuxpressotools/arm-gnu-toolchain-14.2.rel1-mingw-w64-x86_64-arm-none-eabi/bin/../lib/gcc/arm-none-eabi/14.2.1/thumb/v8-m.main+fp/hard/crti.o
 .ARM.attributes
                0x00000026       0x38 C:/Users/Admin/.mcuxpressotools/arm-gnu-toolchain-14.2.rel1-mingw-w64-x86_64-arm-none-eabi/bin/../lib/gcc/arm-none-eabi/14.2.1/thumb/v8-m.main+fp/hard/crtbegin.o
 .ARM.attributes
                0x0000005e       0x24 C:/Users/Admin/.mcuxpressotools/arm-gnu-toolchain-14.2.rel1-mingw-w64-x86_64-arm-none-eabi/bin/../lib/gcc/arm-none-eabi/14.2.1/thumb/v8-m.main+fp/hard/crt0.o
 .ARM.attributes
                0x00000082       0x3a CMakeFiles/freertos_hello.elf.dir/D_/IMX93/PROJECT/mcimx93evk_freertos_hello/pin_mux.c.obj
 .ARM.attributes
                0x000000bc       0x3a CMakeFiles/freertos_hello.elf.dir/D_/IMX93/PROJECT/mcimx93evk_freertos_hello/freertos_hello.c.obj
 .ARM.attributes
                0x000000f6       0x3a CMakeFiles/freertos_hello.elf.dir/D_/IMX93/PROJECT/mcimx93evk_freertos_hello/board.c.obj
 .ARM.attributes
                0x00000130       0x3a CMakeFiles/freertos_hello.elf.dir/D_/IMX93/PROJECT/mcimx93evk_freertos_hello/clock_config.c.obj
 .ARM.attributes
                0x0000016a       0x3a CMakeFiles/freertos_hello.elf.dir/D_/PROJECT/XpressoSDK/SDK_2_14_0_MIMX9352xxxxK/components/uart/fsl_adapter_lpuart.c.obj
 .ARM.attributes
                0x000001a4       0x3a CMakeFiles/freertos_hello.elf.dir/D_/PROJECT/XpressoSDK/SDK_2_14_0_MIMX9352xxxxK/components/serial_manager/fsl_component_serial_manager.c.obj
 .ARM.attributes
                0x000001de       0x3a CMakeFiles/freertos_hello.elf.dir/D_/PROJECT/XpressoSDK/SDK_2_14_0_MIMX9352xxxxK/components/serial_manager/fsl_component_serial_port_uart.c.obj
 .ARM.attributes
                0x00000218       0x3a CMakeFiles/freertos_hello.elf.dir/D_/PROJECT/XpressoSDK/SDK_2_14_0_MIMX9352xxxxK/devices/MIMX9352/system_MIMX9352_cm33.c.obj
 .ARM.attributes
                0x00000252       0x24 CMakeFiles/freertos_hello.elf.dir/D_/PROJECT/XpressoSDK/SDK_2_14_0_MIMX9352xxxxK/devices/MIMX9352/gcc/startup_MIMX9352_cm33.S.obj
 .ARM.attributes
                0x00000276       0x3a CMakeFiles/freertos_hello.elf.dir/D_/PROJECT/XpressoSDK/SDK_2_14_0_MIMX9352xxxxK/devices/MIMX9352/drivers/fsl_clock.c.obj
 .ARM.attributes
                0x000002b0       0x3a CMakeFiles/freertos_hello.elf.dir/D_/PROJECT/XpressoSDK/SDK_2_14_0_MIMX9352xxxxK/devices/MIMX9352/drivers/fsl_lpuart.c.obj
 .ARM.attributes
                0x000002ea       0x3a CMakeFiles/freertos_hello.elf.dir/D_/PROJECT/XpressoSDK/SDK_2_14_0_MIMX9352xxxxK/rtos/freertos/freertos-kernel/list.c.obj
 .ARM.attributes
                0x00000324       0x3a CMakeFiles/freertos_hello.elf.dir/D_/PROJECT/XpressoSDK/SDK_2_14_0_MIMX9352xxxxK/rtos/freertos/freertos-kernel/queue.c.obj
 .ARM.attributes
                0x0000035e       0x3a CMakeFiles/freertos_hello.elf.dir/D_/PROJECT/XpressoSDK/SDK_2_14_0_MIMX9352xxxxK/rtos/freertos/freertos-kernel/tasks.c.obj
 .ARM.attributes
                0x00000398       0x3a CMakeFiles/freertos_hello.elf.dir/D_/PROJECT/XpressoSDK/SDK_2_14_0_MIMX9352xxxxK/rtos/freertos/freertos-kernel/timers.c.obj
 .ARM.attributes
                0x000003d2       0x3a CMakeFiles/freertos_hello.elf.dir/D_/PROJECT/XpressoSDK/SDK_2_14_0_MIMX9352xxxxK/rtos/freertos/freertos-kernel/portable/GCC/ARM_CM33_NTZ/non_secure/port.c.obj
 .ARM.attributes
                0x0000040c       0x3a CMakeFiles/freertos_hello.elf.dir/D_/PROJECT/XpressoSDK/SDK_2_14_0_MIMX9352xxxxK/rtos/freertos/freertos-kernel/portable/GCC/ARM_CM33_NTZ/non_secure/portasm.c.obj
 .ARM.attributes
                0x00000446       0x3a CMakeFiles/freertos_hello.elf.dir/D_/PROJECT/XpressoSDK/SDK_2_14_0_MIMX9352xxxxK/rtos/freertos/freertos-kernel/portable/MemMang/heap_4.c.obj
 .ARM.attributes
                0x00000480       0x26 CMakeFiles/freertos_hello.elf.dir/D_/PROJECT/XpressoSDK/SDK_2_14_0_MIMX9352xxxxK/devices/MIMX9352/utilities/fsl_memcpy.S.obj
 .ARM.attributes
                0x000004a6       0x3a CMakeFiles/freertos_hello.elf.dir/D_/PROJECT/XpressoSDK/SDK_2_14_0_MIMX9352xxxxK/devices/MIMX9352/utilities/fsl_assert.c.obj
 .ARM.attributes
                0x000004e0       0x3a CMakeFiles/freertos_hello.elf.dir/D_/PROJECT/XpressoSDK/SDK_2_14_0_MIMX9352xxxxK/devices/MIMX9352/utilities/str/fsl_str.c.obj
 .ARM.attributes
                0x0000051a       0x3a CMakeFiles/freertos_hello.elf.dir/D_/PROJECT/XpressoSDK/SDK_2_14_0_MIMX9352xxxxK/devices/MIMX9352/utilities/debug_console/fsl_debug_console.c.obj
 .ARM.attributes
                0x00000554       0x38 C:/Users/Admin/.mcuxpressotools/arm-gnu-toolchain-14.2.rel1-mingw-w64-x86_64-arm-none-eabi/bin/../lib/gcc/arm-none-eabi/14.2.1/thumb/v8-m.main+fp/hard\libc_nano.a(libc_a-exit.o)
 .ARM.attributes
                0x0000058c       0x38 C:/Users/Admin/.mcuxpressotools/arm-gnu-toolchain-14.2.rel1-mingw-w64-x86_64-arm-none-eabi/bin/../lib/gcc/arm-none-eabi/14.2.1/thumb/v8-m.main+fp/hard\libc_nano.a(libc_a-findfp.o)
 .ARM.attributes
                0x000005c4       0x38 C:/Users/Admin/.mcuxpressotools/arm-gnu-toolchain-14.2.rel1-mingw-w64-x86_64-arm-none-eabi/bin/../lib/gcc/arm-none-eabi/14.2.1/thumb/v8-m.main+fp/hard\libc_nano.a(libc_a-memset.o)
 .ARM.attributes
                0x000005fc       0x38 C:/Users/Admin/.mcuxpressotools/arm-gnu-toolchain-14.2.rel1-mingw-w64-x86_64-arm-none-eabi/bin/../lib/gcc/arm-none-eabi/14.2.1/thumb/v8-m.main+fp/hard\libc_nano.a(libc_a-init.o)
 .ARM.attributes
                0x00000634       0x24 C:/Users/Admin/.mcuxpressotools/arm-gnu-toolchain-14.2.rel1-mingw-w64-x86_64-arm-none-eabi/bin/../lib/gcc/arm-none-eabi/14.2.1/thumb/v8-m.main+fp/hard\libc_nano.a(libc_a-strlen.o)
 .ARM.attributes
                0x00000658       0x38 C:/Users/Admin/.mcuxpressotools/arm-gnu-toolchain-14.2.rel1-mingw-w64-x86_64-arm-none-eabi/bin/../lib/gcc/arm-none-eabi/14.2.1/../../../../arm-none-eabi/lib/thumb/v8-m.main+fp/hard\libcr_newlib_nohost.a(_exit.o)