D:/anh_khoa/document/project/baobuibk-SpaceLiin_Satellite_M33_FW_1.1.0/SRC/01_DEV/M2_BSP/bsp_peripheral/bsp_laser/bsp_laser.c:62:6:bsp_laser_init	8	static
D:/anh_khoa/document/project/baobuibk-SpaceLiin_Satellite_M33_FW_1.1.0/SRC/01_DEV/M2_BSP/bsp_peripheral/bsp_laser/bsp_laser.c:70:6:bsp_laser_int_set_dac	16	static
D:/anh_khoa/document/project/baobuibk-SpaceLiin_Satellite_M33_FW_1.1.0/SRC/01_DEV/M2_BSP/bsp_peripheral/bsp_laser/bsp_laser.c:76:9:bsp_laser_int_get_dac	4	static
D:/anh_khoa/document/project/baobuibk-SpaceLiin_Satellite_M33_FW_1.1.0/SRC/01_DEV/M2_BSP/bsp_peripheral/bsp_laser/bsp_laser.c:81:6:bsp_laser_int_sw_on	24	static
D:/anh_khoa/document/project/baobuibk-SpaceLiin_Satellite_M33_FW_1.1.0/SRC/01_DEV/M2_BSP/bsp_peripheral/bsp_laser/bsp_laser.c:88:6:bsp_laser_int_sw_off	24	static
D:/anh_khoa/document/project/baobuibk-SpaceLiin_Satellite_M33_FW_1.1.0/SRC/01_DEV/M2_BSP/bsp_peripheral/bsp_laser/bsp_laser.c:95:6:bsp_laser_int_all_sw_off	8	static
D:/anh_khoa/document/project/baobuibk-SpaceLiin_Satellite_M33_FW_1.1.0/SRC/01_DEV/M2_BSP/bsp_peripheral/bsp_laser/bsp_laser.c:101:6:bsp_laser_ext_set_dac	16	static
D:/anh_khoa/document/project/baobuibk-SpaceLiin_Satellite_M33_FW_1.1.0/SRC/01_DEV/M2_BSP/bsp_peripheral/bsp_laser/bsp_laser.c:107:9:bsp_laser_ext_get_dac	4	static
D:/anh_khoa/document/project/baobuibk-SpaceLiin_Satellite_M33_FW_1.1.0/SRC/01_DEV/M2_BSP/bsp_peripheral/bsp_laser/bsp_laser.c:112:6:bsp_laser_ext_sw_on	24	static
D:/anh_khoa/document/project/baobuibk-SpaceLiin_Satellite_M33_FW_1.1.0/SRC/01_DEV/M2_BSP/bsp_peripheral/bsp_laser/bsp_laser.c:119:6:bsp_laser_ext_sw_off	24	static
D:/anh_khoa/document/project/baobuibk-SpaceLiin_Satellite_M33_FW_1.1.0/SRC/01_DEV/M2_BSP/bsp_peripheral/bsp_laser/bsp_laser.c:126:6:bsp_laser_ext_all_sw_off	8	static
D:/anh_khoa/document/project/baobuibk-SpaceLiin_Satellite_M33_FW_1.1.0/SRC/01_DEV/M2_BSP/bsp_peripheral/bsp_laser/bsp_laser.c:132:6:bsp_laser_setup_timmer	48	static
D:/anh_khoa/document/project/baobuibk-SpaceLiin_Satellite_M33_FW_1.1.0/SRC/01_DEV/M2_BSP/bsp_peripheral/bsp_laser/bsp_laser.c:159:6:bsp_laser_start_timer	16	static
D:/anh_khoa/document/project/baobuibk-SpaceLiin_Satellite_M33_FW_1.1.0/SRC/01_DEV/M2_BSP/bsp_peripheral/bsp_laser/bsp_laser.c:220:6:bsp_laser_int_current_trigger_adc	4	static
D:/anh_khoa/document/project/baobuibk-SpaceLiin_Satellite_M33_FW_1.1.0/SRC/01_DEV/M2_BSP/bsp_peripheral/bsp_laser/bsp_laser.c:235:6:bsp_laser_ext_current_trigger_adc	4	static
D:/anh_khoa/document/project/baobuibk-SpaceLiin_Satellite_M33_FW_1.1.0/SRC/01_DEV/M2_BSP/bsp_peripheral/bsp_laser/bsp_laser.c:254:10:bsp_laser_int_current_read_adc_data	16	static
D:/anh_khoa/document/project/baobuibk-SpaceLiin_Satellite_M33_FW_1.1.0/SRC/01_DEV/M2_BSP/bsp_peripheral/bsp_laser/bsp_laser.c:266:10:bsp_laser_ext_current_read_adc_data	16	static
D:/anh_khoa/document/project/baobuibk-SpaceLiin_Satellite_M33_FW_1.1.0/SRC/01_DEV/M2_BSP/bsp_peripheral/bsp_laser/bsp_laser.c:282:10:bsp_laser_int_current_adc_polling	24	static
D:/anh_khoa/document/project/baobuibk-SpaceLiin_Satellite_M33_FW_1.1.0/SRC/01_DEV/M2_BSP/bsp_peripheral/bsp_laser/bsp_laser.c:310:10:bsp_laser_ext_current_adc_polling	16	static
D:/anh_khoa/document/project/baobuibk-SpaceLiin_Satellite_M33_FW_1.1.0/SRC/01_DEV/M2_BSP/bsp_peripheral/bsp_laser/bsp_laser.c:335:15:map_int_LD_position	16	static
D:/anh_khoa/document/project/baobuibk-SpaceLiin_Satellite_M33_FW_1.1.0/SRC/01_DEV/M2_BSP/bsp_peripheral/bsp_laser/bsp_laser.c:353:15:map_ext_LD_position	16	static
