D:/anh_khoa/document/project/baobuibk-SpaceLiin_Satellite_M33_FW_1.1.0/SRC/01_DEV/M2_BSP/bsp_peripheral/bsp_i2c_sensor/bsp_i2c_sensor.c:24:6:bsp_i2c_sensor_init	8	static
D:/anh_khoa/document/project/baobuibk-SpaceLiin_Satellite_M33_FW_1.1.0/SRC/01_DEV/M2_BSP/bsp_peripheral/bsp_i2c_sensor/bsp_i2c_sensor.c:35:6:Flow_sensor_read	16	static
D:/anh_khoa/document/project/baobuibk-SpaceLiin_Satellite_M33_FW_1.1.0/SRC/01_DEV/M2_BSP/bsp_peripheral/bsp_i2c_sensor/bsp_i2c_sensor.c:40:6:BMP390_sensor_read	16	static
