D:/PROJECT/XpressoSDK/SDK_2_14_0_MIMX9352xxxxK/devices/MIMX9352/drivers/fsl_clock.h:1296:20:CLOCK_SetRootClock	16	static
D:/PROJECT/XpressoSDK/SDK_2_14_0_MIMX9352xxxxK/devices/MIMX9352/drivers/fsl_clock.h:1316:20:CLOCK_ControlGate	16	static
D:/PROJECT/XpressoSDK/SDK_2_14_0_MIMX9352xxxxK/devices/MIMX9352/drivers/fsl_clock.h:1329:20:CLOCK_EnableClock	16	static
D:/IMX93/PROJECT/mcimx93evk_freertos_hello/SRC/01_DEV/M2_BSP/bsp_core/bsp_core.c:61:6:bsp_core_init	8	static
D:/IMX93/PROJECT/mcimx93evk_freertos_hello/SRC/01_DEV/M2_BSP/bsp_core/bsp_core.c:92:13:bsp_core_init_uart	32	static
D:/IMX93/PROJECT/mcimx93evk_freertos_hello/SRC/01_DEV/M2_BSP/bsp_core/bsp_core.c:126:13:bsp_core_init_can	72	static
D:/IMX93/PROJECT/mcimx93evk_freertos_hello/SRC/01_DEV/M2_BSP/bsp_core/bsp_core.c:176:13:bsp_core_init_io_expander_i2c	24	static
D:/IMX93/PROJECT/mcimx93evk_freertos_hello/SRC/01_DEV/M2_BSP/bsp_core/bsp_core.c:216:13:bsp_core_init_tec_cs_gpio	16	static
D:/IMX93/PROJECT/mcimx93evk_freertos_hello/SRC/01_DEV/M2_BSP/bsp_core/bsp_core.c:252:13:bsp_core_init_onboard_adc_spi	48	static
D:/IMX93/PROJECT/mcimx93evk_freertos_hello/SRC/01_DEV/M2_BSP/bsp_core/bsp_core.c:341:13:bsp_core_init_onboard_adc_cs_gpio	24	static
D:/IMX93/PROJECT/mcimx93evk_freertos_hello/SRC/01_DEV/M2_BSP/bsp_core/bsp_core.c:390:13:bsp_core_init_laser_dac_gpio	24	static
D:/IMX93/PROJECT/mcimx93evk_freertos_hello/SRC/01_DEV/M2_BSP/bsp_core/bsp_core.c:437:13:bsp_core_init_laser_switch_gpio	16	static
D:/IMX93/PROJECT/mcimx93evk_freertos_hello/SRC/01_DEV/M2_BSP/bsp_core/bsp_core.c:471:13:bsp_core_init_photo_adc_spi	48	static
D:/IMX93/PROJECT/mcimx93evk_freertos_hello/SRC/01_DEV/M2_BSP/bsp_core/bsp_core.c:559:13:bsp_core_init_photo_adc_cs_gpio	24	static
D:/IMX93/PROJECT/mcimx93evk_freertos_hello/SRC/01_DEV/M2_BSP/bsp_core/bsp_core.c:600:13:bsp_core_init_photo_switch_gpio	16	static
D:/IMX93/PROJECT/mcimx93evk_freertos_hello/SRC/01_DEV/M2_BSP/bsp_core/bsp_core.c:629:13:bsp_core_init_tim	16	static
D:/IMX93/PROJECT/mcimx93evk_freertos_hello/SRC/01_DEV/M2_BSP/bsp_core/bsp_core.c:642:13:bsp_core_init_laser_adc_tim	16	static
D:/IMX93/PROJECT/mcimx93evk_freertos_hello/SRC/01_DEV/M2_BSP/bsp_core/bsp_core.c:721:20:_tiny_delay	16	static
D:/IMX93/PROJECT/mcimx93evk_freertos_hello/SRC/01_DEV/M2_BSP/bsp_core/bsp_core.c:726:13:_wait_bits_cleared	24	static
D:/IMX93/PROJECT/mcimx93evk_freertos_hello/SRC/01_DEV/M2_BSP/bsp_core/bsp_core.c:736:13:_wait_status_equals	24	static
D:/IMX93/PROJECT/mcimx93evk_freertos_hello/SRC/01_DEV/M2_BSP/bsp_core/bsp_core.c:770:12:bsp_core_init_laser_adc	16	static
