D:/PROJECT/XpressoSDK/SDK_2_14_0_MIMX9352xxxxK/devices/MIMX9352/drivers/fsl_clock.h:1296:20:CLOCK_SetRootClock	16	static
D:/PROJECT/XpressoSDK/SDK_2_14_0_MIMX9352xxxxK/devices/MIMX9352/drivers/fsl_clock.h:1316:20:CLOCK_ControlGate	16	static
D:/PROJECT/XpressoSDK/SDK_2_14_0_MIMX9352xxxxK/devices/MIMX9352/drivers/fsl_clock.h:1329:20:CLOCK_EnableClock	16	static
D:/IMX93/PROJECT/mcimx93evk_freertos_hello/SRC/01_DEV/M2_BSP/bsp_core/bsp_core.c:72:6:bsp_core_init	8	static
D:/IMX93/PROJECT/mcimx93evk_freertos_hello/SRC/01_DEV/M2_BSP/bsp_core/bsp_core.c:125:13:bsp_core_init_uart	32	static
D:/IMX93/PROJECT/mcimx93evk_freertos_hello/SRC/01_DEV/M2_BSP/bsp_core/bsp_core.c:159:13:bsp_core_init_can	72	static
D:/IMX93/PROJECT/mcimx93evk_freertos_hello/SRC/01_DEV/M2_BSP/bsp_core/bsp_core.c:209:13:bsp_core_init_io_expander_i2c	40	static
D:/IMX93/PROJECT/mcimx93evk_freertos_hello/SRC/01_DEV/M2_BSP/bsp_core/bsp_core.c:247:13:bsp_core_init_tec_cs_gpio	16	static
D:/IMX93/PROJECT/mcimx93evk_freertos_hello/SRC/01_DEV/M2_BSP/bsp_core/bsp_core.c:283:13:bsp_core_init_sensor_i2c	40	static
D:/IMX93/PROJECT/mcimx93evk_freertos_hello/SRC/01_DEV/M2_BSP/bsp_core/bsp_core.c:330:13:bsp_core_init_sensor_en_gpio	16	static
D:/IMX93/PROJECT/mcimx93evk_freertos_hello/SRC/01_DEV/M2_BSP/bsp_core/bsp_core.c:371:13:bsp_core_init_pump_i2c	40	static
D:/IMX93/PROJECT/mcimx93evk_freertos_hello/SRC/01_DEV/M2_BSP/bsp_core/bsp_core.c:412:13:bsp_core_init_pump_en_gpio	16	static
D:/IMX93/PROJECT/mcimx93evk_freertos_hello/SRC/01_DEV/M2_BSP/bsp_core/bsp_core.c:444:13:bsp_core_init_onboard_adc_spi	48	static
D:/IMX93/PROJECT/mcimx93evk_freertos_hello/SRC/01_DEV/M2_BSP/bsp_core/bsp_core.c:533:13:bsp_core_init_onboard_adc_cs_gpio	24	static
D:/IMX93/PROJECT/mcimx93evk_freertos_hello/SRC/01_DEV/M2_BSP/bsp_core/bsp_core.c:582:13:bsp_core_init_laser_dac_gpio	24	static
D:/IMX93/PROJECT/mcimx93evk_freertos_hello/SRC/01_DEV/M2_BSP/bsp_core/bsp_core.c:629:13:bsp_core_init_laser_switch_gpio	16	static
D:/IMX93/PROJECT/mcimx93evk_freertos_hello/SRC/01_DEV/M2_BSP/bsp_core/bsp_core.c:663:13:bsp_core_init_photo_adc_spi	48	static
D:/IMX93/PROJECT/mcimx93evk_freertos_hello/SRC/01_DEV/M2_BSP/bsp_core/bsp_core.c:751:13:bsp_core_init_photo_adc_cs_gpio	24	static
D:/IMX93/PROJECT/mcimx93evk_freertos_hello/SRC/01_DEV/M2_BSP/bsp_core/bsp_core.c:792:13:bsp_core_init_photo_switch_gpio	16	static
D:/IMX93/PROJECT/mcimx93evk_freertos_hello/SRC/01_DEV/M2_BSP/bsp_core/bsp_core.c:821:13:bsp_core_init_tim	16	static
D:/IMX93/PROJECT/mcimx93evk_freertos_hello/SRC/01_DEV/M2_BSP/bsp_core/bsp_core.c:834:13:bsp_core_init_laser_adc_tim	16	static
D:/IMX93/PROJECT/mcimx93evk_freertos_hello/SRC/01_DEV/M2_BSP/bsp_core/bsp_core.c:913:20:_tiny_delay	16	static
D:/IMX93/PROJECT/mcimx93evk_freertos_hello/SRC/01_DEV/M2_BSP/bsp_core/bsp_core.c:918:13:_wait_bits_cleared	24	static
D:/IMX93/PROJECT/mcimx93evk_freertos_hello/SRC/01_DEV/M2_BSP/bsp_core/bsp_core.c:928:13:_wait_status_equals	24	static
D:/IMX93/PROJECT/mcimx93evk_freertos_hello/SRC/01_DEV/M2_BSP/bsp_core/bsp_core.c:962:12:bsp_core_init_laser_adc	16	static
