D:/PROJECT/XpressoSDK/SDK_2_14_0_MIMX9352xxxxK/CMSIS/Core/Include/core_cm33.h:2378:22:__NVIC_EnableIRQ	16	static
D:/PROJECT/XpressoSDK/SDK_2_14_0_MIMX9352xxxxK/devices/MIMX9352/drivers/fsl_clock.h:1316:20:CLOCK_ControlGate	16	static
D:/PROJECT/XpressoSDK/SDK_2_14_0_MIMX9352xxxxK/devices/MIMX9352/drivers/fsl_clock.h:1329:20:CLOCK_EnableClock	16	static
D:/PROJECT/XpressoSDK/SDK_2_14_0_MIMX9352xxxxK/devices/MIMX9352/drivers/fsl_clock.h:1339:20:CLOCK_DisableClock	16	static
D:/PROJECT/XpressoSDK/SDK_2_14_0_MIMX9352xxxxK/devices/MIMX9352/drivers/fsl_common_arm.h:514:24:EnableIRQ	24	static
D:/PROJECT/XpressoSDK/SDK_2_14_0_MIMX9352xxxxK/devices/MIMX9352/drivers/fsl_common_arm.h:732:24:DisableGlobalIRQ	16	static
D:/PROJECT/XpressoSDK/SDK_2_14_0_MIMX9352xxxxK/devices/MIMX9352/drivers/fsl_common_arm.h:758:20:EnableGlobalIRQ	24	static
D:/PROJECT/XpressoSDK/SDK_2_14_0_MIMX9352xxxxK/devices/MIMX9352/drivers/fsl_flexcan.h:1433:24:FLEXCAN_GetStatusFlags	72	static
D:/PROJECT/XpressoSDK/SDK_2_14_0_MIMX9352xxxxK/devices/MIMX9352/drivers/fsl_flexcan.h:1468:20:FLEXCAN_ClearStatusFlags	24	static
D:/PROJECT/XpressoSDK/SDK_2_14_0_MIMX9352xxxxK/devices/MIMX9352/drivers/fsl_flexcan.h:1524:24:FLEXCAN_GetMbStatusFlags	64	static
D:/PROJECT/XpressoSDK/SDK_2_14_0_MIMX9352xxxxK/devices/MIMX9352/drivers/fsl_flexcan.h:1547:24:FLEXCAN_GetHigh64MbStatusFlags	56	static
D:/PROJECT/XpressoSDK/SDK_2_14_0_MIMX9352xxxxK/devices/MIMX9352/drivers/fsl_flexcan.h:1569:20:FLEXCAN_ClearMbStatusFlags	24	static
D:/PROJECT/XpressoSDK/SDK_2_14_0_MIMX9352xxxxK/devices/MIMX9352/drivers/fsl_flexcan.h:1591:20:FLEXCAN_ClearHigh64MbStatusFlags	24	static
D:/PROJECT/XpressoSDK/SDK_2_14_0_MIMX9352xxxxK/devices/MIMX9352/drivers/fsl_flexcan.h:1663:20:FLEXCAN_EnableInterrupts	40	static
D:/PROJECT/XpressoSDK/SDK_2_14_0_MIMX9352xxxxK/devices/MIMX9352/drivers/fsl_flexcan.h:1715:20:FLEXCAN_DisableInterrupts	40	static
D:/PROJECT/XpressoSDK/SDK_2_14_0_MIMX9352xxxxK/devices/MIMX9352/drivers/fsl_flexcan.h:1765:20:FLEXCAN_EnableMbInterrupts	40	static
D:/PROJECT/XpressoSDK/SDK_2_14_0_MIMX9352xxxxK/devices/MIMX9352/drivers/fsl_flexcan.h:1790:20:FLEXCAN_EnableHigh64MbInterrupts	32	static
D:/PROJECT/XpressoSDK/SDK_2_14_0_MIMX9352xxxxK/devices/MIMX9352/drivers/fsl_flexcan.h:1813:20:FLEXCAN_DisableMbInterrupts	40	static
D:/PROJECT/XpressoSDK/SDK_2_14_0_MIMX9352xxxxK/devices/MIMX9352/drivers/fsl_flexcan.h:1838:20:FLEXCAN_DisableHigh64MbInterrupts	32	static
D:/PROJECT/XpressoSDK/SDK_2_14_0_MIMX9352xxxxK/devices/MIMX9352/drivers/fsl_flexcan.h:1899:20:FLEXCAN_Enable	16	static
D:/PROJECT/XpressoSDK/SDK_2_14_0_MIMX9352xxxxK/devices/MIMX9352/drivers/fsl_flexcan.c:334:13:flexcan_memset	32	static
D:/PROJECT/XpressoSDK/SDK_2_14_0_MIMX9352xxxxK/devices/MIMX9352/drivers/fsl_flexcan.c:363:6:FLEXCAN_IsInstanceHasFDMode	16	static
D:/PROJECT/XpressoSDK/SDK_2_14_0_MIMX9352xxxxK/devices/MIMX9352/drivers/fsl_flexcan.c:396:10:FLEXCAN_GetInstance	24	static
D:/PROJECT/XpressoSDK/SDK_2_14_0_MIMX9352xxxxK/devices/MIMX9352/drivers/fsl_flexcan.c:552:6:FLEXCAN_EnterFreezeMode	16	static
D:/PROJECT/XpressoSDK/SDK_2_14_0_MIMX9352xxxxK/devices/MIMX9352/drivers/fsl_flexcan.c:570:6:FLEXCAN_ExitFreezeMode	16	static
D:/PROJECT/XpressoSDK/SDK_2_14_0_MIMX9352xxxxK/devices/MIMX9352/drivers/fsl_flexcan.c:598:13:FLEXCAN_IsMbOccupied	24	static
D:/PROJECT/XpressoSDK/SDK_2_14_0_MIMX9352xxxxK/devices/MIMX9352/drivers/fsl_flexcan.c:674:13:FLEXCAN_Reset	24	static
D:/PROJECT/XpressoSDK/SDK_2_14_0_MIMX9352xxxxK/devices/MIMX9352/drivers/fsl_flexcan.c:764:10:FLEXCAN_SetBitRate	40	static
D:/PROJECT/XpressoSDK/SDK_2_14_0_MIMX9352xxxxK/devices/MIMX9352/drivers/fsl_flexcan.c:791:10:FLEXCAN_SetFDBitRate	48	static
D:/PROJECT/XpressoSDK/SDK_2_14_0_MIMX9352xxxxK/devices/MIMX9352/drivers/fsl_flexcan.c:831:6:FLEXCAN_Init	64	static
D:/PROJECT/XpressoSDK/SDK_2_14_0_MIMX9352xxxxK/devices/MIMX9352/drivers/fsl_flexcan.c:1027:6:FLEXCAN_FDInit	56	static
D:/PROJECT/XpressoSDK/SDK_2_14_0_MIMX9352xxxxK/devices/MIMX9352/drivers/fsl_flexcan.c:1160:6:FLEXCAN_Deinit	24	static
D:/PROJECT/XpressoSDK/SDK_2_14_0_MIMX9352xxxxK/devices/MIMX9352/drivers/fsl_flexcan.c:1205:6:FLEXCAN_GetDefaultConfig	16	static
D:/PROJECT/XpressoSDK/SDK_2_14_0_MIMX9352xxxxK/devices/MIMX9352/drivers/fsl_flexcan.c:1378:6:FLEXCAN_SetTimingConfig	16	static
D:/PROJECT/XpressoSDK/SDK_2_14_0_MIMX9352xxxxK/devices/MIMX9352/drivers/fsl_flexcan.c:1457:6:FLEXCAN_SetFDTimingConfig	16	static
D:/PROJECT/XpressoSDK/SDK_2_14_0_MIMX9352xxxxK/devices/MIMX9352/drivers/fsl_flexcan.c:1504:6:FLEXCAN_SetRxMbGlobalMask	16	static
D:/PROJECT/XpressoSDK/SDK_2_14_0_MIMX9352xxxxK/devices/MIMX9352/drivers/fsl_flexcan.c:1526:6:FLEXCAN_SetRxFifoGlobalMask	16	static
D:/PROJECT/XpressoSDK/SDK_2_14_0_MIMX9352xxxxK/devices/MIMX9352/drivers/fsl_flexcan.c:1552:6:FLEXCAN_SetRxIndividualMask	24	static
D:/PROJECT/XpressoSDK/SDK_2_14_0_MIMX9352xxxxK/devices/MIMX9352/drivers/fsl_flexcan.c:1578:6:FLEXCAN_SetTxMbConfig	16	static
D:/PROJECT/XpressoSDK/SDK_2_14_0_MIMX9352xxxxK/devices/MIMX9352/drivers/fsl_flexcan.c:1612:13:FLEXCAN_GetSegments	40	static
D:/PROJECT/XpressoSDK/SDK_2_14_0_MIMX9352xxxxK/devices/MIMX9352/drivers/fsl_flexcan.c:1736:6:FLEXCAN_CalculateImprovedTimingValues	64	static
D:/PROJECT/XpressoSDK/SDK_2_14_0_MIMX9352xxxxK/devices/MIMX9352/drivers/fsl_flexcan.c:1830:17:FLEXCAN_GetFDMailboxOffset	24	static
D:/PROJECT/XpressoSDK/SDK_2_14_0_MIMX9352xxxxK/devices/MIMX9352/drivers/fsl_flexcan.c:1866:13:FLEXCAN_FDGetSegments	48	static
D:/PROJECT/XpressoSDK/SDK_2_14_0_MIMX9352xxxxK/devices/MIMX9352/drivers/fsl_flexcan.c:1964:13:FLEXCAN_CalculateImprovedNominalTimingValues	72	static
D:/PROJECT/XpressoSDK/SDK_2_14_0_MIMX9352xxxxK/devices/MIMX9352/drivers/fsl_flexcan.c:2075:6:FLEXCAN_FDCalculateImprovedTimingValues	48	static
D:/PROJECT/XpressoSDK/SDK_2_14_0_MIMX9352xxxxK/devices/MIMX9352/drivers/fsl_flexcan.c:2177:6:FLEXCAN_SetFDTxMbConfig	32	static
D:/PROJECT/XpressoSDK/SDK_2_14_0_MIMX9352xxxxK/devices/MIMX9352/drivers/fsl_flexcan.c:2242:6:FLEXCAN_SetRxMbConfig	32	static
D:/PROJECT/XpressoSDK/SDK_2_14_0_MIMX9352xxxxK/devices/MIMX9352/drivers/fsl_flexcan.c:2298:6:FLEXCAN_SetFDRxMbConfig	48	static
D:/PROJECT/XpressoSDK/SDK_2_14_0_MIMX9352xxxxK/devices/MIMX9352/drivers/fsl_flexcan.c:2364:6:FLEXCAN_SetRxFifoConfig	40	static
D:/PROJECT/XpressoSDK/SDK_2_14_0_MIMX9352xxxxK/devices/MIMX9352/drivers/fsl_flexcan.c:2492:6:FLEXCAN_SetEnhancedRxFifoConfig	32	static
D:/PROJECT/XpressoSDK/SDK_2_14_0_MIMX9352xxxxK/devices/MIMX9352/drivers/fsl_flexcan.c:2560:6:FLEXCAN_EnableRxFifoDMA	16	static
D:/PROJECT/XpressoSDK/SDK_2_14_0_MIMX9352xxxxK/devices/MIMX9352/drivers/fsl_flexcan.c:2596:6:FLEXCAN_GetMemoryErrorReportStatus	24	static
D:/PROJECT/XpressoSDK/SDK_2_14_0_MIMX9352xxxxK/devices/MIMX9352/drivers/fsl_flexcan.c:2733:10:FLEXCAN_WriteTxMb	32	static
D:/PROJECT/XpressoSDK/SDK_2_14_0_MIMX9352xxxxK/devices/MIMX9352/drivers/fsl_flexcan.c:2810:10:FLEXCAN_WriteFDTxMb	56	static
D:/PROJECT/XpressoSDK/SDK_2_14_0_MIMX9352xxxxK/devices/MIMX9352/drivers/fsl_flexcan.c:2905:10:FLEXCAN_ReadRxMb	40	static
D:/PROJECT/XpressoSDK/SDK_2_14_0_MIMX9352xxxxK/devices/MIMX9352/drivers/fsl_flexcan.c:2986:10:FLEXCAN_ReadFDRxMb	56	static
D:/PROJECT/XpressoSDK/SDK_2_14_0_MIMX9352xxxxK/devices/MIMX9352/drivers/fsl_flexcan.c:3086:10:FLEXCAN_ReadRxFifo	24	static
D:/PROJECT/XpressoSDK/SDK_2_14_0_MIMX9352xxxxK/devices/MIMX9352/drivers/fsl_flexcan.c:3149:10:FLEXCAN_ReadEnhancedRxFifo	32	static
D:/PROJECT/XpressoSDK/SDK_2_14_0_MIMX9352xxxxK/devices/MIMX9352/drivers/fsl_flexcan.c:3196:10:FLEXCAN_TransferSendBlocking	72	static
D:/PROJECT/XpressoSDK/SDK_2_14_0_MIMX9352xxxxK/devices/MIMX9352/drivers/fsl_flexcan.c:3256:10:FLEXCAN_TransferReceiveBlocking	64	static
D:/PROJECT/XpressoSDK/SDK_2_14_0_MIMX9352xxxxK/devices/MIMX9352/drivers/fsl_flexcan.c:3302:10:FLEXCAN_TransferFDSendBlocking	80	static
D:/PROJECT/XpressoSDK/SDK_2_14_0_MIMX9352xxxxK/devices/MIMX9352/drivers/fsl_flexcan.c:3363:10:FLEXCAN_TransferFDReceiveBlocking	64	static
D:/PROJECT/XpressoSDK/SDK_2_14_0_MIMX9352xxxxK/devices/MIMX9352/drivers/fsl_flexcan.c:3408:10:FLEXCAN_TransferReceiveFifoBlocking	24	static
D:/PROJECT/XpressoSDK/SDK_2_14_0_MIMX9352xxxxK/devices/MIMX9352/drivers/fsl_flexcan.c:3437:10:FLEXCAN_TransferReceiveEnhancedFifoBlocking	32	static
D:/PROJECT/XpressoSDK/SDK_2_14_0_MIMX9352xxxxK/devices/MIMX9352/drivers/fsl_flexcan.c:3465:6:FLEXCAN_TransferCreateHandle	32	static
D:/PROJECT/XpressoSDK/SDK_2_14_0_MIMX9352xxxxK/devices/MIMX9352/drivers/fsl_flexcan.c:3550:10:FLEXCAN_TransferSendNonBlocking	56	static
D:/PROJECT/XpressoSDK/SDK_2_14_0_MIMX9352xxxxK/devices/MIMX9352/drivers/fsl_flexcan.c:3621:10:FLEXCAN_TransferReceiveNonBlocking	56	static
D:/PROJECT/XpressoSDK/SDK_2_14_0_MIMX9352xxxxK/devices/MIMX9352/drivers/fsl_flexcan.c:3681:10:FLEXCAN_TransferFDSendNonBlocking	56	static
D:/PROJECT/XpressoSDK/SDK_2_14_0_MIMX9352xxxxK/devices/MIMX9352/drivers/fsl_flexcan.c:3753:10:FLEXCAN_TransferFDReceiveNonBlocking	56	static
D:/PROJECT/XpressoSDK/SDK_2_14_0_MIMX9352xxxxK/devices/MIMX9352/drivers/fsl_flexcan.c:3812:10:FLEXCAN_TransferReceiveFifoNonBlocking	40	static
D:/PROJECT/XpressoSDK/SDK_2_14_0_MIMX9352xxxxK/devices/MIMX9352/drivers/fsl_flexcan.c:3862:10:FLEXCAN_TransferGetReceiveFifoCount	32	static
D:/PROJECT/XpressoSDK/SDK_2_14_0_MIMX9352xxxxK/devices/MIMX9352/drivers/fsl_flexcan.c:3893:10:FLEXCAN_TransferReceiveEnhancedFifoNonBlocking	64	static
D:/PROJECT/XpressoSDK/SDK_2_14_0_MIMX9352xxxxK/devices/MIMX9352/drivers/fsl_flexcan.c:3949:6:FLEXCAN_TransferAbortSend	56	static
D:/PROJECT/XpressoSDK/SDK_2_14_0_MIMX9352xxxxK/devices/MIMX9352/drivers/fsl_flexcan.c:3995:6:FLEXCAN_TransferFDAbortSend	64	static
D:/PROJECT/XpressoSDK/SDK_2_14_0_MIMX9352xxxxK/devices/MIMX9352/drivers/fsl_flexcan.c:4045:6:FLEXCAN_TransferFDAbortReceive	48	static
D:/PROJECT/XpressoSDK/SDK_2_14_0_MIMX9352xxxxK/devices/MIMX9352/drivers/fsl_flexcan.c:4085:6:FLEXCAN_TransferAbortReceive	48	static
D:/PROJECT/XpressoSDK/SDK_2_14_0_MIMX9352xxxxK/devices/MIMX9352/drivers/fsl_flexcan.c:4123:6:FLEXCAN_TransferAbortReceiveFifo	16	static
D:/PROJECT/XpressoSDK/SDK_2_14_0_MIMX9352xxxxK/devices/MIMX9352/drivers/fsl_flexcan.c:4154:6:FLEXCAN_TransferAbortReceiveEnhancedFifo	16	static
D:/PROJECT/XpressoSDK/SDK_2_14_0_MIMX9352xxxxK/devices/MIMX9352/drivers/fsl_flexcan.c:4197:10:FLEXCAN_GetTimeStamp	16	static
D:/PROJECT/XpressoSDK/SDK_2_14_0_MIMX9352xxxxK/devices/MIMX9352/drivers/fsl_flexcan.c:4211:13:FLEXCAN_CheckUnhandleInterruptEvents	128	static
D:/PROJECT/XpressoSDK/SDK_2_14_0_MIMX9352xxxxK/devices/MIMX9352/drivers/fsl_flexcan.c:4269:17:FLEXCAN_SubHandlerForLegacyRxFIFO	40	static
D:/PROJECT/XpressoSDK/SDK_2_14_0_MIMX9352xxxxK/devices/MIMX9352/drivers/fsl_flexcan.c:4378:17:FLEXCAN_SubHandlerForMB	32	static
D:/PROJECT/XpressoSDK/SDK_2_14_0_MIMX9352xxxxK/devices/MIMX9352/drivers/fsl_flexcan.c:4474:17:FLEXCAN_SubHandlerForDataTransfered	80	static
D:/PROJECT/XpressoSDK/SDK_2_14_0_MIMX9352xxxxK/devices/MIMX9352/drivers/fsl_flexcan.c:4576:17:FLEXCAN_SubHandlerForEhancedRxFifo	56	static
D:/PROJECT/XpressoSDK/SDK_2_14_0_MIMX9352xxxxK/devices/MIMX9352/drivers/fsl_flexcan.c:4677:6:FLEXCAN_TransferHandleIRQ	88	static
D:/PROJECT/XpressoSDK/SDK_2_14_0_MIMX9352xxxxK/devices/MIMX9352/drivers/fsl_flexcan.c:4742:6:CAN1_DriverIRQHandler	8	static
D:/PROJECT/XpressoSDK/SDK_2_14_0_MIMX9352xxxxK/devices/MIMX9352/drivers/fsl_flexcan.c:4753:6:CAN2_DriverIRQHandler	8	static
