D:/anh_khoa/document/project/nxp_mcux/workspace/space_liin_tech/satelite_exp_imx93/00_sdk/SDK_2_14_0_MIMX9352xxxxK/devices/MIMX9352/drivers/fsl_clock.h:1316:20:CLOCK_ControlGate	16	static
D:/anh_khoa/document/project/nxp_mcux/workspace/space_liin_tech/satelite_exp_imx93/00_sdk/SDK_2_14_0_MIMX9352xxxxK/devices/MIMX9352/drivers/fsl_clock.h:1329:20:CLOCK_EnableClock	16	static
D:/anh_khoa/document/project/baobuibk-SpaceLiin_Satellite_M33_FW_1.1.0/SRC/Core/Src/main.c:27:5:main	8	static
D:/anh_khoa/document/project/baobuibk-SpaceLiin_Satellite_M33_FW_1.1.0/SRC/Core/Src/main.c:99:13:IMX_MU_Init	8	static
