D:/anh_khoa/document/project/nxp_mcux/workspace/space_liin_tech/satelite_exp_imx93/00_sdk/SDK_2_14_0_MIMX9352xxxxK/devices/MIMX9352/drivers/fsl_lptmr.h:270:20:LPTMR_ClearStatusFlags	16	static
D:/anh_khoa/document/project/baobuibk-SpaceLiin_Satellite_M33_FW_1.1.0/SRC/Core/Src/MIMX9352cm33_it.c:11:6:NMI_Handler	4	static
D:/anh_khoa/document/project/baobuibk-SpaceLiin_Satellite_M33_FW_1.1.0/SRC/Core/Src/MIMX9352cm33_it.c:21:6:HardFault_Handler	8	static
D:/anh_khoa/document/project/baobuibk-SpaceLiin_Satellite_M33_FW_1.1.0/SRC/Core/Src/MIMX9352cm33_it.c:32:6:MemManage_Handler	8	static
D:/anh_khoa/document/project/baobuibk-SpaceLiin_Satellite_M33_FW_1.1.0/SRC/Core/Src/MIMX9352cm33_it.c:43:6:BusFault_Handler	4	static
D:/anh_khoa/document/project/baobuibk-SpaceLiin_Satellite_M33_FW_1.1.0/SRC/Core/Src/MIMX9352cm33_it.c:53:6:UsageFault_Handler	4	static
D:/anh_khoa/document/project/baobuibk-SpaceLiin_Satellite_M33_FW_1.1.0/SRC/Core/Src/MIMX9352cm33_it.c:63:6:DebugMon_Handler	4	static
D:/anh_khoa/document/project/baobuibk-SpaceLiin_Satellite_M33_FW_1.1.0/SRC/Core/Src/MIMX9352cm33_it.c:73:6:LPTMR1_IRQHandler	8	static
